Archive member included to satisfy reference by file (symbol)

d:/mounriver_studio2/resources/app/resources/win32/components/wch/toolchain/risc-v embedded gcc/bin/../lib/gcc/riscv-none-embed/8.2.0/rv32imacxw/ilp32\libgcc.a(save-restore.o)
                              ./FreeRTOS/timers.o (__riscv_save_10)
d:/mounriver_studio2/resources/app/resources/win32/components/wch/toolchain/risc-v embedded gcc/bin/../lib/gcc/riscv-none-embed/8.2.0/../../../../riscv-none-embed/lib/rv32imacxw/ilp32\libg_nano.a(lib_a-memcpy.o)
                              ./User/UART.o (memcpy)
d:/mounriver_studio2/resources/app/resources/win32/components/wch/toolchain/risc-v embedded gcc/bin/../lib/gcc/riscv-none-embed/8.2.0/../../../../riscv-none-embed/lib/rv32imacxw/ilp32\libg_nano.a(lib_a-memset.o)
                              ./User/CAN.o (memset)
d:/mounriver_studio2/resources/app/resources/win32/components/wch/toolchain/risc-v embedded gcc/bin/../lib/gcc/riscv-none-embed/8.2.0/../../../../riscv-none-embed/lib/rv32imacxw/ilp32\libg_nano.a(lib_a-printf.o)
                              ./User/main.o (printf)
d:/mounriver_studio2/resources/app/resources/win32/components/wch/toolchain/risc-v embedded gcc/bin/../lib/gcc/riscv-none-embed/8.2.0/../../../../riscv-none-embed/lib/rv32imacxw/ilp32\libg_nano.a(lib_a-putchar.o)
                              ./User/main.o (putchar)
d:/mounriver_studio2/resources/app/resources/win32/components/wch/toolchain/risc-v embedded gcc/bin/../lib/gcc/riscv-none-embed/8.2.0/../../../../riscv-none-embed/lib/rv32imacxw/ilp32\libg_nano.a(lib_a-puts.o)
                              ./User/main.o (puts)
d:/mounriver_studio2/resources/app/resources/win32/components/wch/toolchain/risc-v embedded gcc/bin/../lib/gcc/riscv-none-embed/8.2.0/../../../../riscv-none-embed/lib/rv32imacxw/ilp32\libg_nano.a(lib_a-strlen.o)
                              ./FreeRTOS/tasks.o (strlen)
d:/mounriver_studio2/resources/app/resources/win32/components/wch/toolchain/risc-v embedded gcc/bin/../lib/gcc/riscv-none-embed/8.2.0/../../../../riscv-none-embed/lib/rv32imacxw/ilp32\libg_nano.a(lib_a-wbuf.o)
                              d:/mounriver_studio2/resources/app/resources/win32/components/wch/toolchain/risc-v embedded gcc/bin/../lib/gcc/riscv-none-embed/8.2.0/../../../../riscv-none-embed/lib/rv32imacxw/ilp32\libg_nano.a(lib_a-puts.o) (__swbuf_r)
d:/mounriver_studio2/resources/app/resources/win32/components/wch/toolchain/risc-v embedded gcc/bin/../lib/gcc/riscv-none-embed/8.2.0/../../../../riscv-none-embed/lib/rv32imacxw/ilp32\libg_nano.a(lib_a-wsetup.o)
                              d:/mounriver_studio2/resources/app/resources/win32/components/wch/toolchain/risc-v embedded gcc/bin/../lib/gcc/riscv-none-embed/8.2.0/../../../../riscv-none-embed/lib/rv32imacxw/ilp32\libg_nano.a(lib_a-puts.o) (__swsetup_r)
d:/mounriver_studio2/resources/app/resources/win32/components/wch/toolchain/risc-v embedded gcc/bin/../lib/gcc/riscv-none-embed/8.2.0/../../../../riscv-none-embed/lib/rv32imacxw/ilp32\libg_nano.a(lib_a-fflush.o)
                              d:/mounriver_studio2/resources/app/resources/win32/components/wch/toolchain/risc-v embedded gcc/bin/../lib/gcc/riscv-none-embed/8.2.0/../../../../riscv-none-embed/lib/rv32imacxw/ilp32\libg_nano.a(lib_a-wbuf.o) (_fflush_r)
d:/mounriver_studio2/resources/app/resources/win32/components/wch/toolchain/risc-v embedded gcc/bin/../lib/gcc/riscv-none-embed/8.2.0/../../../../riscv-none-embed/lib/rv32imacxw/ilp32\libg_nano.a(lib_a-findfp.o)
                              d:/mounriver_studio2/resources/app/resources/win32/components/wch/toolchain/risc-v embedded gcc/bin/../lib/gcc/riscv-none-embed/8.2.0/../../../../riscv-none-embed/lib/rv32imacxw/ilp32\libg_nano.a(lib_a-printf.o) (__sinit)
d:/mounriver_studio2/resources/app/resources/win32/components/wch/toolchain/risc-v embedded gcc/bin/../lib/gcc/riscv-none-embed/8.2.0/../../../../riscv-none-embed/lib/rv32imacxw/ilp32\libg_nano.a(lib_a-fwalk.o)
                              d:/mounriver_studio2/resources/app/resources/win32/components/wch/toolchain/risc-v embedded gcc/bin/../lib/gcc/riscv-none-embed/8.2.0/../../../../riscv-none-embed/lib/rv32imacxw/ilp32\libg_nano.a(lib_a-findfp.o) (_fwalk)
d:/mounriver_studio2/resources/app/resources/win32/components/wch/toolchain/risc-v embedded gcc/bin/../lib/gcc/riscv-none-embed/8.2.0/../../../../riscv-none-embed/lib/rv32imacxw/ilp32\libg_nano.a(lib_a-impure.o)
                              d:/mounriver_studio2/resources/app/resources/win32/components/wch/toolchain/risc-v embedded gcc/bin/../lib/gcc/riscv-none-embed/8.2.0/../../../../riscv-none-embed/lib/rv32imacxw/ilp32\libg_nano.a(lib_a-fflush.o) (_global_impure_ptr)
d:/mounriver_studio2/resources/app/resources/win32/components/wch/toolchain/risc-v embedded gcc/bin/../lib/gcc/riscv-none-embed/8.2.0/../../../../riscv-none-embed/lib/rv32imacxw/ilp32\libg_nano.a(lib_a-makebuf.o)
[...]
Memory Configuration

Name             Origin             Length             Attributes
FLASH            0x0000000000000000 0x0000000000040000 xr
RAM              0x0000000020000000 0x0000000000010000 xrw
*default*        0x0000000000000000 0xffffffffffffffff

Linker script and memory map

LOAD ./User/CAN.o
LOAD ./User/UART.o
LOAD ./User/ch32v30x_it.o
LOAD ./User/main.o
LOAD ./User/myiic.o
LOAD ./User/sys.o
LOAD ./User/system_ch32v30x.o
LOAD ./Startup/startup_ch32v30x_D8C.o
LOAD ./Peripheral/src/ch32v30x_adc.o
LOAD ./Peripheral/src/ch32v30x_bkp.o
LOAD ./Peripheral/src/ch32v30x_can.o
LOAD ./Peripheral/src/ch32v30x_crc.o
LOAD ./Peripheral/src/ch32v30x_dac.o
LOAD ./Peripheral/src/ch32v30x_dbgmcu.o
LOAD ./Peripheral/src/ch32v30x_dma.o
LOAD ./Peripheral/src/ch32v30x_dvp.o
LOAD ./Peripheral/src/ch32v30x_eth.o
LOAD ./Peripheral/src/ch32v30x_exti.o
LOAD ./Peripheral/src/ch32v30x_flash.o
LOAD ./Peripheral/src/ch32v30x_fsmc.o
LOAD ./Peripheral/src/ch32v30x_gpio.o
LOAD ./Peripheral/src/ch32v30x_i2c.o
LOAD ./Peripheral/src/ch32v30x_iwdg.o
LOAD ./Peripheral/src/ch32v30x_misc.o
LOAD ./Peripheral/src/ch32v30x_opa.o
LOAD ./Peripheral/src/ch32v30x_pwr.o
LOAD ./Peripheral/src/ch32v30x_rcc.o
LOAD ./Peripheral/src/ch32v30x_rng.o
LOAD ./Peripheral/src/ch32v30x_rtc.o
LOAD ./Peripheral/src/ch32v30x_sdio.o
LOAD ./Peripheral/src/ch32v30x_spi.o
LOAD ./Peripheral/src/ch32v30x_tim.o
LOAD ./Peripheral/src/ch32v30x_usart.o
LOAD ./Peripheral/src/ch32v30x_wwdg.o
LOAD ./FreeRTOS/portable/MemMang/heap_4.o
LOAD ./FreeRTOS/portable/GCC/RISC-V/port.o
LOAD ./FreeRTOS/portable/GCC/RISC-V/portASM.o
LOAD ./FreeRTOS/croutine.o
LOAD ./FreeRTOS/event_groups.o
LOAD ./FreeRTOS/list.o
LOAD ./FreeRTOS/queue.o
LOAD ./FreeRTOS/stream_buffer.o
LOAD ./FreeRTOS/tasks.o
LOAD ./FreeRTOS/timers.o
LOAD ./Debug/debug.o
LOAD ./Core/core_riscv.o
LOAD d:/mounriver_studio2/resources/app/resources/win32/components/wch/toolchain/risc-v embedded gcc/bin/../lib/gcc/riscv-none-embed/8.2.0/../../../../riscv-none-embed/lib/rv32imacxw/ilp32\libm.a
LOAD d:/mounriver_studio2/resources/app/resources/win32/components/wch/toolchain/risc-v embedded gcc/bin/../lib/gcc/riscv-none-embed/8.2.0/rv32imacxw/ilp32\libgcc.a
LOAD d:/mounriver_studio2/resources/app/resources/win32/components/wch/toolchain/risc-v embedded gcc/bin/../lib/gcc/riscv-none-embed/8.2.0/../../../../riscv-none-embed/lib/rv32imacxw/ilp32\libg_nano.a
LOAD d:/mounriver_studio2/resources/app/resources/win32/components/wch/toolchain/risc-v embedded gcc/bin/../lib/gcc/riscv-none-embed/8.2.0/../../../../riscv-none-embed/lib/rv32imacxw/ilp32\libc_nano.a
LOAD d:/mounriver_studio2/resources/app/resources/win32/components/wch/toolchain/risc-v embedded gcc/bin/../lib/gcc/riscv-none-embed/8.2.0/rv32imacxw/ilp32\libgcc.a
START GROUP
LOAD d:/mounriver_studio2/resources/app/resources/win32/components/wch/toolchain/risc-v embedded gcc/bin/../lib/gcc/riscv-none-embed/8.2.0/rv32imacxw/ilp32\libgcc.a
LOAD d:/mounriver_studio2/resources/app/resources/win32/components/wch/toolchain/risc-v embedded gcc/bin/../lib/gcc/riscv-none-embed/8.2.0/../../../../riscv-none-embed/lib/rv32imacxw/ilp32\libc_nano.a
LOAD d:/mounriver_studio2/resources/app/resources/win32/components/wch/toolchain/risc-v embedded gcc/bin/../lib/gcc/riscv-none-embed/8.2.0/../../../../riscv-none-embed/lib/rv32imacxw/ilp32\libnosys.a
END GROUP
START GROUP
LOAD d:/mounriver_studio2/resources/app/resources/win32/components/wch/toolchain/risc-v embedded gcc/bin/../lib/gcc/riscv-none-embed/8.2.0/rv32imacxw/ilp32\libgcc.a
LOAD d:/mounriver_studio2/resources/app/resources/win32/components/wch/toolchain/risc-v embedded gcc/bin/../lib/gcc/riscv-none-embed/8.2.0/../../../../riscv-none-embed/lib/rv32imacxw/ilp32\libc_nano.a
LOAD d:/mounriver_studio2/resources/app/resources/win32/components/wch/toolchain/risc-v embedded gcc/bin/../lib/gcc/riscv-none-embed/8.2.0/../../../../riscv-none-embed/lib/rv32imacxw/ilp32\libnosys.a
END GROUP
                0x0000000000000800                __stack_size = 0x800
                [!provide]                        PROVIDE (_stack_size = __stack_size)

.init           0x0000000000000000        0x4
                0x0000000000000000                _sinit = .
                0x0000000000000000                . = ALIGN (0x4)
 *(SORT_NONE(.init))
 .init          0x0000000000000000        0x4 ./Startup/startup_ch32v30x_D8C.o
                0x0000000000000000                _start
                0x0000000000000004                . = ALIGN (0x4)
                0x0000000000000004                _einit = .

.vector         0x0000000000000004      0x1bc
 *(.vector)
 .vector        0x0000000000000004      0x1a0 ./Startup/startup_ch32v30x_D8C.o
                0x00000000000001c0                . = ALIGN (0x40)
 *fill*         0x00000000000001a4       0x1c 

.text           0x0000000000000200     0x4374
                0x0000000000000200                . = ALIGN (0x4)
 *(.text)
 .text          0x0000000000000200      0x2e6 ./FreeRTOS/portable/GCC/RISC-V/portASM.o
                0x0000000000000200                SW_Handler
                0x0000000000000300                xPortStartFirstTask
                0x0000000000000400                pxPortInitialiseStack
 .text          0x00000000000004e6       0x60 d:/mounriver_studio2/resources/app/resources/win32/components/wch/toolchain/risc-v embedded gcc/bin/../lib/gcc/riscv-none-embed/8.2.0/rv32imacxw/ilp32\libgcc.a(save-restore.o)
                0x00000000000004e6                __riscv_save_12
                0x00000000000004ee                __riscv_save_9
                0x00000000000004ee                __riscv_save_11
                0x00000000000004ee                __riscv_save_10
                0x00000000000004ee                __riscv_save_8
                0x00000000000004fc                __riscv_save_4
                0x00000000000004fc                __riscv_save_6
                0x00000000000004fc                __riscv_save_5
                0x00000000000004fc                __riscv_save_7
                0x0000000000000516                __riscv_save_3
                0x0000000000000516                __riscv_save_2
                0x0000000000000516                __riscv_save_1
                0x0000000000000516                __riscv_save_0
                0x0000000000000522                __riscv_restore_12
                0x0000000000000526                __riscv_restore_11
                0x0000000000000526                __riscv_restore_9
                0x0000000000000526                __riscv_restore_10
                0x0000000000000526                __riscv_restore_8
                0x0000000000000530                __riscv_restore_5
                0x0000000000000530                __riscv_restore_7
                0x0000000000000530                __riscv_restore_6
                0x0000000000000530                __riscv_restore_4
                0x000000000000053a                __riscv_restore_3
                0x000000000000053a                __riscv_restore_0
                0x000000000000053a                __riscv_restore_2
                0x000000000000053a                __riscv_restore_1
 .text          0x0000000000000546       0xa8 d:/mounriver_studio2/resources/app/resources/win32/components/wch/toolchain/risc-v embedded gcc/bin/../lib/gcc/riscv-none-embed/8.2.0/../../../../riscv-none-embed/lib/rv32imacxw/ilp32\libg_nano.a(lib_a-memset.o)
                0x0000000000000546                memset
 *(.text.*)
 .text.CAN_Mode_Init
                0x00000000000005ee       0xcc ./User/CAN.o
                0x00000000000005ee                CAN_Mode_Init
 .text.CAN_Send_Msg
                0x00000000000006ba       0x7c ./User/CAN.o
                0x00000000000006ba                CAN_Send_Msg
 .text.ring_buffer_push_huge
                0x0000000000000736       0x9a ./User/UART.o
 .text.USARTx_CFG
                0x00000000000007d0       0xa0 ./User/UART.o
                0x00000000000007d0                USARTx_CFG
 .text.DMA_INIT
                0x0000000000000870       0x9a ./User/UART.o
                0x0000000000000870                DMA_INIT
 .text.ring_buffer_pop
                0x000000000000090a       0x3e ./User/UART.o
                0x000000000000090a                ring_buffer_pop
 .text.USART1_IRQHandler
                0x0000000000000948       0x92 ./User/UART.o
                0x0000000000000948                USART1_IRQHandler
 .text.DMA1_Channel5_IRQHandler
                0x00000000000009da       0x6c ./User/UART.o
                0x00000000000009da                DMA1_Channel5_IRQHandler
 .text.NMI_Handler
                0x0000000000000a46        0x2 ./User/ch32v30x_it.o
                0x0000000000000a46                NMI_Handler
 .text.HardFault_Handler
                0x0000000000000a48       0x10 ./User/ch32v30x_it.o
                0x0000000000000a48                HardFault_Handler
 .text.UART_task
                0x0000000000000a58       0x44 ./User/main.o
                0x0000000000000a58                UART_task
 .text.CAN_task
                0x0000000000000a9c       0x96 ./User/main.o
                0x0000000000000a9c                CAN_task
 .text.startup.main
                0x0000000000000b32       0xb4 ./User/main.o
                0x0000000000000b32                main
 .text.SystemInit
                0x0000000000000be6       0xf8 ./User/system_ch32v30x.o
                0x0000000000000be6                SystemInit
 .text.SystemCoreClockUpdate
                0x0000000000000cde      0x12e ./User/system_ch32v30x.o
                0x0000000000000cde                SystemCoreClockUpdate
 .text.vector_handler
                0x0000000000000e0c        0x2 ./Startup/startup_ch32v30x_D8C.o
                0x0000000000000e0c                EXTI2_IRQHandler
                0x0000000000000e0c                TIM8_TRG_COM_IRQHandler
                0x0000000000000e0c                TIM8_CC_IRQHandler
                0x0000000000000e0c                UART8_IRQHandler
                0x0000000000000e0c                TIM1_CC_IRQHandler
                0x0000000000000e0c                TIM6_IRQHandler
                0x0000000000000e0c                PVD_IRQHandler
                0x0000000000000e0c                SDIO_IRQHandler
                0x0000000000000e0c                TIM9_BRK_IRQHandler
                0x0000000000000e0c                DMA2_Channel8_IRQHandler
                0x0000000000000e0c                CAN2_RX1_IRQHandler
                0x0000000000000e0c                EXTI3_IRQHandler
                0x0000000000000e0c                USBHS_IRQHandler
                0x0000000000000e0c                DMA2_Channel9_IRQHandler
                0x0000000000000e0c                TIM10_CC_IRQHandler
                0x0000000000000e0c                USBFS_IRQHandler
                0x0000000000000e0c                EXTI0_IRQHandler
                0x0000000000000e0c                I2C2_EV_IRQHandler
                0x0000000000000e0c                TIM10_TRG_COM_IRQHandler
                0x0000000000000e0c                CAN2_SCE_IRQHandler
                0x0000000000000e0c                ADC1_2_IRQHandler
                0x0000000000000e0c                Break_Point_Handler
                0x0000000000000e0c                SPI1_IRQHandler
                0x0000000000000e0c                TAMPER_IRQHandler
                0x0000000000000e0c                CAN2_RX0_IRQHandler
                0x0000000000000e0c                TIM8_UP_IRQHandler
                0x0000000000000e0c                Ecall_M_Mode_Handler
                0x0000000000000e0c                DMA2_Channel2_IRQHandler
                0x0000000000000e0c                DMA1_Channel4_IRQHandler
                0x0000000000000e0c                TIM9_UP_IRQHandler
                0x0000000000000e0c                USART3_IRQHandler
                0x0000000000000e0c                RTC_IRQHandler
                0x0000000000000e0c                DMA1_Channel7_IRQHandler
                0x0000000000000e0c                CAN1_RX1_IRQHandler
                0x0000000000000e0c                DVP_IRQHandler
                0x0000000000000e0c                UART5_IRQHandler
                0x0000000000000e0c                TIM4_IRQHandler
                0x0000000000000e0c                DMA2_Channel1_IRQHandler
                0x0000000000000e0c                I2C1_EV_IRQHandler
                0x0000000000000e0c                DMA1_Channel6_IRQHandler
                0x0000000000000e0c                UART4_IRQHandler
                0x0000000000000e0c                DMA2_Channel4_IRQHandler
                0x0000000000000e0c                TIM3_IRQHandler
                0x0000000000000e0c                RCC_IRQHandler
                0x0000000000000e0c                TIM1_TRG_COM_IRQHandler
                0x0000000000000e0c                DMA1_Channel1_IRQHandler
                0x0000000000000e0c                DMA2_Channel7_IRQHandler
                0x0000000000000e0c                EXTI15_10_IRQHandler
                0x0000000000000e0c                TIM7_IRQHandler
                0x0000000000000e0c                CAN2_TX_IRQHandler
                0x0000000000000e0c                TIM5_IRQHandler
                0x0000000000000e0c                EXTI9_5_IRQHandler
                0x0000000000000e0c                ETH_WKUP_IRQHandler
                0x0000000000000e0c                SPI2_IRQHandler
                0x0000000000000e0c                TIM10_BRK_IRQHandler
                0x0000000000000e0c                TIM9_CC_IRQHandler
                0x0000000000000e0c                DMA2_Channel5_IRQHandler
                0x0000000000000e0c                EXTI4_IRQHandler
                0x0000000000000e0c                USB_LP_CAN1_RX0_IRQHandler
                0x0000000000000e0c                RNG_IRQHandler
                0x0000000000000e0c                USB_HP_CAN1_TX_IRQHandler
                0x0000000000000e0c                DMA1_Channel3_IRQHandler
                0x0000000000000e0c                ETH_IRQHandler
                0x0000000000000e0c                TIM1_UP_IRQHandler
                0x0000000000000e0c                WWDG_IRQHandler
                0x0000000000000e0c                USBHSWakeup_IRQHandler
                0x0000000000000e0c                DMA2_Channel11_IRQHandler
                0x0000000000000e0c                Ecall_U_Mode_Handler
                0x0000000000000e0c                DMA2_Channel6_IRQHandler
                0x0000000000000e0c                TIM2_IRQHandler
                0x0000000000000e0c                TIM1_BRK_IRQHandler
                0x0000000000000e0c                DMA2_Channel10_IRQHandler
                0x0000000000000e0c                EXTI1_IRQHandler
                0x0000000000000e0c                RTCAlarm_IRQHandler
                0x0000000000000e0c                TIM10_UP_IRQHandler
                0x0000000000000e0c                TIM9_TRG_COM_IRQHandler
                0x0000000000000e0c                UART7_IRQHandler
                0x0000000000000e0c                USART2_IRQHandler
                0x0000000000000e0c                UART6_IRQHandler
                0x0000000000000e0c                I2C2_ER_IRQHandler
                0x0000000000000e0c                DMA1_Channel2_IRQHandler
                0x0000000000000e0c                TIM8_BRK_IRQHandler
                0x0000000000000e0c                CAN1_SCE_IRQHandler
                0x0000000000000e0c                FLASH_IRQHandler
                0x0000000000000e0c                SPI3_IRQHandler
                0x0000000000000e0c                I2C1_ER_IRQHandler
                0x0000000000000e0c                USBWakeUp_IRQHandler
                0x0000000000000e0c                DMA2_Channel3_IRQHandler
 .text.handle_reset
                0x0000000000000e0e       0x92 ./Startup/startup_ch32v30x_D8C.o
                0x0000000000000e0e                handle_reset
 .text.CAN_Init
                0x0000000000000ea0       0xe8 ./Peripheral/src/ch32v30x_can.o
                0x0000000000000ea0                CAN_Init
 .text.CAN_FilterInit
                0x0000000000000f88       0xee ./Peripheral/src/ch32v30x_can.o
                0x0000000000000f88                CAN_FilterInit
 .text.CAN_Transmit
                0x0000000000001076       0xbc ./Peripheral/src/ch32v30x_can.o
                0x0000000000001076                CAN_Transmit
 .text.CAN_TransmitStatus
                0x0000000000001132       0x62 ./Peripheral/src/ch32v30x_can.o
                0x0000000000001132                CAN_TransmitStatus
 .text.DBGMCU_GetCHIPID
                0x0000000000001194        0xa ./Peripheral/src/ch32v30x_dbgmcu.o
                0x0000000000001194                DBGMCU_GetCHIPID
 .text.DMA_DeInit
                0x000000000000119e      0x16c ./Peripheral/src/ch32v30x_dma.o
                0x000000000000119e                DMA_DeInit
 .text.DMA_Init
                0x000000000000130a       0x38 ./Peripheral/src/ch32v30x_dma.o
                0x000000000000130a                DMA_Init
 .text.DMA_Cmd  0x0000000000001342       0x14 ./Peripheral/src/ch32v30x_dma.o
                0x0000000000001342                DMA_Cmd
 .text.DMA_ITConfig
                0x0000000000001356       0x12 ./Peripheral/src/ch32v30x_dma.o
                0x0000000000001356                DMA_ITConfig
 .text.DMA_SetCurrDataCounter
                0x0000000000001368        0x4 ./Peripheral/src/ch32v30x_dma.o
                0x0000000000001368                DMA_SetCurrDataCounter
 .text.DMA_ClearFlag
                0x000000000000136c       0x2c ./Peripheral/src/ch32v30x_dma.o
                0x000000000000136c                DMA_ClearFlag
 .text.DMA_ClearITPendingBit
                0x0000000000001398        0xa ./Peripheral/src/ch32v30x_dma.o
                0x0000000000001398                DMA_ClearITPendingBit
 .text.GPIO_Init
                0x00000000000013a2       0xc0 ./Peripheral/src/ch32v30x_gpio.o
                0x00000000000013a2                GPIO_Init
 .text.GPIO_PinRemapConfig
                0x0000000000001462       0xd6 ./Peripheral/src/ch32v30x_gpio.o
                0x0000000000001462                GPIO_PinRemapConfig
 .text.NVIC_PriorityGroupConfig
                0x0000000000001538        0xa ./Peripheral/src/ch32v30x_misc.o
                0x0000000000001538                NVIC_PriorityGroupConfig
 .text.NVIC_Init
                0x0000000000001542       0x52 ./Peripheral/src/ch32v30x_misc.o
                0x0000000000001542                NVIC_Init
 .text.RCC_GetClocksFreq
                0x0000000000001594      0x176 ./Peripheral/src/ch32v30x_rcc.o
                0x0000000000001594                RCC_GetClocksFreq
 .text.RCC_AHBPeriphClockCmd
                0x000000000000170a       0x1e ./Peripheral/src/ch32v30x_rcc.o
                0x000000000000170a                RCC_AHBPeriphClockCmd
 .text.RCC_APB2PeriphClockCmd
                0x0000000000001728       0x1e ./Peripheral/src/ch32v30x_rcc.o
                0x0000000000001728                RCC_APB2PeriphClockCmd
 .text.RCC_APB1PeriphClockCmd
                0x0000000000001746       0x1e ./Peripheral/src/ch32v30x_rcc.o
                0x0000000000001746                RCC_APB1PeriphClockCmd
 .text.USART_Init
                0x0000000000001764       0x8e ./Peripheral/src/ch32v30x_usart.o
                0x0000000000001764                USART_Init
 .text.USART_Cmd
                0x00000000000017f2       0x16 ./Peripheral/src/ch32v30x_usart.o
                0x00000000000017f2                USART_Cmd
 .text.USART_ITConfig
                0x0000000000001808       0x36 ./Peripheral/src/ch32v30x_usart.o
                0x0000000000001808                USART_ITConfig
 .text.USART_DMACmd
                0x000000000000183e       0x12 ./Peripheral/src/ch32v30x_usart.o
                0x000000000000183e                USART_DMACmd
 .text.USART_SendData
                0x0000000000001850        0x8 ./Peripheral/src/ch32v30x_usart.o
                0x0000000000001850                USART_SendData
 .text.USART_ReceiveData
                0x0000000000001858        0x8 ./Peripheral/src/ch32v30x_usart.o
                0x0000000000001858                USART_ReceiveData
 .text.USART_GetFlagStatus
                0x0000000000001860        0xa ./Peripheral/src/ch32v30x_usart.o
                0x0000000000001860                USART_GetFlagStatus
 .text.USART_GetITStatus
                0x000000000000186a       0x3c ./Peripheral/src/ch32v30x_usart.o
                0x000000000000186a                USART_GetITStatus
 .text.prvInsertBlockIntoFreeList
                0x00000000000018a6       0x4c ./FreeRTOS/portable/MemMang/heap_4.o
 .text.pvPortMalloc
                0x00000000000018f2      0x18a ./FreeRTOS/portable/MemMang/heap_4.o
                0x00000000000018f2                pvPortMalloc
 .text.vPortFree
                0x0000000000001a7c       0xa6 ./FreeRTOS/portable/MemMang/heap_4.o
                0x0000000000001a7c                vPortFree
 .text.vPortSetupTimerInterrupt
                0x0000000000001b22       0x3e ./FreeRTOS/portable/GCC/RISC-V/port.o
                0x0000000000001b22                vPortSetupTimerInterrupt
 .text.xPortStartScheduler
                0x0000000000001b60       0x8e ./FreeRTOS/portable/GCC/RISC-V/port.o
                0x0000000000001b60                xPortStartScheduler
 .text.SysTick_Handler
                0x0000000000001bee       0x38 ./FreeRTOS/portable/GCC/RISC-V/port.o
                0x0000000000001bee                SysTick_Handler
 .text.vPortEnterCritical
                0x0000000000001c26       0x16 ./FreeRTOS/portable/GCC/RISC-V/port.o
                0x0000000000001c26                vPortEnterCritical
 .text.vPortExitCritical
                0x0000000000001c3c       0x42 ./FreeRTOS/portable/GCC/RISC-V/port.o
                0x0000000000001c3c                vPortExitCritical
 .text.vListInitialise
                0x0000000000001c7e       0x14 ./FreeRTOS/list.o
                0x0000000000001c7e                vListInitialise
 .text.vListInitialiseItem
                0x0000000000001c92        0x6 ./FreeRTOS/list.o
                0x0000000000001c92                vListInitialiseItem
 .text.vListInsert
                0x0000000000001c98       0x2e ./FreeRTOS/list.o
                0x0000000000001c98                vListInsert
 .text.uxListRemove
                0x0000000000001cc6       0x20 ./FreeRTOS/list.o
                0x0000000000001cc6                uxListRemove
 .text.prvIsQueueEmpty
                0x0000000000001ce6       0x1a ./FreeRTOS/queue.o
 .text.prvCopyDataFromQueue
                0x0000000000001d00       0x28 ./FreeRTOS/queue.o
 .text.prvUnlockQueue
                0x0000000000001d28       0x6e ./FreeRTOS/queue.o
 .text.xQueueGenericReset
                0x0000000000001d96       0xbc ./FreeRTOS/queue.o
                0x0000000000001d96                xQueueGenericReset
 .text.xQueueGenericCreate
                0x0000000000001e52       0x6a ./FreeRTOS/queue.o
                0x0000000000001e52                xQueueGenericCreate
 .text.xQueueReceive
                0x0000000000001ebc      0x146 ./FreeRTOS/queue.o
                0x0000000000001ebc                xQueueReceive
 .text.vQueueAddToRegistry
                0x0000000000002002       0x6c ./FreeRTOS/queue.o
                0x0000000000002002                vQueueAddToRegistry
 .text.vQueueWaitForMessageRestricted
                0x000000000000206e       0x56 ./FreeRTOS/queue.o
                0x000000000000206e                vQueueWaitForMessageRestricted
 .text.prvResetNextTaskUnblockTime
                0x00000000000020c4       0x24 ./FreeRTOS/tasks.o
 .text.prvAddCurrentTaskToDelayedList
                0x00000000000020e8       0xa2 ./FreeRTOS/tasks.o
 .text.prvIdleTask
                0x000000000000218a       0x52 ./FreeRTOS/tasks.o
 .text.xTaskCreate
                0x00000000000021dc      0x204 ./FreeRTOS/tasks.o
                0x00000000000021dc                xTaskCreate
 .text.vTaskStartScheduler
                0x00000000000023e0       0x90 ./FreeRTOS/tasks.o
                0x00000000000023e0                vTaskStartScheduler
 .text.vTaskSuspendAll
                0x0000000000002470       0x10 ./FreeRTOS/tasks.o
                0x0000000000002470                vTaskSuspendAll
 .text.xTaskGetTickCount
                0x0000000000002480        0xa ./FreeRTOS/tasks.o
                0x0000000000002480                xTaskGetTickCount
 .text.xTaskIncrementTick
                0x000000000000248a      0x1aa ./FreeRTOS/tasks.o
                0x000000000000248a                xTaskIncrementTick
 .text.xTaskResumeAll
                0x0000000000002634      0x166 ./FreeRTOS/tasks.o
                0x0000000000002634                xTaskResumeAll
 .text.vTaskDelay
                0x000000000000279a       0x62 ./FreeRTOS/tasks.o
                0x000000000000279a                vTaskDelay
 .text.vTaskSwitchContext
                0x00000000000027fc       0x9a ./FreeRTOS/tasks.o
                0x00000000000027fc                vTaskSwitchContext
 .text.vTaskPlaceOnEventList
                0x0000000000002896       0x48 ./FreeRTOS/tasks.o
                0x0000000000002896                vTaskPlaceOnEventList
 .text.vTaskPlaceOnEventListRestricted
                0x00000000000028de       0x76 ./FreeRTOS/tasks.o
                0x00000000000028de                vTaskPlaceOnEventListRestricted
 .text.xTaskRemoveFromEventList
                0x0000000000002954       0xea ./FreeRTOS/tasks.o
                0x0000000000002954                xTaskRemoveFromEventList
 .text.vTaskInternalSetTimeOutState
                0x0000000000002a3e       0x16 ./FreeRTOS/tasks.o
                0x0000000000002a3e                vTaskInternalSetTimeOutState
 .text.xTaskCheckForTimeOut
                0x0000000000002a54       0xc4 ./FreeRTOS/tasks.o
                0x0000000000002a54                xTaskCheckForTimeOut
 .text.vTaskMissedYield
                0x0000000000002b18        0xc ./FreeRTOS/tasks.o
                0x0000000000002b18                vTaskMissedYield
 .text.xTaskGetSchedulerState
                0x0000000000002b24       0x1c ./FreeRTOS/tasks.o
                0x0000000000002b24                xTaskGetSchedulerState
 .text.prvCheckForValidListAndQueue
                0x0000000000002b40       0x66 ./FreeRTOS/timers.o
 .text.prvInsertTimerInActiveList
                0x0000000000002ba6       0x46 ./FreeRTOS/timers.o
 .text.prvReloadTimer
                0x0000000000002bec       0x28 ./FreeRTOS/timers.o
 .text.prvProcessExpiredTimer
                0x0000000000002c14       0x44 ./FreeRTOS/timers.o
 .text.prvSwitchTimerLists
                0x0000000000002c58       0x2e ./FreeRTOS/timers.o
 .text.prvTimerTask
                0x0000000000002c86      0x18a ./FreeRTOS/timers.o
 .text.xTimerCreateTimerTask
                0x0000000000002e10       0x5c ./FreeRTOS/timers.o
                0x0000000000002e10                xTimerCreateTimerTask
 .text.Delay_Init
                0x0000000000002e6c       0x32 ./Debug/debug.o
                0x0000000000002e6c                Delay_Init
 .text.Delay_Ms
                0x0000000000002e9e       0x3a ./Debug/debug.o
                0x0000000000002e9e                Delay_Ms
 .text.USART_Printf_Init
                0x0000000000002ed8       0x5a ./Debug/debug.o
                0x0000000000002ed8                USART_Printf_Init
 .text._write   0x0000000000002f32       0x3e ./Debug/debug.o
                0x0000000000002f32                _write
 .text._sbrk    0x0000000000002f70       0x2a ./Debug/debug.o
                0x0000000000002f70                _sbrk
 .text.memcpy   0x0000000000002f9a       0xb2 d:/mounriver_studio2/resources/app/resources/win32/components/wch/toolchain/risc-v embedded gcc/bin/../lib/gcc/riscv-none-embed/8.2.0/../../../../riscv-none-embed/lib/rv32imacxw/ilp32\libg_nano.a(lib_a-memcpy.o)
                0x0000000000002f9a                memcpy
 .text.printf   0x000000000000304c       0x40 d:/mounriver_studio2/resources/app/resources/win32/components/wch/toolchain/risc-v embedded gcc/bin/../lib/gcc/riscv-none-embed/8.2.0/../../../../riscv-none-embed/lib/rv32imacxw/ilp32\libg_nano.a(lib_a-printf.o)
                0x000000000000304c                iprintf
                0x000000000000304c                printf
 .text.putchar  0x000000000000308c       0x2a d:/mounriver_studio2/resources/app/resources/win32/components/wch/toolchain/risc-v embedded gcc/bin/../lib/gcc/riscv-none-embed/8.2.0/../../../../riscv-none-embed/lib/rv32imacxw/ilp32\libg_nano.a(lib_a-putchar.o)
                0x000000000000308c                putchar
 .text._puts_r  0x00000000000030b6       0xd4 d:/mounriver_studio2/resources/app/resources/win32/components/wch/toolchain/risc-v embedded gcc/bin/../lib/gcc/riscv-none-embed/8.2.0/../../../../riscv-none-embed/lib/rv32imacxw/ilp32\libg_nano.a(lib_a-puts.o)
                0x00000000000030b6                _puts_r
 .text.puts     0x000000000000318a        0xa d:/mounriver_studio2/resources/app/resources/win32/components/wch/toolchain/risc-v embedded gcc/bin/../lib/gcc/riscv-none-embed/8.2.0/../../../../riscv-none-embed/lib/rv32imacxw/ilp32\libg_nano.a(lib_a-puts.o)
                0x000000000000318a                puts
 .text.__swbuf_r
                0x0000000000003194       0xbc d:/mounriver_studio2/resources/app/resources/win32/components/wch/toolchain/risc-v embedded gcc/bin/../lib/gcc/riscv-none-embed/8.2.0/../../../../riscv-none-embed/lib/rv32imacxw/ilp32\libg_nano.a(lib_a-wbuf.o)
                0x0000000000003194                __swbuf_r
 .text.__swsetup_r
                0x0000000000003250       0xfc d:/mounriver_studio2/resources/app/resources/win32/components/wch/toolchain/risc-v embedded gcc/bin/../lib/gcc/riscv-none-embed/8.2.0/../../../../riscv-none-embed/lib/rv32imacxw/ilp32\libg_nano.a(lib_a-wsetup.o)
                0x0000000000003250                __swsetup_r
 .text.__sflush_r
                0x000000000000334c      0x130 d:/mounriver_studio2/resources/app/resources/win32/components/wch/toolchain/risc-v embedded gcc/bin/../lib/gcc/riscv-none-embed/8.2.0/../../../../riscv-none-embed/lib/rv32imacxw/ilp32\libg_nano.a(lib_a-fflush.o)
                0x000000000000334c                __sflush_r
 .text._fflush_r
                0x000000000000347c       0x64 d:/mounriver_studio2/resources/app/resources/win32/components/wch/toolchain/risc-v embedded gcc/bin/../lib/gcc/riscv-none-embed/8.2.0/../../../../riscv-none-embed/lib/rv32imacxw/ilp32\libg_nano.a(lib_a-fflush.o)
                0x000000000000347c                _fflush_r
 .text.std      0x00000000000034e0       0x66 d:/mounriver_studio2/resources/app/resources/win32/components/wch/toolchain/risc-v embedded gcc/bin/../lib/gcc/riscv-none-embed/8.2.0/../../../../riscv-none-embed/lib/rv32imacxw/ilp32\libg_nano.a(lib_a-findfp.o)
 .text._cleanup_r
                0x0000000000003546        0xa d:/mounriver_studio2/resources/app/resources/win32/components/wch/toolchain/risc-v embedded gcc/bin/../lib/gcc/riscv-none-embed/8.2.0/../../../../riscv-none-embed/lib/rv32imacxw/ilp32\libg_nano.a(lib_a-findfp.o)
                0x0000000000003546                _cleanup_r
 .text.__sfmoreglue
                0x0000000000003550       0x46 d:/mounriver_studio2/resources/app/resources/win32/components/wch/toolchain/risc-v embedded gcc/bin/../lib/gcc/riscv-none-embed/8.2.0/../../../../riscv-none-embed/lib/rv32imacxw/ilp32\libg_nano.a(lib_a-findfp.o)
                0x0000000000003550                __sfmoreglue
 .text.__sinit  0x0000000000003596       0x66 d:/mounriver_studio2/resources/app/resources/win32/components/wch/toolchain/risc-v embedded gcc/bin/../lib/gcc/riscv-none-embed/8.2.0/../../../../riscv-none-embed/lib/rv32imacxw/ilp32\libg_nano.a(lib_a-findfp.o)
                0x0000000000003596                __sinit
 .text.__sfp    0x00000000000035fc       0x9c d:/mounriver_studio2/resources/app/resources/win32/components/wch/toolchain/risc-v embedded gcc/bin/../lib/gcc/riscv-none-embed/8.2.0/../../../../riscv-none-embed/lib/rv32imacxw/ilp32\libg_nano.a(lib_a-findfp.o)
                0x00000000000035fc                __sfp
 .text._fwalk_reent
                0x0000000000003698       0x6a d:/mounriver_studio2/resources/app/resources/win32/components/wch/toolchain/risc-v embedded gcc/bin/../lib/gcc/riscv-none-embed/8.2.0/../../../../riscv-none-embed/lib/rv32imacxw/ilp32\libg_nano.a(lib_a-fwalk.o)
                0x0000000000003698                _fwalk_reent
 .text.__swhatbuf_r
                0x0000000000003702       0x58 d:/mounriver_studio2/resources/app/resources/win32/components/wch/toolchain/risc-v embedded gcc/bin/../lib/gcc/riscv-none-embed/8.2.0/../../../../riscv-none-embed/lib/rv32imacxw/ilp32\libg_nano.a(lib_a-makebuf.o)
                0x0000000000003702                __swhatbuf_r
 .text.__smakebuf_r
                0x000000000000375a       0x90 d:/mounriver_studio2/resources/app/resources/win32/components/wch/toolchain/risc-v embedded gcc/bin/../lib/gcc/riscv-none-embed/8.2.0/../../../../riscv-none-embed/lib/rv32imacxw/ilp32\libg_nano.a(lib_a-makebuf.o)
                0x000000000000375a                __smakebuf_r
 .text._free_r  0x00000000000037ea       0xb0 d:/mounriver_studio2/resources/app/resources/win32/components/wch/toolchain/risc-v embedded gcc/bin/../lib/gcc/riscv-none-embed/8.2.0/../../../../riscv-none-embed/lib/rv32imacxw/ilp32\libg_nano.a(lib_a-nano-freer.o)
                0x00000000000037ea                _free_r
 .text._malloc_r
                0x000000000000389a       0xe8 d:/mounriver_studio2/resources/app/resources/win32/components/wch/toolchain/risc-v embedded gcc/bin/../lib/gcc/riscv-none-embed/8.2.0/../../../../riscv-none-embed/lib/rv32imacxw/ilp32\libg_nano.a(lib_a-nano-mallocr.o)
                0x000000000000389a                _malloc_r
 .text.__sfputc_r
                0x0000000000003982       0x28 d:/mounriver_studio2/resources/app/resources/win32/components/wch/toolchain/risc-v embedded gcc/bin/../lib/gcc/riscv-none-embed/8.2.0/../../../../riscv-none-embed/lib/rv32imacxw/ilp32\libg_nano.a(lib_a-nano-vfprintf.o)
 .text.__sfputs_r
                0x00000000000039aa       0x40 d:/mounriver_studio2/resources/app/resources/win32/components/wch/toolchain/risc-v embedded gcc/bin/../lib/gcc/riscv-none-embed/8.2.0/../../../../riscv-none-embed/lib/rv32imacxw/ilp32\libg_nano.a(lib_a-nano-vfprintf.o)
                0x00000000000039aa                __sfputs_r
 .text._vfprintf_r
                0x00000000000039ea      0x288 d:/mounriver_studio2/resources/app/resources/win32/components/wch/toolchain/risc-v embedded gcc/bin/../lib/gcc/riscv-none-embed/8.2.0/../../../../riscv-none-embed/lib/rv32imacxw/ilp32\libg_nano.a(lib_a-nano-vfprintf.o)
                0x00000000000039ea                _vfprintf_r
                0x00000000000039ea                _vfiprintf_r
 .text._printf_common
                0x0000000000003c72      0x10c d:/mounriver_studio2/resources/app/resources/win32/components/wch/toolchain/risc-v embedded gcc/bin/../lib/gcc/riscv-none-embed/8.2.0/../../../../riscv-none-embed/lib/rv32imacxw/ilp32\libg_nano.a(lib_a-nano-vfprintf_i.o)
                0x0000000000003c72                _printf_common
 .text._printf_i
                0x0000000000003d7e      0x2a2 d:/mounriver_studio2/resources/app/resources/win32/components/wch/toolchain/risc-v embedded gcc/bin/../lib/gcc/riscv-none-embed/8.2.0/../../../../riscv-none-embed/lib/rv32imacxw/ilp32\libg_nano.a(lib_a-nano-vfprintf_i.o)
                0x0000000000003d7e                _printf_i
 .text._putc_r  0x0000000000004020       0x84 d:/mounriver_studio2/resources/app/resources/win32/components/wch/toolchain/risc-v embedded gcc/bin/../lib/gcc/riscv-none-embed/8.2.0/../../../../riscv-none-embed/lib/rv32imacxw/ilp32\libg_nano.a(lib_a-putc.o)
                0x0000000000004020                _putc_r
 .text._sbrk_r  0x00000000000040a4       0x32 d:/mounriver_studio2/resources/app/resources/win32/components/wch/toolchain/risc-v embedded gcc/bin/../lib/gcc/riscv-none-embed/8.2.0/../../../../riscv-none-embed/lib/rv32imacxw/ilp32\libg_nano.a(lib_a-sbrkr.o)
                0x00000000000040a4                _sbrk_r
 .text.__sread  0x00000000000040d6       0x2c d:/mounriver_studio2/resources/app/resources/win32/components/wch/toolchain/risc-v embedded gcc/bin/../lib/gcc/riscv-none-embed/8.2.0/../../../../riscv-none-embed/lib/rv32imacxw/ilp32\libg_nano.a(lib_a-stdio.o)
                0x00000000000040d6                __sread
 .text.__swrite
                0x0000000000004102       0x48 d:/mounriver_studio2/resources/app/resources/win32/components/wch/toolchain/risc-v embedded gcc/bin/../lib/gcc/riscv-none-embed/8.2.0/../../../../riscv-none-embed/lib/rv32imacxw/ilp32\libg_nano.a(lib_a-stdio.o)
                0x0000000000004102                __swrite
 .text.__sseek  0x000000000000414a       0x30 d:/mounriver_studio2/resources/app/resources/win32/components/wch/toolchain/risc-v embedded gcc/bin/../lib/gcc/riscv-none-embed/8.2.0/../../../../riscv-none-embed/lib/rv32imacxw/ilp32\libg_nano.a(lib_a-stdio.o)
                0x000000000000414a                __sseek
 .text.__sclose
                0x000000000000417a        0x6 d:/mounriver_studio2/resources/app/resources/win32/components/wch/toolchain/risc-v embedded gcc/bin/../lib/gcc/riscv-none-embed/8.2.0/../../../../riscv-none-embed/lib/rv32imacxw/ilp32\libg_nano.a(lib_a-stdio.o)
                0x000000000000417a                __sclose
 .text._write_r
                0x0000000000004180       0x36 d:/mounriver_studio2/resources/app/resources/win32/components/wch/toolchain/risc-v embedded gcc/bin/../lib/gcc/riscv-none-embed/8.2.0/../../../../riscv-none-embed/lib/rv32imacxw/ilp32\libg_nano.a(lib_a-writer.o)
                0x0000000000004180                _write_r
 .text._close_r
                0x00000000000041b6       0x30 d:/mounriver_studio2/resources/app/resources/win32/components/wch/toolchain/risc-v embedded gcc/bin/../lib/gcc/riscv-none-embed/8.2.0/../../../../riscv-none-embed/lib/rv32imacxw/ilp32\libg_nano.a(lib_a-closer.o)
                0x00000000000041b6                _close_r
 .text._fstat_r
                0x00000000000041e6       0x32 d:/mounriver_studio2/resources/app/resources/win32/components/wch/toolchain/risc-v embedded gcc/bin/../lib/gcc/riscv-none-embed/8.2.0/../../../../riscv-none-embed/lib/rv32imacxw/ilp32\libg_nano.a(lib_a-fstatr.o)
                0x00000000000041e6                _fstat_r
 .text._isatty_r
                0x0000000000004218       0x30 d:/mounriver_studio2/resources/app/resources/win32/components/wch/toolchain/risc-v embedded gcc/bin/../lib/gcc/riscv-none-embed/8.2.0/../../../../riscv-none-embed/lib/rv32imacxw/ilp32\libg_nano.a(lib_a-isattyr.o)
                0x0000000000004218                _isatty_r
 .text._lseek_r
                0x0000000000004248       0x34 d:/mounriver_studio2/resources/app/resources/win32/components/wch/toolchain/risc-v embedded gcc/bin/../lib/gcc/riscv-none-embed/8.2.0/../../../../riscv-none-embed/lib/rv32imacxw/ilp32\libg_nano.a(lib_a-lseekr.o)
                0x0000000000004248                _lseek_r
 .text.memchr   0x000000000000427c       0x18 d:/mounriver_studio2/resources/app/resources/win32/components/wch/toolchain/risc-v embedded gcc/bin/../lib/gcc/riscv-none-embed/8.2.0/../../../../riscv-none-embed/lib/rv32imacxw/ilp32\libg_nano.a(lib_a-memchr.o)
                0x000000000000427c                memchr
 .text.__malloc_lock
                0x0000000000004294        0x2 d:/mounriver_studio2/resources/app/resources/win32/components/wch/toolchain/risc-v embedded gcc/bin/../lib/gcc/riscv-none-embed/8.2.0/../../../../riscv-none-embed/lib/rv32imacxw/ilp32\libg_nano.a(lib_a-mlock.o)
                0x0000000000004294                __malloc_lock
 .text.__malloc_unlock
                0x0000000000004296        0x2 d:/mounriver_studio2/resources/app/resources/win32/components/wch/toolchain/risc-v embedded gcc/bin/../lib/gcc/riscv-none-embed/8.2.0/../../../../riscv-none-embed/lib/rv32imacxw/ilp32\libg_nano.a(lib_a-mlock.o)
                0x0000000000004296                __malloc_unlock
 .text._read_r  0x0000000000004298       0x34 d:/mounriver_studio2/resources/app/resources/win32/components/wch/toolchain/risc-v embedded gcc/bin/../lib/gcc/riscv-none-embed/8.2.0/../../../../riscv-none-embed/lib/rv32imacxw/ilp32\libg_nano.a(lib_a-readr.o)
                0x0000000000004298                _read_r
 .text._close   0x00000000000042cc       0x10 d:/mounriver_studio2/resources/app/resources/win32/components/wch/toolchain/risc-v embedded gcc/bin/../lib/gcc/riscv-none-embed/8.2.0/../../../../riscv-none-embed/lib/rv32imacxw/ilp32\libnosys.a(close.o)
                0x00000000000042cc                _close
 .text._fstat   0x00000000000042dc       0x10 d:/mounriver_studio2/resources/app/resources/win32/components/wch/toolchain/risc-v embedded gcc/bin/../lib/gcc/riscv-none-embed/8.2.0/../../../../riscv-none-embed/lib/rv32imacxw/ilp32\libnosys.a(fstat.o)
                0x00000000000042dc                _fstat
 .text._isatty  0x00000000000042ec       0x10 d:/mounriver_studio2/resources/app/resources/win32/components/wch/toolchain/risc-v embedded gcc/bin/../lib/gcc/riscv-none-embed/8.2.0/../../../../riscv-none-embed/lib/rv32imacxw/ilp32\libnosys.a(isatty.o)
                0x00000000000042ec                _isatty
 .text._lseek   0x00000000000042fc       0x10 d:/mounriver_studio2/resources/app/resources/win32/components/wch/toolchain/risc-v embedded gcc/bin/../lib/gcc/riscv-none-embed/8.2.0/../../../../riscv-none-embed/lib/rv32imacxw/ilp32\libnosys.a(lseek.o)
                0x00000000000042fc                _lseek
 .text._read    0x000000000000430c       0x10 d:/mounriver_studio2/resources/app/resources/win32/components/wch/toolchain/risc-v embedded gcc/bin/../lib/gcc/riscv-none-embed/8.2.0/../../../../riscv-none-embed/lib/rv32imacxw/ilp32\libnosys.a(read.o)
                0x000000000000430c                _read
 *(.rodata)
 *(.rodata*)
 *fill*         0x000000000000431c        0x0 
 .rodata.CAN_task.str1.4
                0x000000000000431c       0x3f ./User/main.o
 *fill*         0x000000000000435b        0x1 
 .rodata.UART_task.str1.4
                0x000000000000435c       0x15 ./User/main.o
 *fill*         0x0000000000004371        0x3 
 .rodata.main.str1.4
                0x0000000000004374       0x72 ./User/main.o
 *fill*         0x00000000000043e6        0x2 
 .rodata.pvPortMalloc.str1.4
                0x00000000000043e8       0x49 ./FreeRTOS/portable/MemMang/heap_4.o
 *fill*         0x0000000000004431        0x3 
 .rodata.xPortStartScheduler.str1.4
                0x0000000000004434       0x27 ./FreeRTOS/portable/GCC/RISC-V/port.o
                                         0x49 (size before relaxing)
 *fill*         0x000000000000445b        0x1 
 .rodata.xQueueGenericReset.str1.4
                0x000000000000445c       0x14 ./FreeRTOS/queue.o
                                         0x35 (size before relaxing)
 .rodata.prvTaskIsTaskSuspended.str1.4
                0x0000000000004470       0x14 ./FreeRTOS/tasks.o
                                         0x35 (size before relaxing)
 .rodata.vTaskStartScheduler.str1.4
                0x0000000000004484        0x5 ./FreeRTOS/tasks.o
 *fill*         0x0000000000004489        0x3 
 .rodata.prvTimerTask
                0x000000000000448c       0x24 ./FreeRTOS/timers.o
 .rodata.prvCheckForValidListAndQueue.str1.4
                0x00000000000044b0        0x5 ./FreeRTOS/timers.o
 *fill*         0x00000000000044b5        0x3 
 .rodata.prvTimerTask.str1.4
                0x00000000000044b8       0x15 ./FreeRTOS/timers.o
                                         0x39 (size before relaxing)
 *fill*         0x00000000000044cd        0x3 
 .rodata.xTimerCreateTimerTask.str1.4
                0x00000000000044d0        0x8 ./FreeRTOS/timers.o
 .rodata.__sf_fake_stderr
                0x00000000000044d8       0x20 d:/mounriver_studio2/resources/app/resources/win32/components/wch/toolchain/risc-v embedded gcc/bin/../lib/gcc/riscv-none-embed/8.2.0/../../../../riscv-none-embed/lib/rv32imacxw/ilp32\libg_nano.a(lib_a-findfp.o)
                0x00000000000044d8                __sf_fake_stderr
 .rodata.__sf_fake_stdin
                0x00000000000044f8       0x20 d:/mounriver_studio2/resources/app/resources/win32/components/wch/toolchain/risc-v embedded gcc/bin/../lib/gcc/riscv-none-embed/8.2.0/../../../../riscv-none-embed/lib/rv32imacxw/ilp32\libg_nano.a(lib_a-findfp.o)
                0x00000000000044f8                __sf_fake_stdin
 .rodata.__sf_fake_stdout
                0x0000000000004518       0x20 d:/mounriver_studio2/resources/app/resources/win32/components/wch/toolchain/risc-v embedded gcc/bin/../lib/gcc/riscv-none-embed/8.2.0/../../../../riscv-none-embed/lib/rv32imacxw/ilp32\libg_nano.a(lib_a-findfp.o)
                0x0000000000004518                __sf_fake_stdout
 .rodata._vfprintf_r.str1.4
                0x0000000000004538       0x13 d:/mounriver_studio2/resources/app/resources/win32/components/wch/toolchain/risc-v embedded gcc/bin/../lib/gcc/riscv-none-embed/8.2.0/../../../../riscv-none-embed/lib/rv32imacxw/ilp32\libg_nano.a(lib_a-nano-vfprintf.o)
 *fill*         0x000000000000454b        0x1 
 .rodata._printf_i.str1.4
                0x000000000000454c       0x28 d:/mounriver_studio2/resources/app/resources/win32/components/wch/toolchain/risc-v embedded gcc/bin/../lib/gcc/riscv-none-embed/8.2.0/../../../../riscv-none-embed/lib/rv32imacxw/ilp32\libg_nano.a(lib_a-nano-vfprintf_i.o)
                                         0x25 (size before relaxing)
 *(.gnu.linkonce.t.*)
                0x0000000000004574                . = ALIGN (0x4)

.rela.dyn       0x0000000000004574        0x0
 .rela.init     0x0000000000004574        0x0 ./User/CAN.o
 .rela.vector   0x0000000000004574        0x0 ./User/CAN.o
 .rela.text.handle_reset
                0x0000000000004574        0x0 ./User/CAN.o
 .rela.text.xPortStartScheduler
                0x0000000000004574        0x0 ./User/CAN.o
 .rela.sdata2.xISRStackTop
                0x0000000000004574        0x0 ./User/CAN.o
 .rela.text._sbrk
                0x0000000000004574        0x0 ./User/CAN.o
 .rela.sdata.curbrk.5274
                0x0000000000004574        0x0 ./User/CAN.o
 .rela.text._vfprintf_r
                0x0000000000004574        0x0 ./User/CAN.o
 .rela.text._sbrk_r
                0x0000000000004574        0x0 ./User/CAN.o
 .rela.text._write_r
                0x0000000000004574        0x0 ./User/CAN.o
 .rela.text._close_r
                0x0000000000004574        0x0 ./User/CAN.o
 .rela.text._fstat_r
                0x0000000000004574        0x0 ./User/CAN.o
 .rela.text._isatty_r
                0x0000000000004574        0x0 ./User/CAN.o
 .rela.text._lseek_r
                0x0000000000004574        0x0 ./User/CAN.o
 .rela.text._read_r
                0x0000000000004574        0x0 ./User/CAN.o
 .rela.text._close
                0x0000000000004574        0x0 ./User/CAN.o
 .rela.text._fstat
                0x0000000000004574        0x0 ./User/CAN.o
 .rela.text._isatty
                0x0000000000004574        0x0 ./User/CAN.o
 .rela.text._lseek
                0x0000000000004574        0x0 ./User/CAN.o
 .rela.text._read
                0x0000000000004574        0x0 ./User/CAN.o

.fini           0x0000000000004574        0x0
 *(SORT_NONE(.fini))
                0x0000000000004574                . = ALIGN (0x4)
                [!provide]                        PROVIDE (_etext = .)
                [!provide]                        PROVIDE (_eitcm = .)

.preinit_array  0x0000000000004574        0x0
                [!provide]                        PROVIDE (__preinit_array_start = .)
 *(.preinit_array)
                [!provide]                        PROVIDE (__preinit_array_end = .)

.init_array     0x0000000000004574        0x0
                [!provide]                        PROVIDE (__init_array_start = .)
 *(SORT_BY_INIT_PRIORITY(.init_array.*) SORT_BY_INIT_PRIORITY(.ctors.*))
 *(.init_array EXCLUDE_FILE(*crtend?.o *crtend.o *crtbegin?.o *crtbegin.o) .ctors)
                [!provide]                        PROVIDE (__init_array_end = .)

.fini_array     0x0000000000004574        0x0
                [!provide]                        PROVIDE (__fini_array_start = .)
 *(SORT_BY_INIT_PRIORITY(.fini_array.*) SORT_BY_INIT_PRIORITY(.dtors.*))
 *(.fini_array EXCLUDE_FILE(*crtend?.o *crtend.o *crtbegin?.o *crtbegin.o) .dtors)
                [!provide]                        PROVIDE (__fini_array_end = .)

.ctors
 *crtbegin.o(.ctors)
 *crtbegin?.o(.ctors)
 *(EXCLUDE_FILE(*crtend?.o *crtend.o) .ctors)
 *(SORT_BY_NAME(.ctors.*))
 *(.ctors)

.dtors
 *crtbegin.o(.dtors)
 *crtbegin?.o(.dtors)
 *(EXCLUDE_FILE(*crtend?.o *crtend.o) .dtors)
 *(SORT_BY_NAME(.dtors.*))
 *(.dtors)

.dalign         0x0000000020000000        0x0 load address 0x0000000000004574
                0x0000000020000000                . = ALIGN (0x4)
                0x0000000020000000                PROVIDE (_data_vma = .)

.dlalign        0x0000000000004574        0x0
                0x0000000000004574                . = ALIGN (0x4)
                0x0000000000004574                PROVIDE (_data_lma = .)

.data           0x0000000020000000       0xa0 load address 0x0000000000004574
 *(.gnu.linkonce.r.*)
 *(.data .data.*)
 .data.AHBPrescTable
                0x0000000020000000       0x10 ./User/system_ch32v30x.o
                0x0000000020000000                AHBPrescTable
 .data.APBAHBPrescTable
                0x0000000020000010       0x10 ./Peripheral/src/ch32v30x_rcc.o
 .data.impure_data
                0x0000000020000020       0x60 d:/mounriver_studio2/resources/app/resources/win32/components/wch/toolchain/risc-v embedded gcc/bin/../lib/gcc/riscv-none-embed/8.2.0/../../../../riscv-none-embed/lib/rv32imacxw/ilp32\libg_nano.a(lib_a-impure.o)
 *(.gnu.linkonce.d.*)
                0x0000000020000080                . = ALIGN (0x8)
                0x0000000020000880                PROVIDE (__global_pointer$ = (. + 0x800))
 *(.sdata .sdata.*)
 .sdata.SystemCoreClock
                0x0000000020000080        0x4 ./User/system_ch32v30x.o
                0x0000000020000080                SystemCoreClock
 .sdata.ADCPrescTable
                0x0000000020000084        0x4 ./Peripheral/src/ch32v30x_rcc.o
 .sdata.uxCriticalNesting
                0x0000000020000088        0x4 ./FreeRTOS/portable/GCC/RISC-V/port.o
 .sdata.uxTopUsedPriority
                0x000000002000008c        0x4 ./FreeRTOS/tasks.o
                0x000000002000008c                uxTopUsedPriority
 .sdata.curbrk.5274
                0x0000000020000090        0x4 ./Debug/debug.o
 .sdata._impure_ptr
                0x0000000020000094        0x4 d:/mounriver_studio2/resources/app/resources/win32/components/wch/toolchain/risc-v embedded gcc/bin/../lib/gcc/riscv-none-embed/8.2.0/../../../../riscv-none-embed/lib/rv32imacxw/ilp32\libg_nano.a(lib_a-impure.o)
                0x0000000020000094                _impure_ptr
 *(.sdata2.*)
 .sdata2.xISRStackTop
                0x0000000020000098        0x4 ./FreeRTOS/portable/GCC/RISC-V/port.o
                0x0000000020000098                xISRStackTop
 .sdata2._global_impure_ptr
                0x000000002000009c        0x4 d:/mounriver_studio2/resources/app/resources/win32/components/wch/toolchain/risc-v embedded gcc/bin/../lib/gcc/riscv-none-embed/8.2.0/../../../../riscv-none-embed/lib/rv32imacxw/ilp32\libg_nano.a(lib_a-impure.o)
                0x000000002000009c                _global_impure_ptr
 *(.gnu.linkonce.s.*)
                0x00000000200000a0                . = ALIGN (0x8)
 *(.srodata.cst16)
 *(.srodata.cst8)
 *(.srodata.cst4)
 *(.srodata.cst2)
 *(.srodata .srodata.*)
                0x00000000200000a0                . = ALIGN (0x4)
                0x00000000200000a0                PROVIDE (_edata = .)

.bss            0x00000000200000a0     0x3790 load address 0x0000000000004614
                0x00000000200000a0                . = ALIGN (0x4)
                0x00000000200000a0                PROVIDE (_sbss = .)
 *(.sbss*)
 .sbss.CAN_Task_Handler
                0x00000000200000a0        0x4 ./User/main.o
                0x00000000200000a0                CAN_Task_Handler
 .sbss.UART_Task_Handler
                0x00000000200000a4        0x4 ./User/main.o
                0x00000000200000a4                UART_Task_Handler
 .sbss.NVIC_Priority_Group
                0x00000000200000a8        0x4 ./Peripheral/src/ch32v30x_misc.o
                0x00000000200000a8                NVIC_Priority_Group
 .sbss.pxEnd    0x00000000200000ac        0x4 ./FreeRTOS/portable/MemMang/heap_4.o
 .sbss.xBlockAllocatedBit
                0x00000000200000b0        0x4 ./FreeRTOS/portable/MemMang/heap_4.o
 .sbss.xFreeBytesRemaining
                0x00000000200000b4        0x4 ./FreeRTOS/portable/MemMang/heap_4.o
 .sbss.xMinimumEverFreeBytesRemaining
                0x00000000200000b8        0x4 ./FreeRTOS/portable/MemMang/heap_4.o
 .sbss.xNumberOfSuccessfulAllocations
                0x00000000200000bc        0x4 ./FreeRTOS/portable/MemMang/heap_4.o
 .sbss.xNumberOfSuccessfulFrees
                0x00000000200000c0        0x4 ./FreeRTOS/portable/MemMang/heap_4.o
 .sbss.xStart   0x00000000200000c4        0x8 ./FreeRTOS/portable/MemMang/heap_4.o
 .sbss.pxCurrentTCB
                0x00000000200000cc        0x4 ./FreeRTOS/tasks.o
                0x00000000200000cc                pxCurrentTCB
 .sbss.pxDelayedTaskList
                0x00000000200000d0        0x4 ./FreeRTOS/tasks.o
 .sbss.pxOverflowDelayedTaskList
                0x00000000200000d4        0x4 ./FreeRTOS/tasks.o
 .sbss.uxCurrentNumberOfTasks
                0x00000000200000d8        0x4 ./FreeRTOS/tasks.o
 .sbss.uxDeletedTasksWaitingCleanUp
                0x00000000200000dc        0x4 ./FreeRTOS/tasks.o
 .sbss.uxSchedulerSuspended
                0x00000000200000e0        0x4 ./FreeRTOS/tasks.o
 .sbss.uxTaskNumber
                0x00000000200000e4        0x4 ./FreeRTOS/tasks.o
 .sbss.uxTopReadyPriority
                0x00000000200000e8        0x4 ./FreeRTOS/tasks.o
 .sbss.xIdleTaskHandle
                0x00000000200000ec        0x4 ./FreeRTOS/tasks.o
 .sbss.xNextTaskUnblockTime
                0x00000000200000f0        0x4 ./FreeRTOS/tasks.o
 .sbss.xNumOfOverflows
                0x00000000200000f4        0x4 ./FreeRTOS/tasks.o
 .sbss.xPendedTicks
                0x00000000200000f8        0x4 ./FreeRTOS/tasks.o
 .sbss.xSchedulerRunning
                0x00000000200000fc        0x4 ./FreeRTOS/tasks.o
 .sbss.xTickCount
                0x0000000020000100        0x4 ./FreeRTOS/tasks.o
 .sbss.xYieldPending
                0x0000000020000104        0x4 ./FreeRTOS/tasks.o
 .sbss.pxCurrentTimerList
                0x0000000020000108        0x4 ./FreeRTOS/timers.o
 .sbss.pxOverflowTimerList
                0x000000002000010c        0x4 ./FreeRTOS/timers.o
 .sbss.xLastTime.6323
                0x0000000020000110        0x4 ./FreeRTOS/timers.o
 .sbss.xTimerQueue
                0x0000000020000114        0x4 ./FreeRTOS/timers.o
 .sbss.xTimerTaskHandle
                0x0000000020000118        0x4 ./FreeRTOS/timers.o
 .sbss.p_ms     0x000000002000011c        0x2 ./Debug/debug.o
 .sbss.p_us     0x000000002000011e        0x1 ./Debug/debug.o
 *fill*         0x000000002000011f        0x1 
 .sbss.__malloc_free_list
                0x0000000020000120        0x4 d:/mounriver_studio2/resources/app/resources/win32/components/wch/toolchain/risc-v embedded gcc/bin/../lib/gcc/riscv-none-embed/8.2.0/../../../../riscv-none-embed/lib/rv32imacxw/ilp32\libg_nano.a(lib_a-nano-mallocr.o)
                0x0000000020000120                __malloc_free_list
 .sbss.__malloc_sbrk_start
                0x0000000020000124        0x4 d:/mounriver_studio2/resources/app/resources/win32/components/wch/toolchain/risc-v embedded gcc/bin/../lib/gcc/riscv-none-embed/8.2.0/../../../../riscv-none-embed/lib/rv32imacxw/ilp32\libg_nano.a(lib_a-nano-mallocr.o)
                0x0000000020000124                __malloc_sbrk_start
 *(.gnu.linkonce.sb.*)
 *(.bss*)
 .bss.USART1_DMA_CTRL
                0x0000000020000128      0x101 ./User/UART.o
                0x0000000020000128                USART1_DMA_CTRL
 *fill*         0x0000000020000229        0x3 
 .bss.ring_buffer
                0x000000002000022c      0x406 ./User/UART.o
                0x000000002000022c                ring_buffer
 *fill*         0x0000000020000632        0x2 
 .bss.ucHeap    0x0000000020000634     0x3000 ./FreeRTOS/portable/MemMang/heap_4.o
 .bss.xQueueRegistry
                0x0000000020003634       0x40 ./FreeRTOS/queue.o
                0x0000000020003634                xQueueRegistry
 .bss.pxReadyTasksLists
                0x0000000020003674      0x12c ./FreeRTOS/tasks.o
 .bss.xDelayedTaskList1
                0x00000000200037a0       0x14 ./FreeRTOS/tasks.o
 .bss.xDelayedTaskList2
                0x00000000200037b4       0x14 ./FreeRTOS/tasks.o
 .bss.xPendingReadyList
                0x00000000200037c8       0x14 ./FreeRTOS/tasks.o
 .bss.xSuspendedTaskList
                0x00000000200037dc       0x14 ./FreeRTOS/tasks.o
 .bss.xTasksWaitingTermination
                0x00000000200037f0       0x14 ./FreeRTOS/tasks.o
 .bss.xActiveTimerList1
                0x0000000020003804       0x14 ./FreeRTOS/timers.o
 .bss.xActiveTimerList2
                0x0000000020003818       0x14 ./FreeRTOS/timers.o
 *(.gnu.linkonce.b.*)
 *(COMMON*)
 COMMON         0x000000002000382c        0x4 d:/mounriver_studio2/resources/app/resources/win32/components/wch/toolchain/risc-v embedded gcc/bin/../lib/gcc/riscv-none-embed/8.2.0/../../../../riscv-none-embed/lib/rv32imacxw/ilp32\libg_nano.a(lib_a-reent.o)
                0x000000002000382c                errno
                0x0000000020003830                . = ALIGN (0x4)
                0x0000000020003830                PROVIDE (_ebss = .)
                0x0000000020003830                PROVIDE (_end = _ebss)
                [!provide]                        PROVIDE (end = .)

.stack          0x000000002000f800      0x800
                0x000000002000f800                PROVIDE (_heap_end = .)
                0x000000002000f800                . = ALIGN (0x4)
                [!provide]                        PROVIDE (_susrstack = .)
                0x0000000020010000                . = (. + __stack_size)
 *fill*         0x000000002000f800      0x800 
                0x0000000020010000                PROVIDE (_eusrstack = .)
                0x0000000020010000                __freertos_irq_stack_top = .
OUTPUT(FreeRTOS.elf elf32-littleriscv)

.debug_info     0x0000000000000000    0x19326
 .debug_info    0x0000000000000000     0x128a ./User/CAN.o
 .debug_info    0x000000000000128a     0x161d ./User/UART.o
 .debug_info    0x00000000000028a7      0xbc0 ./User/ch32v30x_it.o
 .debug_info    0x0000000000003467      0xe3e ./User/main.o
 .debug_info    0x00000000000042a5      0xbb5 ./User/system_ch32v30x.o
 .debug_info    0x0000000000004e5a       0x22 ./Startup/startup_ch32v30x_D8C.o
 .debug_info    0x0000000000004e7c     0x1807 ./Peripheral/src/ch32v30x_can.o
 .debug_info    0x0000000000006683      0xa94 ./Peripheral/src/ch32v30x_dbgmcu.o
 .debug_info    0x0000000000007117      0xd16 ./Peripheral/src/ch32v30x_dma.o
 .debug_info    0x0000000000007e2d     0x12aa ./Peripheral/src/ch32v30x_gpio.o
 .debug_info    0x00000000000090d7      0xf60 ./Peripheral/src/ch32v30x_misc.o
 .debug_info    0x000000000000a037     0x158a ./Peripheral/src/ch32v30x_rcc.o
 .debug_info    0x000000000000b5c1     0x13cd ./Peripheral/src/ch32v30x_usart.o
 .debug_info    0x000000000000c98e      0xe5c ./FreeRTOS/portable/MemMang/heap_4.o
 .debug_info    0x000000000000d7ea     0x1169 ./FreeRTOS/portable/GCC/RISC-V/port.o
 .debug_info    0x000000000000e953       0x26 ./FreeRTOS/portable/GCC/RISC-V/portASM.o
 .debug_info    0x000000000000e979      0xb80 ./FreeRTOS/list.o
 .debug_info    0x000000000000f4f9     0x30e5 ./FreeRTOS/queue.o
 .debug_info    0x00000000000125de     0x3c8b ./FreeRTOS/tasks.o
 .debug_info    0x0000000000016269     0x2173 ./FreeRTOS/timers.o
 .debug_info    0x00000000000183dc      0xf4a ./Debug/debug.o

.debug_abbrev   0x0000000000000000     0x3ebb
 .debug_abbrev  0x0000000000000000      0x302 ./User/CAN.o
 .debug_abbrev  0x0000000000000302      0x35d ./User/UART.o
 .debug_abbrev  0x000000000000065f      0x22c ./User/ch32v30x_it.o
 .debug_abbrev  0x000000000000088b      0x2c9 ./User/main.o
 .debug_abbrev  0x0000000000000b54      0x2c0 ./User/system_ch32v30x.o
 .debug_abbrev  0x0000000000000e14       0x12 ./Startup/startup_ch32v30x_D8C.o
 .debug_abbrev  0x0000000000000e26      0x3eb ./Peripheral/src/ch32v30x_can.o
 .debug_abbrev  0x0000000000001211      0x2f7 ./Peripheral/src/ch32v30x_dbgmcu.o
 .debug_abbrev  0x0000000000001508      0x2fd ./Peripheral/src/ch32v30x_dma.o
 .debug_abbrev  0x0000000000001805      0x31a ./Peripheral/src/ch32v30x_gpio.o
 .debug_abbrev  0x0000000000001b1f      0x2e3 ./Peripheral/src/ch32v30x_misc.o
 .debug_abbrev  0x0000000000001e02      0x351 ./Peripheral/src/ch32v30x_rcc.o
 .debug_abbrev  0x0000000000002153      0x312 ./Peripheral/src/ch32v30x_usart.o
 .debug_abbrev  0x0000000000002465      0x36c ./FreeRTOS/portable/MemMang/heap_4.o
 .debug_abbrev  0x00000000000027d1      0x3ad ./FreeRTOS/portable/GCC/RISC-V/port.o
 .debug_abbrev  0x0000000000002b7e       0x14 ./FreeRTOS/portable/GCC/RISC-V/portASM.o
 .debug_abbrev  0x0000000000002b92      0x254 ./FreeRTOS/list.o
 .debug_abbrev  0x0000000000002de6      0x461 ./FreeRTOS/queue.o
 .debug_abbrev  0x0000000000003247      0x545 ./FreeRTOS/tasks.o
 .debug_abbrev  0x000000000000378c      0x43a ./FreeRTOS/timers.o
 .debug_abbrev  0x0000000000003bc6      0x2f5 ./Debug/debug.o

.debug_loc      0x0000000000000000     0x7d10
 .debug_loc     0x0000000000000000      0x1be ./User/CAN.o
 .debug_loc     0x00000000000001be       0xcd ./User/UART.o
 .debug_loc     0x000000000000028b       0xd8 ./User/main.o
 .debug_loc     0x0000000000000363      0x163 ./User/system_ch32v30x.o
 .debug_loc     0x00000000000004c6      0x999 ./Peripheral/src/ch32v30x_can.o
 .debug_loc     0x0000000000000e5f       0x7c ./Peripheral/src/ch32v30x_dbgmcu.o
 .debug_loc     0x0000000000000edb      0x19a ./Peripheral/src/ch32v30x_dma.o
 .debug_loc     0x0000000000001075      0x72b ./Peripheral/src/ch32v30x_gpio.o
 .debug_loc     0x00000000000017a0       0x47 ./Peripheral/src/ch32v30x_misc.o
 .debug_loc     0x00000000000017e7      0xadb ./Peripheral/src/ch32v30x_rcc.o
 .debug_loc     0x00000000000022c2      0x779 ./Peripheral/src/ch32v30x_usart.o
 .debug_loc     0x0000000000002a3b      0x330 ./FreeRTOS/portable/MemMang/heap_4.o
 .debug_loc     0x0000000000002d6b       0xad ./FreeRTOS/portable/GCC/RISC-V/port.o
 .debug_loc     0x0000000000002e18       0x94 ./FreeRTOS/list.o
 .debug_loc     0x0000000000002eac     0x1b0a ./FreeRTOS/queue.o
 .debug_loc     0x00000000000049b6     0x2386 ./FreeRTOS/tasks.o
 .debug_loc     0x0000000000006d3c      0xe5d ./FreeRTOS/timers.o
 .debug_loc     0x0000000000007b99      0x177 ./Debug/debug.o

.debug_aranges  0x0000000000000000      0xae0
 .debug_aranges
                0x0000000000000000       0x30 ./User/CAN.o
 .debug_aranges
                0x0000000000000030       0x48 ./User/UART.o
 .debug_aranges
                0x0000000000000078       0x28 ./User/ch32v30x_it.o
 .debug_aranges
                0x00000000000000a0       0x30 ./User/main.o
 .debug_aranges
                0x00000000000000d0       0x28 ./User/system_ch32v30x.o
 .debug_aranges
                0x00000000000000f8       0x30 ./Startup/startup_ch32v30x_D8C.o
 .debug_aranges
                0x0000000000000128       0xd8 ./Peripheral/src/ch32v30x_can.o
 .debug_aranges
                0x0000000000000200       0x48 ./Peripheral/src/ch32v30x_dbgmcu.o
 .debug_aranges
                0x0000000000000248       0x60 ./Peripheral/src/ch32v30x_dma.o
 .debug_aranges
                0x00000000000002a8       0xb0 ./Peripheral/src/ch32v30x_gpio.o
 .debug_aranges
                0x0000000000000358       0x28 ./Peripheral/src/ch32v30x_misc.o
 .debug_aranges
                0x0000000000000380      0x1a8 ./Peripheral/src/ch32v30x_rcc.o
 .debug_aranges
                0x0000000000000528       0xf0 ./Peripheral/src/ch32v30x_usart.o
 .debug_aranges
                0x0000000000000618       0x50 ./FreeRTOS/portable/MemMang/heap_4.o
 .debug_aranges
                0x0000000000000668       0x58 ./FreeRTOS/portable/GCC/RISC-V/port.o
 .debug_aranges
                0x00000000000006c0       0x20 ./FreeRTOS/portable/GCC/RISC-V/portASM.o
 .debug_aranges
                0x00000000000006e0       0x40 ./FreeRTOS/list.o
 .debug_aranges
                0x0000000000000720      0x108 ./FreeRTOS/queue.o
 .debug_aranges
                0x0000000000000828      0x1b0 ./FreeRTOS/tasks.o
 .debug_aranges
                0x00000000000009d8       0xb8 ./FreeRTOS/timers.o
 .debug_aranges
                0x0000000000000a90       0x50 ./Debug/debug.o

.debug_ranges   0x0000000000000000      0xf20
 .debug_ranges  0x0000000000000000       0x20 ./User/CAN.o
 .debug_ranges  0x0000000000000020       0x38 ./User/UART.o
 .debug_ranges  0x0000000000000058       0x18 ./User/ch32v30x_it.o
 .debug_ranges  0x0000000000000070       0x20 ./User/main.o
 .debug_ranges  0x0000000000000090       0x38 ./User/system_ch32v30x.o
 .debug_ranges  0x00000000000000c8       0x28 ./Startup/startup_ch32v30x_D8C.o
 .debug_ranges  0x00000000000000f0       0xf8 ./Peripheral/src/ch32v30x_can.o
 .debug_ranges  0x00000000000001e8       0x50 ./Peripheral/src/ch32v30x_dbgmcu.o
 .debug_ranges  0x0000000000000238       0x50 ./Peripheral/src/ch32v30x_dma.o
 .debug_ranges  0x0000000000000288       0xa0 ./Peripheral/src/ch32v30x_gpio.o
 .debug_ranges  0x0000000000000328       0x48 ./Peripheral/src/ch32v30x_misc.o
 .debug_ranges  0x0000000000000370      0x198 ./Peripheral/src/ch32v30x_rcc.o
 .debug_ranges  0x0000000000000508       0xe0 ./Peripheral/src/ch32v30x_usart.o
 .debug_ranges  0x00000000000005e8       0x40 ./FreeRTOS/portable/MemMang/heap_4.o
 .debug_ranges  0x0000000000000628       0x60 ./FreeRTOS/portable/GCC/RISC-V/port.o
 .debug_ranges  0x0000000000000688       0x30 ./FreeRTOS/list.o
 .debug_ranges  0x00000000000006b8      0x2c8 ./FreeRTOS/queue.o
 .debug_ranges  0x0000000000000980      0x410 ./FreeRTOS/tasks.o
 .debug_ranges  0x0000000000000d90      0x150 ./FreeRTOS/timers.o
 .debug_ranges  0x0000000000000ee0       0x40 ./Debug/debug.o

.debug_line     0x0000000000000000    0x14f0b
 .debug_line    0x0000000000000000      0x79d ./User/CAN.o
 .debug_line    0x000000000000079d      0xa66 ./User/UART.o
 .debug_line    0x0000000000001203      0x302 ./User/ch32v30x_it.o
 .debug_line    0x0000000000001505      0x735 ./User/main.o
 .debug_line    0x0000000000001c3a      0x946 ./User/system_ch32v30x.o
 .debug_line    0x0000000000002580      0x122 ./Startup/startup_ch32v30x_D8C.o
 .debug_line    0x00000000000026a2     0x1a85 ./Peripheral/src/ch32v30x_can.o
 .debug_line    0x0000000000004127      0x3dd ./Peripheral/src/ch32v30x_dbgmcu.o
 .debug_line    0x0000000000004504      0xa29 ./Peripheral/src/ch32v30x_dma.o
 .debug_line    0x0000000000004f2d     0x12af ./Peripheral/src/ch32v30x_gpio.o
 .debug_line    0x00000000000061dc      0x426 ./Peripheral/src/ch32v30x_misc.o
 .debug_line    0x0000000000006602     0x19e1 ./Peripheral/src/ch32v30x_rcc.o
 .debug_line    0x0000000000007fe3      0xf4e ./Peripheral/src/ch32v30x_usart.o
 .debug_line    0x0000000000008f31      0xcd4 ./FreeRTOS/portable/MemMang/heap_4.o
 .debug_line    0x0000000000009c05      0x7f7 ./FreeRTOS/portable/GCC/RISC-V/port.o
 .debug_line    0x000000000000a3fc      0x374 ./FreeRTOS/portable/GCC/RISC-V/portASM.o
 .debug_line    0x000000000000a770      0x6ef ./FreeRTOS/list.o
 .debug_line    0x000000000000ae5f     0x3212 ./FreeRTOS/queue.o
 .debug_line    0x000000000000e071     0x5098 ./FreeRTOS/tasks.o
 .debug_line    0x0000000000013109     0x166b ./FreeRTOS/timers.o
 .debug_line    0x0000000000014774      0x797 ./Debug/debug.o

.debug_str      0x0000000000000000     0x4390
 .debug_str     0x0000000000000000      0xa6f ./User/CAN.o
                                        0xafd (size before relaxing)
 .debug_str     0x0000000000000a6f      0x967 ./User/UART.o
                                       0x1112 (size before relaxing)
 .debug_str     0x00000000000013d6       0x9c ./User/ch32v30x_it.o
                                        0x68b (size before relaxing)
 .debug_str     0x0000000000001472      0x169 ./User/main.o
                                        0x7a0 (size before relaxing)
 .debug_str     0x00000000000015db      0x10a ./User/system_ch32v30x.o
                                        0x6f1 (size before relaxing)
 .debug_str     0x00000000000016e5       0x2e ./Startup/startup_ch32v30x_D8C.o
                                         0x60 (size before relaxing)
 .debug_str     0x0000000000001713      0x2c7 ./Peripheral/src/ch32v30x_can.o
                                        0xbc1 (size before relaxing)
 .debug_str     0x00000000000019da       0x7e ./Peripheral/src/ch32v30x_dbgmcu.o
                                        0x64c (size before relaxing)
 .debug_str     0x0000000000001a58       0xd8 ./Peripheral/src/ch32v30x_dma.o
                                        0x7f9 (size before relaxing)
 .debug_str     0x0000000000001b30      0x249 ./Peripheral/src/ch32v30x_gpio.o
                                        0x9b6 (size before relaxing)
 .debug_str     0x0000000000001d79       0x9c ./Peripheral/src/ch32v30x_misc.o
                                        0xcbf (size before relaxing)
 .debug_str     0x0000000000001e15      0x57e ./Peripheral/src/ch32v30x_rcc.o
                                        0xce5 (size before relaxing)
 .debug_str     0x0000000000002393      0x307 ./Peripheral/src/ch32v30x_usart.o
                                        0xb00 (size before relaxing)
 .debug_str     0x000000000000269a      0x327 ./FreeRTOS/portable/MemMang/heap_4.o
                                        0x8da (size before relaxing)
 .debug_str     0x00000000000029c1      0x151 ./FreeRTOS/portable/GCC/RISC-V/port.o
                                        0xd58 (size before relaxing)
 .debug_str     0x0000000000002b12       0x2a ./FreeRTOS/portable/GCC/RISC-V/portASM.o
                                         0x68 (size before relaxing)
 .debug_str     0x0000000000002b3c      0x125 ./FreeRTOS/list.o
                                        0x6e4 (size before relaxing)
 .debug_str     0x0000000000002c61      0x795 ./FreeRTOS/queue.o
                                       0x1529 (size before relaxing)
 .debug_str     0x00000000000033f6      0xa69 ./FreeRTOS/tasks.o
                                       0x1a6b (size before relaxing)
 .debug_str     0x0000000000003e5f      0x4d5 ./FreeRTOS/timers.o
                                       0x1368 (size before relaxing)
 .debug_str     0x0000000000004334       0x5c ./Debug/debug.o
                                        0x927 (size before relaxing)

.comment        0x0000000000000000       0x33
 .comment       0x0000000000000000       0x33 ./User/CAN.o
                                         0x34 (size before relaxing)
 .comment       0x0000000000000033       0x34 ./User/UART.o
 .comment       0x0000000000000033       0x34 ./User/ch32v30x_it.o
 .comment       0x0000000000000033       0x34 ./User/main.o
 .comment       0x0000000000000033       0x34 ./User/system_ch32v30x.o
 .comment       0x0000000000000033       0x34 ./Peripheral/src/ch32v30x_can.o
 .comment       0x0000000000000033       0x34 ./Peripheral/src/ch32v30x_dbgmcu.o
 .comment       0x0000000000000033       0x34 ./Peripheral/src/ch32v30x_dma.o
 .comment       0x0000000000000033       0x34 ./Peripheral/src/ch32v30x_gpio.o
 .comment       0x0000000000000033       0x34 ./Peripheral/src/ch32v30x_misc.o
 .comment       0x0000000000000033       0x34 ./Peripheral/src/ch32v30x_rcc.o
 .comment       0x0000000000000033       0x34 ./Peripheral/src/ch32v30x_usart.o
 .comment       0x0000000000000033       0x34 ./FreeRTOS/portable/MemMang/heap_4.o
 .comment       0x0000000000000033       0x34 ./FreeRTOS/portable/GCC/RISC-V/port.o
 .comment       0x0000000000000033       0x34 ./FreeRTOS/list.o
 .comment       0x0000000000000033       0x34 ./FreeRTOS/queue.o
 .comment       0x0000000000000033       0x34 ./FreeRTOS/tasks.o
 .comment       0x0000000000000033       0x34 ./FreeRTOS/timers.o
 .comment       0x0000000000000033       0x34 ./Debug/debug.o

.debug_frame    0x0000000000000000     0x2624
 .debug_frame   0x0000000000000000       0x9c ./User/CAN.o
 .debug_frame   0x000000000000009c       0xf8 ./User/UART.o
 .debug_frame   0x0000000000000194       0x30 ./User/ch32v30x_it.o
 .debug_frame   0x00000000000001c4       0x6c ./User/main.o
 .debug_frame   0x0000000000000230       0x3c ./User/system_ch32v30x.o
 .debug_frame   0x000000000000026c      0x19c ./Peripheral/src/ch32v30x_can.o
 .debug_frame   0x0000000000000408       0x70 ./Peripheral/src/ch32v30x_dbgmcu.o
 .debug_frame   0x0000000000000478       0xd8 ./Peripheral/src/ch32v30x_dma.o
 .debug_frame   0x0000000000000550      0x174 ./Peripheral/src/ch32v30x_gpio.o
 .debug_frame   0x00000000000006c4       0x30 ./Peripheral/src/ch32v30x_misc.o
 .debug_frame   0x00000000000006f4      0x344 ./Peripheral/src/ch32v30x_rcc.o
 .debug_frame   0x0000000000000a38      0x1e4 ./Peripheral/src/ch32v30x_usart.o
 .debug_frame   0x0000000000000c1c       0xc8 ./FreeRTOS/portable/MemMang/heap_4.o
 .debug_frame   0x0000000000000ce4       0xac ./FreeRTOS/portable/GCC/RISC-V/port.o
 .debug_frame   0x0000000000000d90       0x60 ./FreeRTOS/list.o
 .debug_frame   0x0000000000000df0      0x48c ./FreeRTOS/queue.o
 .debug_frame   0x000000000000127c      0x678 ./FreeRTOS/tasks.o
 .debug_frame   0x00000000000018f4      0x2a8 ./FreeRTOS/timers.o
 .debug_frame   0x0000000000001b9c       0xb8 ./Debug/debug.o
 .debug_frame   0x0000000000001c54       0x20 d:/mounriver_studio2/resources/app/resources/win32/components/wch/toolchain/risc-v embedded gcc/bin/../lib/gcc/riscv-none-embed/8.2.0/../../../../riscv-none-embed/lib/rv32imacxw/ilp32\libg_nano.a(lib_a-memcpy.o)
 .debug_frame   0x0000000000001c74       0x54 d:/mounriver_studio2/resources/app/resources/win32/components/wch/toolchain/risc-v embedded gcc/bin/../lib/gcc/riscv-none-embed/8.2.0/../../../../riscv-none-embed/lib/rv32imacxw/ilp32\libg_nano.a(lib_a-printf.o)
 .debug_frame   0x0000000000001cc8       0x50 d:/mounriver_studio2/resources/app/resources/win32/components/wch/toolchain/risc-v embedded gcc/bin/../lib/gcc/riscv-none-embed/8.2.0/../../../../riscv-none-embed/lib/rv32imacxw/ilp32\libg_nano.a(lib_a-putchar.o)
 .debug_frame   0x0000000000001d18       0x54 d:/mounriver_studio2/resources/app/resources/win32/components/wch/toolchain/risc-v embedded gcc/bin/../lib/gcc/riscv-none-embed/8.2.0/../../../../riscv-none-embed/lib/rv32imacxw/ilp32\libg_nano.a(lib_a-puts.o)
 .debug_frame   0x0000000000001d6c       0x50 d:/mounriver_studio2/resources/app/resources/win32/components/wch/toolchain/risc-v embedded gcc/bin/../lib/gcc/riscv-none-embed/8.2.0/../../../../riscv-none-embed/lib/rv32imacxw/ilp32\libg_nano.a(lib_a-wbuf.o)
 .debug_frame   0x0000000000001dbc       0x3c d:/mounriver_studio2/resources/app/resources/win32/components/wch/toolchain/risc-v embedded gcc/bin/../lib/gcc/riscv-none-embed/8.2.0/../../../../riscv-none-embed/lib/rv32imacxw/ilp32\libg_nano.a(lib_a-wsetup.o)
 .debug_frame   0x0000000000001df8       0x7c d:/mounriver_studio2/resources/app/resources/win32/components/wch/toolchain/risc-v embedded gcc/bin/../lib/gcc/riscv-none-embed/8.2.0/../../../../riscv-none-embed/lib/rv32imacxw/ilp32\libg_nano.a(lib_a-fflush.o)
 .debug_frame   0x0000000000001e74      0x148 d:/mounriver_studio2/resources/app/resources/win32/components/wch/toolchain/risc-v embedded gcc/bin/../lib/gcc/riscv-none-embed/8.2.0/../../../../riscv-none-embed/lib/rv32imacxw/ilp32\libg_nano.a(lib_a-findfp.o)
 .debug_frame   0x0000000000001fbc       0x88 d:/mounriver_studio2/resources/app/resources/win32/components/wch/toolchain/risc-v embedded gcc/bin/../lib/gcc/riscv-none-embed/8.2.0/../../../../riscv-none-embed/lib/rv32imacxw/ilp32\libg_nano.a(lib_a-fwalk.o)
 .debug_frame   0x0000000000002044       0x64 d:/mounriver_studio2/resources/app/resources/win32/components/wch/toolchain/risc-v embedded gcc/bin/../lib/gcc/riscv-none-embed/8.2.0/../../../../riscv-none-embed/lib/rv32imacxw/ilp32\libg_nano.a(lib_a-makebuf.o)
 .debug_frame   0x00000000000020a8       0x40 d:/mounriver_studio2/resources/app/resources/win32/components/wch/toolchain/risc-v embedded gcc/bin/../lib/gcc/riscv-none-embed/8.2.0/../../../../riscv-none-embed/lib/rv32imacxw/ilp32\libg_nano.a(lib_a-nano-freer.o)
 .debug_frame   0x00000000000020e8       0x40 d:/mounriver_studio2/resources/app/resources/win32/components/wch/toolchain/risc-v embedded gcc/bin/../lib/gcc/riscv-none-embed/8.2.0/../../../../riscv-none-embed/lib/rv32imacxw/ilp32\libg_nano.a(lib_a-nano-mallocr.o)
 .debug_frame   0x0000000000002128       0xd0 d:/mounriver_studio2/resources/app/resources/win32/components/wch/toolchain/risc-v embedded gcc/bin/../lib/gcc/riscv-none-embed/8.2.0/../../../../riscv-none-embed/lib/rv32imacxw/ilp32\libg_nano.a(lib_a-nano-vfprintf.o)
 .debug_frame   0x00000000000021f8       0x8c d:/mounriver_studio2/resources/app/resources/win32/components/wch/toolchain/risc-v embedded gcc/bin/../lib/gcc/riscv-none-embed/8.2.0/../../../../riscv-none-embed/lib/rv32imacxw/ilp32\libg_nano.a(lib_a-nano-vfprintf_i.o)
 .debug_frame   0x0000000000002284       0x4c d:/mounriver_studio2/resources/app/resources/win32/components/wch/toolchain/risc-v embedded gcc/bin/../lib/gcc/riscv-none-embed/8.2.0/../../../../riscv-none-embed/lib/rv32imacxw/ilp32\libg_nano.a(lib_a-putc.o)
 .debug_frame   0x00000000000022d0       0x30 d:/mounriver_studio2/resources/app/resources/win32/components/wch/toolchain/risc-v embedded gcc/bin/../lib/gcc/riscv-none-embed/8.2.0/../../../../riscv-none-embed/lib/rv32imacxw/ilp32\libg_nano.a(lib_a-sbrkr.o)
 .debug_frame   0x0000000000002300       0xa4 d:/mounriver_studio2/resources/app/resources/win32/components/wch/toolchain/risc-v embedded gcc/bin/../lib/gcc/riscv-none-embed/8.2.0/../../../../riscv-none-embed/lib/rv32imacxw/ilp32\libg_nano.a(lib_a-stdio.o)
 .debug_frame   0x00000000000023a4       0x30 d:/mounriver_studio2/resources/app/resources/win32/components/wch/toolchain/risc-v embedded gcc/bin/../lib/gcc/riscv-none-embed/8.2.0/../../../../riscv-none-embed/lib/rv32imacxw/ilp32\libg_nano.a(lib_a-writer.o)
 .debug_frame   0x00000000000023d4       0x30 d:/mounriver_studio2/resources/app/resources/win32/components/wch/toolchain/risc-v embedded gcc/bin/../lib/gcc/riscv-none-embed/8.2.0/../../../../riscv-none-embed/lib/rv32imacxw/ilp32\libg_nano.a(lib_a-closer.o)
 .debug_frame   0x0000000000002404       0x30 d:/mounriver_studio2/resources/app/resources/win32/components/wch/toolchain/risc-v embedded gcc/bin/../lib/gcc/riscv-none-embed/8.2.0/../../../../riscv-none-embed/lib/rv32imacxw/ilp32\libg_nano.a(lib_a-fstatr.o)
 .debug_frame   0x0000000000002434       0x30 d:/mounriver_studio2/resources/app/resources/win32/components/wch/toolchain/risc-v embedded gcc/bin/../lib/gcc/riscv-none-embed/8.2.0/../../../../riscv-none-embed/lib/rv32imacxw/ilp32\libg_nano.a(lib_a-isattyr.o)
 .debug_frame   0x0000000000002464       0x30 d:/mounriver_studio2/resources/app/resources/win32/components/wch/toolchain/risc-v embedded gcc/bin/../lib/gcc/riscv-none-embed/8.2.0/../../../../riscv-none-embed/lib/rv32imacxw/ilp32\libg_nano.a(lib_a-lseekr.o)
 .debug_frame   0x0000000000002494       0x20 d:/mounriver_studio2/resources/app/resources/win32/components/wch/toolchain/risc-v embedded gcc/bin/../lib/gcc/riscv-none-embed/8.2.0/../../../../riscv-none-embed/lib/rv32imacxw/ilp32\libg_nano.a(lib_a-memchr.o)
 .debug_frame   0x00000000000024b4       0x30 d:/mounriver_studio2/resources/app/resources/win32/components/wch/toolchain/risc-v embedded gcc/bin/../lib/gcc/riscv-none-embed/8.2.0/../../../../riscv-none-embed/lib/rv32imacxw/ilp32\libg_nano.a(lib_a-mlock.o)
 .debug_frame   0x00000000000024e4       0x30 d:/mounriver_studio2/resources/app/resources/win32/components/wch/toolchain/risc-v embedded gcc/bin/../lib/gcc/riscv-none-embed/8.2.0/../../../../riscv-none-embed/lib/rv32imacxw/ilp32\libg_nano.a(lib_a-readr.o)
 .debug_frame   0x0000000000002514       0x70 d:/mounriver_studio2/resources/app/resources/win32/components/wch/toolchain/risc-v embedded gcc/bin/../lib/gcc/riscv-none-embed/8.2.0/../../../../riscv-none-embed/lib/rv32imacxw/ilp32\libg_nano.a(lib_a-reent.o)
 .debug_frame   0x0000000000002584       0x20 d:/mounriver_studio2/resources/app/resources/win32/components/wch/toolchain/risc-v embedded gcc/bin/../lib/gcc/riscv-none-embed/8.2.0/../../../../riscv-none-embed/lib/rv32imacxw/ilp32\libnosys.a(close.o)
 .debug_frame   0x00000000000025a4       0x20 d:/mounriver_studio2/resources/app/resources/win32/components/wch/toolchain/risc-v embedded gcc/bin/../lib/gcc/riscv-none-embed/8.2.0/../../../../riscv-none-embed/lib/rv32imacxw/ilp32\libnosys.a(fstat.o)
 .debug_frame   0x00000000000025c4       0x20 d:/mounriver_studio2/resources/app/resources/win32/components/wch/toolchain/risc-v embedded gcc/bin/../lib/gcc/riscv-none-embed/8.2.0/../../../../riscv-none-embed/lib/rv32imacxw/ilp32\libnosys.a(isatty.o)
 .debug_frame   0x00000000000025e4       0x20 d:/mounriver_studio2/resources/app/resources/win32/components/wch/toolchain/risc-v embedded gcc/bin/../lib/gcc/riscv-none-embed/8.2.0/../../../../riscv-none-embed/lib/rv32imacxw/ilp32\libnosys.a(lseek.o)
 .debug_frame   0x0000000000002604       0x20 d:/mounriver_studio2/resources/app/resources/win32/components/wch/toolchain/risc-v embedded gcc/bin/../lib/gcc/riscv-none-embed/8.2.0/../../../../riscv-none-embed/lib/rv32imacxw/ilp32\libnosys.a(read.o)

.stab           0x0000000000000000       0x84
 .stab          0x0000000000000000       0x24 d:/mounriver_studio2/resources/app/resources/win32/components/wch/toolchain/risc-v embedded gcc/bin/../lib/gcc/riscv-none-embed/8.2.0/../../../../riscv-none-embed/lib/rv32imacxw/ilp32\libnosys.a(close.o)
 .stab          0x0000000000000024       0x18 d:/mounriver_studio2/resources/app/resources/win32/components/wch/toolchain/risc-v embedded gcc/bin/../lib/gcc/riscv-none-embed/8.2.0/../../../../riscv-none-embed/lib/rv32imacxw/ilp32\libnosys.a(fstat.o)
                                         0x24 (size before relaxing)
 .stab          0x000000000000003c       0x18 d:/mounriver_studio2/resources/app/resources/win32/components/wch/toolchain/risc-v embedded gcc/bin/../lib/gcc/riscv-none-embed/8.2.0/../../../../riscv-none-embed/lib/rv32imacxw/ilp32\libnosys.a(isatty.o)
                                         0x24 (size before relaxing)
 .stab          0x0000000000000054       0x18 d:/mounriver_studio2/resources/app/resources/win32/components/wch/toolchain/risc-v embedded gcc/bin/../lib/gcc/riscv-none-embed/8.2.0/../../../../riscv-none-embed/lib/rv32imacxw/ilp32\libnosys.a(lseek.o)
                                         0x24 (size before relaxing)
 .stab          0x000000000000006c       0x18 d:/mounriver_studio2/resources/app/resources/win32/components/wch/toolchain/risc-v embedded gcc/bin/../lib/gcc/riscv-none-embed/8.2.0/../../../../riscv-none-embed/lib/rv32imacxw/ilp32\libnosys.a(read.o)
                                         0x24 (size before relaxing)

.stabstr        0x0000000000000000      0x117
 .stabstr       0x0000000000000000      0x117 d:/mounriver_studio2/resources/app/resources/win32/components/wch/toolchain/risc-v embedded gcc/bin/../lib/gcc/riscv-none-embed/8.2.0/../../../../riscv-none-embed/lib/rv32imacxw/ilp32\libnosys.a(close.o)
