Archive member included to satisfy reference by file (symbol)

/Applications/MounRiver Studio 2.app/Contents/Resources/app/resources/darwin/components/WCH/Toolchain/RISC-V Embedded GCC/bin/../lib/gcc/riscv-none-embed/8.2.0/rv32imacxw/ilp32/libgcc.a(save-restore.o)
                              ./OS/Task_LegCtrl.o (__riscv_save_11)
/Applications/MounRiver Studio 2.app/Contents/Resources/app/resources/darwin/components/WCH/Toolchain/RISC-V Embedded GCC/bin/../lib/gcc/riscv-none-embed/8.2.0/../../../../riscv-none-embed/lib/rv32imacxw/ilp32/libg_nano.a(lib_a-memcpy.o)
                              ./OS/Task_BackCtrl.o (memcpy)
/Applications/MounRiver Studio 2.app/Contents/Resources/app/resources/darwin/components/WCH/Toolchain/RISC-V Embedded GCC/bin/../lib/gcc/riscv-none-embed/8.2.0/../../../../riscv-none-embed/lib/rv32imacxw/ilp32/libg_nano.a(lib_a-memset.o)
                              ./FreeRTOS/stream_buffer.o (memset)
/Applications/MounRiver Studio 2.app/Contents/Resources/app/resources/darwin/components/WCH/Toolchain/RISC-V Embedded GCC/bin/../lib/gcc/riscv-none-embed/8.2.0/../../../../riscv-none-embed/lib/rv32imacxw/ilp32/libg_nano.a(lib_a-printf.o)
                              ./OS/OS_Entry.o (printf)
/Applications/MounRiver Studio 2.app/Contents/Resources/app/resources/darwin/components/WCH/Toolchain/RISC-V Embedded GCC/bin/../lib/gcc/riscv-none-embed/8.2.0/../../../../riscv-none-embed/lib/rv32imacxw/ilp32/libg_nano.a(lib_a-puts.o)
                              ./OS/Task_CoMCUComm.o (puts)
/Applications/MounRiver Studio 2.app/Contents/Resources/app/resources/darwin/components/WCH/Toolchain/RISC-V Embedded GCC/bin/../lib/gcc/riscv-none-embed/8.2.0/../../../../riscv-none-embed/lib/rv32imacxw/ilp32/libg_nano.a(lib_a-strlen.o)
                              ./FreeRTOS/tasks.o (strlen)
/Applications/MounRiver Studio 2.app/Contents/Resources/app/resources/darwin/components/WCH/Toolchain/RISC-V Embedded GCC/bin/../lib/gcc/riscv-none-embed/8.2.0/../../../../riscv-none-embed/lib/rv32imacxw/ilp32/libg_nano.a(lib_a-strstr.o)
                              ./Comm/Comm_L610.o (strstr)
/Applications/MounRiver Studio 2.app/Contents/Resources/app/resources/darwin/components/WCH/Toolchain/RISC-V Embedded GCC/bin/../lib/gcc/riscv-none-embed/8.2.0/../../../../riscv-none-embed/lib/rv32imacxw/ilp32/libg_nano.a(lib_a-strtod.o)
                              ./Comm/Comm_L610.o (strtof)
/Applications/MounRiver Studio 2.app/Contents/Resources/app/resources/darwin/components/WCH/Toolchain/RISC-V Embedded GCC/bin/../lib/gcc/riscv-none-embed/8.2.0/../../../../riscv-none-embed/lib/rv32imacxw/ilp32/libg_nano.a(lib_a-wbuf.o)
                              /Applications/MounRiver Studio 2.app/Contents/Resources/app/resources/darwin/components/WCH/Toolchain/RISC-V Embedded GCC/bin/../lib/gcc/riscv-none-embed/8.2.0/../../../../riscv-none-embed/lib/rv32imacxw/ilp32/libg_nano.a(lib_a-puts.o) (__swbuf_r)
/Applications/MounRiver Studio 2.app/Contents/Resources/app/resources/darwin/components/WCH/Toolchain/RISC-V Embedded GCC/bin/../lib/gcc/riscv-none-embed/8.2.0/../../../../riscv-none-embed/lib/rv32imacxw/ilp32/libg_nano.a(lib_a-wsetup.o)
                              /Applications/MounRiver Studio 2.app/Contents/Resources/app/resources/darwin/components/WCH/Toolchain/RISC-V Embedded GCC/bin/../lib/gcc/riscv-none-embed/8.2.0/../../../../riscv-none-embed/lib/rv32imacxw/ilp32/libg_nano.a(lib_a-puts.o) (__swsetup_r)
/Applications/MounRiver Studio 2.app/Contents/Resources/app/resources/darwin/components/WCH/Toolchain/RISC-V Embedded GCC/bin/../lib/gcc/riscv-none-embed/8.2.0/../../../../riscv-none-embed/lib/rv32imacxw/ilp32/libg_nano.a(lib_a-fflush.o)
                              /Applications/MounRiver Studio 2.app/Contents/Resources/app/resources/darwin/components/WCH/Toolchain/RISC-V Embedded GCC/bin/../lib/gcc/riscv-none-embed/8.2.0/../../../../riscv-none-embed/lib/rv32imacxw/ilp32/libg_nano.a(lib_a-wbuf.o) (_fflush_r)
/Applications/MounRiver Studio 2.app/Contents/Resources/app/resources/darwin/components/WCH/Toolchain/RISC-V Embedded GCC/bin/../lib/gcc/riscv-none-embed/8.2.0/../../../../riscv-none-embed/lib/rv32imacxw/ilp32/libg_nano.a(lib_a-findfp.o)
                              /Applications/MounRiver Studio 2.app/Contents/Resources/app/resources/darwin/components/WCH/Toolchain/RISC-V Embedded GCC/bin/../lib/gcc/riscv-none-embed/8.2.0/../../../../riscv-none-embed/lib/rv32imacxw/ilp32/libg_nano.a(lib_a-printf.o) (__sinit)
/Applications/MounRiver Studio 2.app/Contents/Resources/app/resources/darwin/components/WCH/Toolchain/RISC-V Embedded GCC/bin/../lib/gcc/riscv-none-embed/8.2.0/../../../../riscv-none-embed/lib/rv32imacxw/ilp32/libg_nano.a(lib_a-fwalk.o)
                              /Applications/MounRiver Studio 2.app/Contents/Resources/app/resources/darwin/components/WCH/Toolchain/RISC-V Embedded GCC/bin/../lib/gcc/riscv-none-embed/8.2.0/../../../../riscv-none-embed/lib/rv32imacxw/ilp32/libg_nano.a(lib_a-findfp.o) (_fwalk)
[...]
Memory Configuration

Name             Origin             Length             Attributes
FLASH            0x0000000000000000 0x0000000000040000 xr
RAM              0x0000000020000000 0x0000000000010000 xrw
*default*        0x0000000000000000 0xffffffffffffffff

Linker script and memory map

LOAD ./Utils/CRC.o
LOAD ./Utils/WDG.o
LOAD ./User/ch32v30x_it.o
LOAD ./User/main.o
LOAD ./User/system_ch32v30x.o
LOAD ./Startup/startup_ch32v30x_D8C.o
LOAD ./Peripheral/src/ch32v30x_adc.o
LOAD ./Peripheral/src/ch32v30x_bkp.o
LOAD ./Peripheral/src/ch32v30x_can.o
LOAD ./Peripheral/src/ch32v30x_crc.o
LOAD ./Peripheral/src/ch32v30x_dac.o
LOAD ./Peripheral/src/ch32v30x_dbgmcu.o
LOAD ./Peripheral/src/ch32v30x_dma.o
LOAD ./Peripheral/src/ch32v30x_dvp.o
LOAD ./Peripheral/src/ch32v30x_eth.o
LOAD ./Peripheral/src/ch32v30x_exti.o
LOAD ./Peripheral/src/ch32v30x_flash.o
LOAD ./Peripheral/src/ch32v30x_fsmc.o
LOAD ./Peripheral/src/ch32v30x_gpio.o
LOAD ./Peripheral/src/ch32v30x_i2c.o
LOAD ./Peripheral/src/ch32v30x_iwdg.o
LOAD ./Peripheral/src/ch32v30x_misc.o
LOAD ./Peripheral/src/ch32v30x_opa.o
LOAD ./Peripheral/src/ch32v30x_pwr.o
LOAD ./Peripheral/src/ch32v30x_rcc.o
LOAD ./Peripheral/src/ch32v30x_rng.o
LOAD ./Peripheral/src/ch32v30x_rtc.o
LOAD ./Peripheral/src/ch32v30x_sdio.o
LOAD ./Peripheral/src/ch32v30x_spi.o
LOAD ./Peripheral/src/ch32v30x_tim.o
LOAD ./Peripheral/src/ch32v30x_usart.o
LOAD ./Peripheral/src/ch32v30x_wwdg.o
LOAD ./OS/OS_Entry.o
LOAD ./OS/OS_objects.o
LOAD ./OS/Task_BackCtrl.o
LOAD ./OS/Task_CoMCUComm.o
LOAD ./OS/Task_FanCtrl.o
LOAD ./OS/Task_IMUComm.o
LOAD ./OS/Task_L610Comm.o
LOAD ./OS/Task_LegCtrl.o
LOAD ./OS/Task_TempCtrl.o
LOAD ./FreeRTOS/portable/MemMang/heap_4.o
LOAD ./FreeRTOS/portable/GCC/RISC-V/port.o
LOAD ./FreeRTOS/portable/GCC/RISC-V/portASM.o
LOAD ./FreeRTOS/croutine.o
LOAD ./FreeRTOS/event_groups.o
LOAD ./FreeRTOS/list.o
LOAD ./FreeRTOS/queue.o
LOAD ./FreeRTOS/stream_buffer.o
LOAD ./FreeRTOS/tasks.o
LOAD ./FreeRTOS/timers.o
LOAD ./Debug/debug.o
LOAD ./Core/core_riscv.o
LOAD ./Comm/Comm_CoMCU.o
LOAD ./Comm/Comm_IMU.o
LOAD ./Comm/Comm_L610.o
LOAD ./BSP/CAN.o
LOAD ./BSP/RS485.o
LOAD ./BSP/SPI.o
LOAD ./BSP/UART.o
LOAD ./Algorithm/PID.o
LOAD ./Adjustor/BackMotorAdjustor.o
LOAD ./Adjustor/FanAdjustor.o
LOAD ./Adjustor/LegMotorAdjustor.o
LOAD ./Adjustor/TempAdjustor.o
LOAD /Applications/MounRiver Studio 2.app/Contents/Resources/app/resources/darwin/components/WCH/Toolchain/RISC-V Embedded GCC/bin/../lib/gcc/riscv-none-embed/8.2.0/../../../../riscv-none-embed/lib/rv32imacxw/ilp32/libm.a
LOAD /Applications/MounRiver Studio 2.app/Contents/Resources/app/resources/darwin/components/WCH/Toolchain/RISC-V Embedded GCC/bin/../lib/gcc/riscv-none-embed/8.2.0/rv32imacxw/ilp32/libgcc.a
LOAD /Applications/MounRiver Studio 2.app/Contents/Resources/app/resources/darwin/components/WCH/Toolchain/RISC-V Embedded GCC/bin/../lib/gcc/riscv-none-embed/8.2.0/../../../../riscv-none-embed/lib/rv32imacxw/ilp32/libg_nano.a
LOAD /Applications/MounRiver Studio 2.app/Contents/Resources/app/resources/darwin/components/WCH/Toolchain/RISC-V Embedded GCC/bin/../lib/gcc/riscv-none-embed/8.2.0/../../../../riscv-none-embed/lib/rv32imacxw/ilp32/libc_nano.a
LOAD /Applications/MounRiver Studio 2.app/Contents/Resources/app/resources/darwin/components/WCH/Toolchain/RISC-V Embedded GCC/bin/../lib/gcc/riscv-none-embed/8.2.0/rv32imacxw/ilp32/libgcc.a
START GROUP
LOAD /Applications/MounRiver Studio 2.app/Contents/Resources/app/resources/darwin/components/WCH/Toolchain/RISC-V Embedded GCC/bin/../lib/gcc/riscv-none-embed/8.2.0/rv32imacxw/ilp32/libgcc.a
LOAD /Applications/MounRiver Studio 2.app/Contents/Resources/app/resources/darwin/components/WCH/Toolchain/RISC-V Embedded GCC/bin/../lib/gcc/riscv-none-embed/8.2.0/../../../../riscv-none-embed/lib/rv32imacxw/ilp32/libc_nano.a
LOAD /Applications/MounRiver Studio 2.app/Contents/Resources/app/resources/darwin/components/WCH/Toolchain/RISC-V Embedded GCC/bin/../lib/gcc/riscv-none-embed/8.2.0/../../../../riscv-none-embed/lib/rv32imacxw/ilp32/libnosys.a
END GROUP
START GROUP
LOAD /Applications/MounRiver Studio 2.app/Contents/Resources/app/resources/darwin/components/WCH/Toolchain/RISC-V Embedded GCC/bin/../lib/gcc/riscv-none-embed/8.2.0/rv32imacxw/ilp32/libgcc.a
LOAD /Applications/MounRiver Studio 2.app/Contents/Resources/app/resources/darwin/components/WCH/Toolchain/RISC-V Embedded GCC/bin/../lib/gcc/riscv-none-embed/8.2.0/../../../../riscv-none-embed/lib/rv32imacxw/ilp32/libc_nano.a
LOAD /Applications/MounRiver Studio 2.app/Contents/Resources/app/resources/darwin/components/WCH/Toolchain/RISC-V Embedded GCC/bin/../lib/gcc/riscv-none-embed/8.2.0/../../../../riscv-none-embed/lib/rv32imacxw/ilp32/libnosys.a
END GROUP
                0x0000000000000800                __stack_size = 0x800
                [!provide]                        PROVIDE (_stack_size = __stack_size)

.init           0x0000000000000000        0x4
                0x0000000000000000                _sinit = .
                0x0000000000000000                . = ALIGN (0x4)
 *(SORT_NONE(.init))
 .init          0x0000000000000000        0x4 ./Startup/startup_ch32v30x_D8C.o
                0x0000000000000000                _start
                0x0000000000000004                . = ALIGN (0x4)
                0x0000000000000004                _einit = .

.vector         0x0000000000000004      0x1bc
 *(.vector)
 .vector        0x0000000000000004      0x1a0 ./Startup/startup_ch32v30x_D8C.o
                0x00000000000001c0                . = ALIGN (0x40)
 *fill*         0x00000000000001a4       0x1c 

.text           0x0000000000000200     0x54a8
                0x0000000000000200                . = ALIGN (0x4)
 *(.text)
 .text          0x0000000000000200      0x2e6 ./FreeRTOS/portable/GCC/RISC-V/portASM.o
                0x0000000000000200                SW_Handler
                0x0000000000000300                xPortStartFirstTask
                0x0000000000000400                pxPortInitialiseStack
 .text          0x00000000000004e6       0x60 /Applications/MounRiver Studio 2.app/Contents/Resources/app/resources/darwin/components/WCH/Toolchain/RISC-V Embedded GCC/bin/../lib/gcc/riscv-none-embed/8.2.0/rv32imacxw/ilp32/libgcc.a(save-restore.o)
                0x00000000000004e6                __riscv_save_12
                0x00000000000004ee                __riscv_save_10
                0x00000000000004ee                __riscv_save_8
                0x00000000000004ee                __riscv_save_11
                0x00000000000004ee                __riscv_save_9
                0x00000000000004fc                __riscv_save_4
                0x00000000000004fc                __riscv_save_7
                0x00000000000004fc                __riscv_save_6
                0x00000000000004fc                __riscv_save_5
                0x0000000000000516                __riscv_save_3
                0x0000000000000516                __riscv_save_2
                0x0000000000000516                __riscv_save_0
                0x0000000000000516                __riscv_save_1
                0x0000000000000522                __riscv_restore_12
                0x0000000000000526                __riscv_restore_8
                0x0000000000000526                __riscv_restore_10
                0x0000000000000526                __riscv_restore_9
                0x0000000000000526                __riscv_restore_11
                0x0000000000000530                __riscv_restore_5
                0x0000000000000530                __riscv_restore_7
                0x0000000000000530                __riscv_restore_4
                0x0000000000000530                __riscv_restore_6
                0x000000000000053a                __riscv_restore_3
                0x000000000000053a                __riscv_restore_1
                0x000000000000053a                __riscv_restore_0
                0x000000000000053a                __riscv_restore_2
 .text          0x0000000000000546       0xa8 /Applications/MounRiver Studio 2.app/Contents/Resources/app/resources/darwin/components/WCH/Toolchain/RISC-V Embedded GCC/bin/../lib/gcc/riscv-none-embed/8.2.0/../../../../riscv-none-embed/lib/rv32imacxw/ilp32/libg_nano.a(lib_a-memset.o)
                0x0000000000000546                memset
 *(.text.*)
 .text.NMI_Handler
                0x00000000000005ee        0x2 ./User/ch32v30x_it.o
                0x00000000000005ee                NMI_Handler
 .text.HardFault_Handler
                0x00000000000005f0       0x10 ./User/ch32v30x_it.o
                0x00000000000005f0                HardFault_Handler
 .text.startup.main
                0x0000000000000600        0xc ./User/main.o
                0x0000000000000600                main
 .text.SystemInit
                0x000000000000060c       0xf8 ./User/system_ch32v30x.o
                0x000000000000060c                SystemInit
 .text.SystemCoreClockUpdate
                0x0000000000000704      0x12e ./User/system_ch32v30x.o
                0x0000000000000704                SystemCoreClockUpdate
 .text.vector_handler
                0x0000000000000832        0x2 ./Startup/startup_ch32v30x_D8C.o
                0x0000000000000832                DMA2_Channel3_IRQHandler
                0x0000000000000832                TIM8_TRG_COM_IRQHandler
                0x0000000000000832                TIM8_CC_IRQHandler
                0x0000000000000832                UART8_IRQHandler
                0x0000000000000832                TIM1_CC_IRQHandler
                0x0000000000000832                TIM6_IRQHandler
                0x0000000000000832                PVD_IRQHandler
                0x0000000000000832                SDIO_IRQHandler
                0x0000000000000832                TIM9_BRK_IRQHandler
                0x0000000000000832                DMA2_Channel8_IRQHandler
                0x0000000000000832                CAN2_RX1_IRQHandler
                0x0000000000000832                EXTI3_IRQHandler
                0x0000000000000832                USBHS_IRQHandler
                0x0000000000000832                DMA2_Channel9_IRQHandler
                0x0000000000000832                TIM10_CC_IRQHandler
                0x0000000000000832                USBFS_IRQHandler
                0x0000000000000832                EXTI0_IRQHandler
                0x0000000000000832                I2C2_EV_IRQHandler
                0x0000000000000832                TIM10_TRG_COM_IRQHandler
                0x0000000000000832                CAN2_SCE_IRQHandler
                0x0000000000000832                ADC1_2_IRQHandler
                0x0000000000000832                Break_Point_Handler
                0x0000000000000832                SPI1_IRQHandler
                0x0000000000000832                TAMPER_IRQHandler
                0x0000000000000832                TIM8_UP_IRQHandler
                0x0000000000000832                Ecall_M_Mode_Handler
                0x0000000000000832                DMA2_Channel2_IRQHandler
                0x0000000000000832                TIM9_UP_IRQHandler
                0x0000000000000832                RTC_IRQHandler
                0x0000000000000832                CAN1_RX1_IRQHandler
                0x0000000000000832                DVP_IRQHandler
                0x0000000000000832                UART5_IRQHandler
                0x0000000000000832                TIM4_IRQHandler
                0x0000000000000832                DMA2_Channel1_IRQHandler
                0x0000000000000832                I2C1_EV_IRQHandler
                0x0000000000000832                DMA1_Channel6_IRQHandler
                0x0000000000000832                DMA2_Channel4_IRQHandler
                0x0000000000000832                TIM3_IRQHandler
                0x0000000000000832                RCC_IRQHandler
                0x0000000000000832                TIM1_TRG_COM_IRQHandler
                0x0000000000000832                DMA1_Channel1_IRQHandler
                0x0000000000000832                DMA2_Channel7_IRQHandler
                0x0000000000000832                EXTI15_10_IRQHandler
                0x0000000000000832                TIM7_IRQHandler
                0x0000000000000832                TIM5_IRQHandler
                0x0000000000000832                EXTI9_5_IRQHandler
                0x0000000000000832                ETH_WKUP_IRQHandler
                0x0000000000000832                SPI2_IRQHandler
                0x0000000000000832                TIM10_BRK_IRQHandler
                0x0000000000000832                TIM9_CC_IRQHandler
                0x0000000000000832                DMA1_Channel5_IRQHandler
                0x0000000000000832                EXTI4_IRQHandler
                0x0000000000000832                RNG_IRQHandler
                0x0000000000000832                DMA1_Channel3_IRQHandler
                0x0000000000000832                ETH_IRQHandler
                0x0000000000000832                TIM1_UP_IRQHandler
                0x0000000000000832                WWDG_IRQHandler
                0x0000000000000832                USBHSWakeup_IRQHandler
                0x0000000000000832                DMA2_Channel11_IRQHandler
                0x0000000000000832                Ecall_U_Mode_Handler
                0x0000000000000832                TIM2_IRQHandler
                0x0000000000000832                TIM1_BRK_IRQHandler
                0x0000000000000832                DMA2_Channel10_IRQHandler
                0x0000000000000832                EXTI1_IRQHandler
                0x0000000000000832                RTCAlarm_IRQHandler
                0x0000000000000832                TIM10_UP_IRQHandler
                0x0000000000000832                TIM9_TRG_COM_IRQHandler
                0x0000000000000832                UART7_IRQHandler
                0x0000000000000832                I2C2_ER_IRQHandler
                0x0000000000000832                TIM8_BRK_IRQHandler
                0x0000000000000832                CAN1_SCE_IRQHandler
                0x0000000000000832                FLASH_IRQHandler
                0x0000000000000832                SPI3_IRQHandler
                0x0000000000000832                I2C1_ER_IRQHandler
                0x0000000000000832                USBWakeUp_IRQHandler
                0x0000000000000832                EXTI2_IRQHandler
 .text.handle_reset
                0x0000000000000834       0x92 ./Startup/startup_ch32v30x_D8C.o
                0x0000000000000834                handle_reset
 .text.CAN_Init
                0x00000000000008c6       0xe8 ./Peripheral/src/ch32v30x_can.o
                0x00000000000008c6                CAN_Init
 .text.CAN_FilterInit
                0x00000000000009ae       0xee ./Peripheral/src/ch32v30x_can.o
                0x00000000000009ae                CAN_FilterInit
 .text.CAN_Transmit
                0x0000000000000a9c       0xbc ./Peripheral/src/ch32v30x_can.o
                0x0000000000000a9c                CAN_Transmit
 .text.CAN_Receive
                0x0000000000000b58       0x8c ./Peripheral/src/ch32v30x_can.o
                0x0000000000000b58                CAN_Receive
 .text.CAN_ITConfig
                0x0000000000000be4       0x12 ./Peripheral/src/ch32v30x_can.o
                0x0000000000000be4                CAN_ITConfig
 .text.CAN_GetITStatus
                0x0000000000000bf6       0xd0 ./Peripheral/src/ch32v30x_can.o
                0x0000000000000bf6                CAN_GetITStatus
 .text.CAN_ClearITPendingBit
                0x0000000000000cc6       0x94 ./Peripheral/src/ch32v30x_can.o
                0x0000000000000cc6                CAN_ClearITPendingBit
 .text.DMA_DeInit
                0x0000000000000d5a      0x16c ./Peripheral/src/ch32v30x_dma.o
                0x0000000000000d5a                DMA_DeInit
 .text.DMA_Init
                0x0000000000000ec6       0x38 ./Peripheral/src/ch32v30x_dma.o
                0x0000000000000ec6                DMA_Init
 .text.DMA_Cmd  0x0000000000000efe       0x14 ./Peripheral/src/ch32v30x_dma.o
                0x0000000000000efe                DMA_Cmd
 .text.DMA_ITConfig
                0x0000000000000f12       0x12 ./Peripheral/src/ch32v30x_dma.o
                0x0000000000000f12                DMA_ITConfig
 .text.DMA_SetCurrDataCounter
                0x0000000000000f24        0x4 ./Peripheral/src/ch32v30x_dma.o
                0x0000000000000f24                DMA_SetCurrDataCounter
 .text.DMA_GetCurrDataCounter
                0x0000000000000f28        0x8 ./Peripheral/src/ch32v30x_dma.o
                0x0000000000000f28                DMA_GetCurrDataCounter
 .text.DMA_GetFlagStatus
                0x0000000000000f30       0x32 ./Peripheral/src/ch32v30x_dma.o
                0x0000000000000f30                DMA_GetFlagStatus
 .text.DMA_ClearFlag
                0x0000000000000f62       0x2c ./Peripheral/src/ch32v30x_dma.o
                0x0000000000000f62                DMA_ClearFlag
 .text.DMA_GetITStatus
                0x0000000000000f8e        0xa ./Peripheral/src/ch32v30x_dma.o
                0x0000000000000f8e                DMA_GetITStatus
 .text.DMA_ClearITPendingBit
                0x0000000000000f98        0xa ./Peripheral/src/ch32v30x_dma.o
                0x0000000000000f98                DMA_ClearITPendingBit
 .text.GPIO_Init
                0x0000000000000fa2       0xc0 ./Peripheral/src/ch32v30x_gpio.o
                0x0000000000000fa2                GPIO_Init
 .text.GPIO_ResetBits
                0x0000000000001062        0x4 ./Peripheral/src/ch32v30x_gpio.o
                0x0000000000001062                GPIO_ResetBits
 .text.NVIC_PriorityGroupConfig
                0x0000000000001066        0xa ./Peripheral/src/ch32v30x_misc.o
                0x0000000000001066                NVIC_PriorityGroupConfig
 .text.NVIC_Init
                0x0000000000001070       0x52 ./Peripheral/src/ch32v30x_misc.o
                0x0000000000001070                NVIC_Init
 .text.RCC_GetClocksFreq
                0x00000000000010c2      0x176 ./Peripheral/src/ch32v30x_rcc.o
                0x00000000000010c2                RCC_GetClocksFreq
 .text.RCC_AHBPeriphClockCmd
                0x0000000000001238       0x1e ./Peripheral/src/ch32v30x_rcc.o
                0x0000000000001238                RCC_AHBPeriphClockCmd
 .text.RCC_APB2PeriphClockCmd
                0x0000000000001256       0x1e ./Peripheral/src/ch32v30x_rcc.o
                0x0000000000001256                RCC_APB2PeriphClockCmd
 .text.RCC_APB1PeriphClockCmd
                0x0000000000001274       0x1e ./Peripheral/src/ch32v30x_rcc.o
                0x0000000000001274                RCC_APB1PeriphClockCmd
 .text.USART_Init
                0x0000000000001292       0x8e ./Peripheral/src/ch32v30x_usart.o
                0x0000000000001292                USART_Init
 .text.USART_Cmd
                0x0000000000001320       0x16 ./Peripheral/src/ch32v30x_usart.o
                0x0000000000001320                USART_Cmd
 .text.USART_ITConfig
                0x0000000000001336       0x36 ./Peripheral/src/ch32v30x_usart.o
                0x0000000000001336                USART_ITConfig
 .text.USART_DMACmd
                0x000000000000136c       0x12 ./Peripheral/src/ch32v30x_usart.o
                0x000000000000136c                USART_DMACmd
 .text.USART_SendData
                0x000000000000137e        0x8 ./Peripheral/src/ch32v30x_usart.o
                0x000000000000137e                USART_SendData
 .text.USART_GetFlagStatus
                0x0000000000001386        0xa ./Peripheral/src/ch32v30x_usart.o
                0x0000000000001386                USART_GetFlagStatus
 .text.USART_GetITStatus
                0x0000000000001390       0x3c ./Peripheral/src/ch32v30x_usart.o
                0x0000000000001390                USART_GetITStatus
 .text.OS_Entry
                0x00000000000013cc       0xec ./OS/OS_Entry.o
                0x00000000000013cc                OS_Entry
 .text.vApplicationStackOverflowHook
                0x00000000000014b8       0x1c ./OS/OS_Entry.o
                0x00000000000014b8                vApplicationStackOverflowHook
 .text.OSObjects_Init
                0x00000000000014d4      0x1b6 ./OS/OS_objects.o
                0x00000000000014d4                OSObjects_Init
 .text.CAN2RecvTask
                0x000000000000168a       0x34 ./OS/Task_BackCtrl.o
                0x000000000000168a                CAN2RecvTask
 .text.CAN2SendTask
                0x00000000000016be       0x3e ./OS/Task_BackCtrl.o
                0x00000000000016be                CAN2SendTask
 .text.CAN2_SendMessage
                0x00000000000016fc       0x20 ./OS/Task_BackCtrl.o
                0x00000000000016fc                CAN2_SendMessage
 .text.TEST_CAN2_Tx_Task
                0x000000000000171c       0x38 ./OS/Task_BackCtrl.o
                0x000000000000171c                TEST_CAN2_Tx_Task
 .text.CAN1SendTask
                0x0000000000001754       0x3e ./OS/Task_LegCtrl.o
                0x0000000000001754                CAN1SendTask
 .text.MotorCAN1SendTask
                0x0000000000001792       0xa2 ./OS/Task_LegCtrl.o
                0x0000000000001792                MotorCAN1SendTask
 .text.prvInsertBlockIntoFreeList
                0x0000000000001834       0x4c ./FreeRTOS/portable/MemMang/heap_4.o
 .text.pvPortMalloc
                0x0000000000001880      0x18a ./FreeRTOS/portable/MemMang/heap_4.o
                0x0000000000001880                pvPortMalloc
 .text.vPortFree
                0x0000000000001a0a       0xa6 ./FreeRTOS/portable/MemMang/heap_4.o
                0x0000000000001a0a                vPortFree
 .text.vPortSetupTimerInterrupt
                0x0000000000001ab0       0x3e ./FreeRTOS/portable/GCC/RISC-V/port.o
                0x0000000000001ab0                vPortSetupTimerInterrupt
 .text.xPortStartScheduler
                0x0000000000001aee       0x8e ./FreeRTOS/portable/GCC/RISC-V/port.o
                0x0000000000001aee                xPortStartScheduler
 .text.SysTick_Handler
                0x0000000000001b7c       0x38 ./FreeRTOS/portable/GCC/RISC-V/port.o
                0x0000000000001b7c                SysTick_Handler
 .text.vPortEnterCritical
                0x0000000000001bb4       0x16 ./FreeRTOS/portable/GCC/RISC-V/port.o
                0x0000000000001bb4                vPortEnterCritical
 .text.vPortExitCritical
                0x0000000000001bca       0x42 ./FreeRTOS/portable/GCC/RISC-V/port.o
                0x0000000000001bca                vPortExitCritical
 .text.xPortSetInterruptMask
                0x0000000000001c0c        0xc ./FreeRTOS/portable/GCC/RISC-V/port.o
                0x0000000000001c0c                xPortSetInterruptMask
 .text.vPortClearInterruptMask
                0x0000000000001c18        0x6 ./FreeRTOS/portable/GCC/RISC-V/port.o
                0x0000000000001c18                vPortClearInterruptMask
 .text.vListInitialise
                0x0000000000001c1e       0x14 ./FreeRTOS/list.o
                0x0000000000001c1e                vListInitialise
 .text.vListInitialiseItem
                0x0000000000001c32        0x6 ./FreeRTOS/list.o
                0x0000000000001c32                vListInitialiseItem
 .text.vListInsert
                0x0000000000001c38       0x2e ./FreeRTOS/list.o
                0x0000000000001c38                vListInsert
 .text.uxListRemove
                0x0000000000001c66       0x20 ./FreeRTOS/list.o
                0x0000000000001c66                uxListRemove
 .text.prvIsQueueEmpty
                0x0000000000001c86       0x1a ./FreeRTOS/queue.o
 .text.prvCopyDataToQueue
                0x0000000000001ca0       0x72 ./FreeRTOS/queue.o
 .text.prvCopyDataFromQueue
                0x0000000000001d12       0x28 ./FreeRTOS/queue.o
 .text.prvUnlockQueue
                0x0000000000001d3a       0x6e ./FreeRTOS/queue.o
 .text.xQueueGenericReset
                0x0000000000001da8       0xbc ./FreeRTOS/queue.o
                0x0000000000001da8                xQueueGenericReset
 .text.xQueueGenericCreate
                0x0000000000001e64       0x72 ./FreeRTOS/queue.o
                0x0000000000001e64                xQueueGenericCreate
 .text.xQueueGenericSend
                0x0000000000001ed6      0x18e ./FreeRTOS/queue.o
                0x0000000000001ed6                xQueueGenericSend
 .text.xQueueGenericSendFromISR
                0x0000000000002064      0x124 ./FreeRTOS/queue.o
                0x0000000000002064                xQueueGenericSendFromISR
 .text.xQueueGiveFromISR
                0x0000000000002188      0x104 ./FreeRTOS/queue.o
                0x0000000000002188                xQueueGiveFromISR
 .text.xQueueReceive
                0x000000000000228c      0x15e ./FreeRTOS/queue.o
                0x000000000000228c                xQueueReceive
 .text.vQueueAddToRegistry
                0x00000000000023ea       0x6c ./FreeRTOS/queue.o
                0x00000000000023ea                vQueueAddToRegistry
 .text.vQueueWaitForMessageRestricted
                0x0000000000002456       0x5c ./FreeRTOS/queue.o
                0x0000000000002456                vQueueWaitForMessageRestricted
 .text.prvResetNextTaskUnblockTime
                0x00000000000024b2       0x24 ./FreeRTOS/tasks.o
 .text.prvAddCurrentTaskToDelayedList
                0x00000000000024d6       0xa6 ./FreeRTOS/tasks.o
 .text.prvIdleTask
                0x000000000000257c       0x52 ./FreeRTOS/tasks.o
 .text.xTaskCreate
                0x00000000000025ce      0x21a ./FreeRTOS/tasks.o
                0x00000000000025ce                xTaskCreate
 .text.vTaskStartScheduler
                0x00000000000027e8       0x90 ./FreeRTOS/tasks.o
                0x00000000000027e8                vTaskStartScheduler
 .text.vTaskSuspendAll
                0x0000000000002878       0x10 ./FreeRTOS/tasks.o
                0x0000000000002878                vTaskSuspendAll
 .text.xTaskGetTickCount
                0x0000000000002888        0xa ./FreeRTOS/tasks.o
                0x0000000000002888                xTaskGetTickCount
 .text.xTaskIncrementTick
                0x0000000000002892      0x1ac ./FreeRTOS/tasks.o
                0x0000000000002892                xTaskIncrementTick
 .text.xTaskResumeAll
                0x0000000000002a3e      0x166 ./FreeRTOS/tasks.o
                0x0000000000002a3e                xTaskResumeAll
 .text.vTaskDelay
                0x0000000000002ba4       0x64 ./FreeRTOS/tasks.o
                0x0000000000002ba4                vTaskDelay
 .text.vTaskSwitchContext
                0x0000000000002c08       0xd2 ./FreeRTOS/tasks.o
                0x0000000000002c08                vTaskSwitchContext
 .text.vTaskPlaceOnEventList
                0x0000000000002cda       0x48 ./FreeRTOS/tasks.o
                0x0000000000002cda                vTaskPlaceOnEventList
 .text.vTaskPlaceOnEventListRestricted
                0x0000000000002d22       0x76 ./FreeRTOS/tasks.o
                0x0000000000002d22                vTaskPlaceOnEventListRestricted
 .text.xTaskRemoveFromEventList
                0x0000000000002d98       0xec ./FreeRTOS/tasks.o
                0x0000000000002d98                xTaskRemoveFromEventList
 .text.vTaskInternalSetTimeOutState
                0x0000000000002e84       0x16 ./FreeRTOS/tasks.o
                0x0000000000002e84                vTaskInternalSetTimeOutState
 .text.xTaskCheckForTimeOut
                0x0000000000002e9a       0xc8 ./FreeRTOS/tasks.o
                0x0000000000002e9a                xTaskCheckForTimeOut
 .text.vTaskMissedYield
                0x0000000000002f62        0xc ./FreeRTOS/tasks.o
                0x0000000000002f62                vTaskMissedYield
 .text.xTaskGetSchedulerState
                0x0000000000002f6e       0x1c ./FreeRTOS/tasks.o
                0x0000000000002f6e                xTaskGetSchedulerState
 .text.xTaskPriorityDisinherit
                0x0000000000002f8a       0xca ./FreeRTOS/tasks.o
                0x0000000000002f8a                xTaskPriorityDisinherit
 .text.ulTaskGenericNotifyTake
                0x0000000000003054       0x98 ./FreeRTOS/tasks.o
                0x0000000000003054                ulTaskGenericNotifyTake
 .text.vTaskGenericNotifyGiveFromISR
                0x00000000000030ec      0x158 ./FreeRTOS/tasks.o
                0x00000000000030ec                vTaskGenericNotifyGiveFromISR
 .text.prvCheckForValidListAndQueue
                0x0000000000003244       0x66 ./FreeRTOS/timers.o
 .text.prvInsertTimerInActiveList
                0x00000000000032aa       0x46 ./FreeRTOS/timers.o
 .text.prvReloadTimer
                0x00000000000032f0       0x28 ./FreeRTOS/timers.o
 .text.prvProcessExpiredTimer
                0x0000000000003318       0x44 ./FreeRTOS/timers.o
 .text.prvSwitchTimerLists
                0x000000000000335c       0x2e ./FreeRTOS/timers.o
 .text.prvTimerTask
                0x000000000000338a      0x18e ./FreeRTOS/timers.o
 .text.xTimerCreateTimerTask
                0x0000000000003518       0x60 ./FreeRTOS/timers.o
                0x0000000000003518                xTimerCreateTimerTask
 .text.Delay_Init
                0x0000000000003578       0x32 ./Debug/debug.o
                0x0000000000003578                Delay_Init
 .text.USART_Printf_Init
                0x00000000000035aa       0x60 ./Debug/debug.o
                0x00000000000035aa                USART_Printf_Init
 .text._write   0x000000000000360a       0x3e ./Debug/debug.o
                0x000000000000360a                _write
 .text._sbrk    0x0000000000003648       0x2a ./Debug/debug.o
                0x0000000000003648                _sbrk
 .text.CAN1_Mode_Init
                0x0000000000003672       0xde ./BSP/CAN.o
                0x0000000000003672                CAN1_Mode_Init
 .text.CAN2_Mode_Init
                0x0000000000003750       0xe0 ./BSP/CAN.o
                0x0000000000003750                CAN2_Mode_Init
 .text.USB_HP_CAN1_TX_IRQHandler
                0x0000000000003830       0x46 ./BSP/CAN.o
                0x0000000000003830                USB_HP_CAN1_TX_IRQHandler
 .text.USB_LP_CAN1_RX0_IRQHandler
                0x0000000000003876       0x60 ./BSP/CAN.o
                0x0000000000003876                USB_LP_CAN1_RX0_IRQHandler
 .text.CAN2_TX_IRQHandler
                0x00000000000038d6       0x46 ./BSP/CAN.o
                0x00000000000038d6                CAN2_TX_IRQHandler
 .text.CAN2_RX0_IRQHandler
                0x000000000000391c       0x60 ./BSP/CAN.o
                0x000000000000391c                CAN2_RX0_IRQHandler
 .text.UART1_Init
                0x000000000000397c      0x158 ./BSP/UART.o
                0x000000000000397c                UART1_Init
 .text.UART2_Init
                0x0000000000003ad4      0x15c ./BSP/UART.o
                0x0000000000003ad4                UART2_Init
 .text.UART4_Init
                0x0000000000003c30      0x182 ./BSP/UART.o
                0x0000000000003c30                UART4_Init
 .text.USART1_IRQHandler
                0x0000000000003db2       0xae ./BSP/UART.o
                0x0000000000003db2                USART1_IRQHandler
 .text.DMA1_Channel4_IRQHandler
                0x0000000000003e60       0x42 ./BSP/UART.o
                0x0000000000003e60                DMA1_Channel4_IRQHandler
 .text.USART2_IRQHandler
                0x0000000000003ea2       0xae ./BSP/UART.o
                0x0000000000003ea2                USART2_IRQHandler
 .text.DMA1_Channel7_IRQHandler
                0x0000000000003f50       0x46 ./BSP/UART.o
                0x0000000000003f50                DMA1_Channel7_IRQHandler
 .text.USART3_IRQHandler
                0x0000000000003f96       0xae ./BSP/UART.o
                0x0000000000003f96                USART3_IRQHandler
 .text.DMA1_Channel2_IRQHandler
                0x0000000000004044       0x44 ./BSP/UART.o
                0x0000000000004044                DMA1_Channel2_IRQHandler
 .text.UART4_IRQHandler
                0x0000000000004088       0xae ./BSP/UART.o
                0x0000000000004088                UART4_IRQHandler
 .text.DMA2_Channel5_IRQHandler
                0x0000000000004136       0x50 ./BSP/UART.o
                0x0000000000004136                DMA2_Channel5_IRQHandler
 .text.UART6_IRQHandler
                0x0000000000004186       0xae ./BSP/UART.o
                0x0000000000004186                UART6_IRQHandler
 .text.DMA2_Channel6_IRQHandler
                0x0000000000004234       0x46 ./BSP/UART.o
                0x0000000000004234                DMA2_Channel6_IRQHandler
 .text.memcpy   0x000000000000427a       0xb2 /Applications/MounRiver Studio 2.app/Contents/Resources/app/resources/darwin/components/WCH/Toolchain/RISC-V Embedded GCC/bin/../lib/gcc/riscv-none-embed/8.2.0/../../../../riscv-none-embed/lib/rv32imacxw/ilp32/libg_nano.a(lib_a-memcpy.o)
                0x000000000000427a                memcpy
 .text.printf   0x000000000000432c       0x40 /Applications/MounRiver Studio 2.app/Contents/Resources/app/resources/darwin/components/WCH/Toolchain/RISC-V Embedded GCC/bin/../lib/gcc/riscv-none-embed/8.2.0/../../../../riscv-none-embed/lib/rv32imacxw/ilp32/libg_nano.a(lib_a-printf.o)
                0x000000000000432c                printf
                0x000000000000432c                iprintf
 .text.__swbuf_r
                0x000000000000436c       0xbc /Applications/MounRiver Studio 2.app/Contents/Resources/app/resources/darwin/components/WCH/Toolchain/RISC-V Embedded GCC/bin/../lib/gcc/riscv-none-embed/8.2.0/../../../../riscv-none-embed/lib/rv32imacxw/ilp32/libg_nano.a(lib_a-wbuf.o)
                0x000000000000436c                __swbuf_r
 .text.__swsetup_r
                0x0000000000004428       0xfc /Applications/MounRiver Studio 2.app/Contents/Resources/app/resources/darwin/components/WCH/Toolchain/RISC-V Embedded GCC/bin/../lib/gcc/riscv-none-embed/8.2.0/../../../../riscv-none-embed/lib/rv32imacxw/ilp32/libg_nano.a(lib_a-wsetup.o)
                0x0000000000004428                __swsetup_r
 .text.__sflush_r
                0x0000000000004524      0x130 /Applications/MounRiver Studio 2.app/Contents/Resources/app/resources/darwin/components/WCH/Toolchain/RISC-V Embedded GCC/bin/../lib/gcc/riscv-none-embed/8.2.0/../../../../riscv-none-embed/lib/rv32imacxw/ilp32/libg_nano.a(lib_a-fflush.o)
                0x0000000000004524                __sflush_r
 .text._fflush_r
                0x0000000000004654       0x66 /Applications/MounRiver Studio 2.app/Contents/Resources/app/resources/darwin/components/WCH/Toolchain/RISC-V Embedded GCC/bin/../lib/gcc/riscv-none-embed/8.2.0/../../../../riscv-none-embed/lib/rv32imacxw/ilp32/libg_nano.a(lib_a-fflush.o)
                0x0000000000004654                _fflush_r
 .text.std      0x00000000000046ba       0x66 /Applications/MounRiver Studio 2.app/Contents/Resources/app/resources/darwin/components/WCH/Toolchain/RISC-V Embedded GCC/bin/../lib/gcc/riscv-none-embed/8.2.0/../../../../riscv-none-embed/lib/rv32imacxw/ilp32/libg_nano.a(lib_a-findfp.o)
 .text._cleanup_r
                0x0000000000004720        0xa /Applications/MounRiver Studio 2.app/Contents/Resources/app/resources/darwin/components/WCH/Toolchain/RISC-V Embedded GCC/bin/../lib/gcc/riscv-none-embed/8.2.0/../../../../riscv-none-embed/lib/rv32imacxw/ilp32/libg_nano.a(lib_a-findfp.o)
                0x0000000000004720                _cleanup_r
 .text.__sfmoreglue
                0x000000000000472a       0x46 /Applications/MounRiver Studio 2.app/Contents/Resources/app/resources/darwin/components/WCH/Toolchain/RISC-V Embedded GCC/bin/../lib/gcc/riscv-none-embed/8.2.0/../../../../riscv-none-embed/lib/rv32imacxw/ilp32/libg_nano.a(lib_a-findfp.o)
                0x000000000000472a                __sfmoreglue
 .text.__sinit  0x0000000000004770       0x6c /Applications/MounRiver Studio 2.app/Contents/Resources/app/resources/darwin/components/WCH/Toolchain/RISC-V Embedded GCC/bin/../lib/gcc/riscv-none-embed/8.2.0/../../../../riscv-none-embed/lib/rv32imacxw/ilp32/libg_nano.a(lib_a-findfp.o)
                0x0000000000004770                __sinit
 .text.__sfp    0x00000000000047dc       0xa0 /Applications/MounRiver Studio 2.app/Contents/Resources/app/resources/darwin/components/WCH/Toolchain/RISC-V Embedded GCC/bin/../lib/gcc/riscv-none-embed/8.2.0/../../../../riscv-none-embed/lib/rv32imacxw/ilp32/libg_nano.a(lib_a-findfp.o)
                0x00000000000047dc                __sfp
 .text._fwalk_reent
                0x000000000000487c       0x6a /Applications/MounRiver Studio 2.app/Contents/Resources/app/resources/darwin/components/WCH/Toolchain/RISC-V Embedded GCC/bin/../lib/gcc/riscv-none-embed/8.2.0/../../../../riscv-none-embed/lib/rv32imacxw/ilp32/libg_nano.a(lib_a-fwalk.o)
                0x000000000000487c                _fwalk_reent
 .text.__swhatbuf_r
                0x00000000000048e6       0x58 /Applications/MounRiver Studio 2.app/Contents/Resources/app/resources/darwin/components/WCH/Toolchain/RISC-V Embedded GCC/bin/../lib/gcc/riscv-none-embed/8.2.0/../../../../riscv-none-embed/lib/rv32imacxw/ilp32/libg_nano.a(lib_a-makebuf.o)
                0x00000000000048e6                __swhatbuf_r
 .text.__smakebuf_r
                0x000000000000493e       0x92 /Applications/MounRiver Studio 2.app/Contents/Resources/app/resources/darwin/components/WCH/Toolchain/RISC-V Embedded GCC/bin/../lib/gcc/riscv-none-embed/8.2.0/../../../../riscv-none-embed/lib/rv32imacxw/ilp32/libg_nano.a(lib_a-makebuf.o)
                0x000000000000493e                __smakebuf_r
 .text._free_r  0x00000000000049d0       0xb0 /Applications/MounRiver Studio 2.app/Contents/Resources/app/resources/darwin/components/WCH/Toolchain/RISC-V Embedded GCC/bin/../lib/gcc/riscv-none-embed/8.2.0/../../../../riscv-none-embed/lib/rv32imacxw/ilp32/libg_nano.a(lib_a-nano-freer.o)
                0x00000000000049d0                _free_r
 .text._malloc_r
                0x0000000000004a80       0xdc /Applications/MounRiver Studio 2.app/Contents/Resources/app/resources/darwin/components/WCH/Toolchain/RISC-V Embedded GCC/bin/../lib/gcc/riscv-none-embed/8.2.0/../../../../riscv-none-embed/lib/rv32imacxw/ilp32/libg_nano.a(lib_a-nano-mallocr.o)
                0x0000000000004a80                _malloc_r
 .text.__sfputc_r
                0x0000000000004b5c       0x28 /Applications/MounRiver Studio 2.app/Contents/Resources/app/resources/darwin/components/WCH/Toolchain/RISC-V Embedded GCC/bin/../lib/gcc/riscv-none-embed/8.2.0/../../../../riscv-none-embed/lib/rv32imacxw/ilp32/libg_nano.a(lib_a-nano-vfprintf.o)
 .text.__sfputs_r
                0x0000000000004b84       0x42 /Applications/MounRiver Studio 2.app/Contents/Resources/app/resources/darwin/components/WCH/Toolchain/RISC-V Embedded GCC/bin/../lib/gcc/riscv-none-embed/8.2.0/../../../../riscv-none-embed/lib/rv32imacxw/ilp32/libg_nano.a(lib_a-nano-vfprintf.o)
                0x0000000000004b84                __sfputs_r
 .text._vfprintf_r
                0x0000000000004bc6      0x288 /Applications/MounRiver Studio 2.app/Contents/Resources/app/resources/darwin/components/WCH/Toolchain/RISC-V Embedded GCC/bin/../lib/gcc/riscv-none-embed/8.2.0/../../../../riscv-none-embed/lib/rv32imacxw/ilp32/libg_nano.a(lib_a-nano-vfprintf.o)
                0x0000000000004bc6                _vfiprintf_r
                0x0000000000004bc6                _vfprintf_r
 .text._printf_common
                0x0000000000004e4e      0x10c /Applications/MounRiver Studio 2.app/Contents/Resources/app/resources/darwin/components/WCH/Toolchain/RISC-V Embedded GCC/bin/../lib/gcc/riscv-none-embed/8.2.0/../../../../riscv-none-embed/lib/rv32imacxw/ilp32/libg_nano.a(lib_a-nano-vfprintf_i.o)
                0x0000000000004e4e                _printf_common
 .text._printf_i
                0x0000000000004f5a      0x2a2 /Applications/MounRiver Studio 2.app/Contents/Resources/app/resources/darwin/components/WCH/Toolchain/RISC-V Embedded GCC/bin/../lib/gcc/riscv-none-embed/8.2.0/../../../../riscv-none-embed/lib/rv32imacxw/ilp32/libg_nano.a(lib_a-nano-vfprintf_i.o)
                0x0000000000004f5a                _printf_i
 .text._sbrk_r  0x00000000000051fc       0x32 /Applications/MounRiver Studio 2.app/Contents/Resources/app/resources/darwin/components/WCH/Toolchain/RISC-V Embedded GCC/bin/../lib/gcc/riscv-none-embed/8.2.0/../../../../riscv-none-embed/lib/rv32imacxw/ilp32/libg_nano.a(lib_a-sbrkr.o)
                0x00000000000051fc                _sbrk_r
 .text.__sread  0x000000000000522e       0x2c /Applications/MounRiver Studio 2.app/Contents/Resources/app/resources/darwin/components/WCH/Toolchain/RISC-V Embedded GCC/bin/../lib/gcc/riscv-none-embed/8.2.0/../../../../riscv-none-embed/lib/rv32imacxw/ilp32/libg_nano.a(lib_a-stdio.o)
                0x000000000000522e                __sread
 .text.__swrite
                0x000000000000525a       0x48 /Applications/MounRiver Studio 2.app/Contents/Resources/app/resources/darwin/components/WCH/Toolchain/RISC-V Embedded GCC/bin/../lib/gcc/riscv-none-embed/8.2.0/../../../../riscv-none-embed/lib/rv32imacxw/ilp32/libg_nano.a(lib_a-stdio.o)
                0x000000000000525a                __swrite
 .text.__sseek  0x00000000000052a2       0x30 /Applications/MounRiver Studio 2.app/Contents/Resources/app/resources/darwin/components/WCH/Toolchain/RISC-V Embedded GCC/bin/../lib/gcc/riscv-none-embed/8.2.0/../../../../riscv-none-embed/lib/rv32imacxw/ilp32/libg_nano.a(lib_a-stdio.o)
                0x00000000000052a2                __sseek
 .text.__sclose
                0x00000000000052d2        0x6 /Applications/MounRiver Studio 2.app/Contents/Resources/app/resources/darwin/components/WCH/Toolchain/RISC-V Embedded GCC/bin/../lib/gcc/riscv-none-embed/8.2.0/../../../../riscv-none-embed/lib/rv32imacxw/ilp32/libg_nano.a(lib_a-stdio.o)
                0x00000000000052d2                __sclose
 .text._write_r
                0x00000000000052d8       0x36 /Applications/MounRiver Studio 2.app/Contents/Resources/app/resources/darwin/components/WCH/Toolchain/RISC-V Embedded GCC/bin/../lib/gcc/riscv-none-embed/8.2.0/../../../../riscv-none-embed/lib/rv32imacxw/ilp32/libg_nano.a(lib_a-writer.o)
                0x00000000000052d8                _write_r
 .text._close_r
                0x000000000000530e       0x30 /Applications/MounRiver Studio 2.app/Contents/Resources/app/resources/darwin/components/WCH/Toolchain/RISC-V Embedded GCC/bin/../lib/gcc/riscv-none-embed/8.2.0/../../../../riscv-none-embed/lib/rv32imacxw/ilp32/libg_nano.a(lib_a-closer.o)
                0x000000000000530e                _close_r
 .text._fstat_r
                0x000000000000533e       0x32 /Applications/MounRiver Studio 2.app/Contents/Resources/app/resources/darwin/components/WCH/Toolchain/RISC-V Embedded GCC/bin/../lib/gcc/riscv-none-embed/8.2.0/../../../../riscv-none-embed/lib/rv32imacxw/ilp32/libg_nano.a(lib_a-fstatr.o)
                0x000000000000533e                _fstat_r
 .text._isatty_r
                0x0000000000005370       0x30 /Applications/MounRiver Studio 2.app/Contents/Resources/app/resources/darwin/components/WCH/Toolchain/RISC-V Embedded GCC/bin/../lib/gcc/riscv-none-embed/8.2.0/../../../../riscv-none-embed/lib/rv32imacxw/ilp32/libg_nano.a(lib_a-isattyr.o)
                0x0000000000005370                _isatty_r
 .text._lseek_r
                0x00000000000053a0       0x34 /Applications/MounRiver Studio 2.app/Contents/Resources/app/resources/darwin/components/WCH/Toolchain/RISC-V Embedded GCC/bin/../lib/gcc/riscv-none-embed/8.2.0/../../../../riscv-none-embed/lib/rv32imacxw/ilp32/libg_nano.a(lib_a-lseekr.o)
                0x00000000000053a0                _lseek_r
 .text.memchr   0x00000000000053d4       0x18 /Applications/MounRiver Studio 2.app/Contents/Resources/app/resources/darwin/components/WCH/Toolchain/RISC-V Embedded GCC/bin/../lib/gcc/riscv-none-embed/8.2.0/../../../../riscv-none-embed/lib/rv32imacxw/ilp32/libg_nano.a(lib_a-memchr.o)
                0x00000000000053d4                memchr
 .text.__malloc_lock
                0x00000000000053ec        0x2 /Applications/MounRiver Studio 2.app/Contents/Resources/app/resources/darwin/components/WCH/Toolchain/RISC-V Embedded GCC/bin/../lib/gcc/riscv-none-embed/8.2.0/../../../../riscv-none-embed/lib/rv32imacxw/ilp32/libg_nano.a(lib_a-mlock.o)
                0x00000000000053ec                __malloc_lock
 .text.__malloc_unlock
                0x00000000000053ee        0x2 /Applications/MounRiver Studio 2.app/Contents/Resources/app/resources/darwin/components/WCH/Toolchain/RISC-V Embedded GCC/bin/../lib/gcc/riscv-none-embed/8.2.0/../../../../riscv-none-embed/lib/rv32imacxw/ilp32/libg_nano.a(lib_a-mlock.o)
                0x00000000000053ee                __malloc_unlock
 .text._read_r  0x00000000000053f0       0x34 /Applications/MounRiver Studio 2.app/Contents/Resources/app/resources/darwin/components/WCH/Toolchain/RISC-V Embedded GCC/bin/../lib/gcc/riscv-none-embed/8.2.0/../../../../riscv-none-embed/lib/rv32imacxw/ilp32/libg_nano.a(lib_a-readr.o)
                0x00000000000053f0                _read_r
 .text._close   0x0000000000005424       0x10 /Applications/MounRiver Studio 2.app/Contents/Resources/app/resources/darwin/components/WCH/Toolchain/RISC-V Embedded GCC/bin/../lib/gcc/riscv-none-embed/8.2.0/../../../../riscv-none-embed/lib/rv32imacxw/ilp32/libnosys.a(close.o)
                0x0000000000005424                _close
 .text._fstat   0x0000000000005434       0x10 /Applications/MounRiver Studio 2.app/Contents/Resources/app/resources/darwin/components/WCH/Toolchain/RISC-V Embedded GCC/bin/../lib/gcc/riscv-none-embed/8.2.0/../../../../riscv-none-embed/lib/rv32imacxw/ilp32/libnosys.a(fstat.o)
                0x0000000000005434                _fstat
 .text._isatty  0x0000000000005444       0x10 /Applications/MounRiver Studio 2.app/Contents/Resources/app/resources/darwin/components/WCH/Toolchain/RISC-V Embedded GCC/bin/../lib/gcc/riscv-none-embed/8.2.0/../../../../riscv-none-embed/lib/rv32imacxw/ilp32/libnosys.a(isatty.o)
                0x0000000000005444                _isatty
 .text._lseek   0x0000000000005454       0x10 /Applications/MounRiver Studio 2.app/Contents/Resources/app/resources/darwin/components/WCH/Toolchain/RISC-V Embedded GCC/bin/../lib/gcc/riscv-none-embed/8.2.0/../../../../riscv-none-embed/lib/rv32imacxw/ilp32/libnosys.a(lseek.o)
                0x0000000000005454                _lseek
 .text._read    0x0000000000005464       0x10 /Applications/MounRiver Studio 2.app/Contents/Resources/app/resources/darwin/components/WCH/Toolchain/RISC-V Embedded GCC/bin/../lib/gcc/riscv-none-embed/8.2.0/../../../../riscv-none-embed/lib/rv32imacxw/ilp32/libnosys.a(read.o)
                0x0000000000005464                _read
 *(.rodata)
 *(.rodata*)
 *fill*         0x0000000000005474        0x0 
 .rodata.OS_Entry.str1.4
                0x0000000000005474       0x5a ./OS/OS_Entry.o
 *fill*         0x00000000000054ce        0x2 
 .rodata.vApplicationStackOverflowHook.str1.4
                0x00000000000054d0       0x1c ./OS/OS_Entry.o
 .rodata.CAN2RecvTask.str1.4
                0x00000000000054ec       0x26 ./OS/Task_BackCtrl.o
 *fill*         0x0000000000005512        0x2 
 .rodata.TEST_CAN2_Tx_Task.str1.4
                0x0000000000005514        0x8 ./OS/Task_BackCtrl.o
 .rodata.pvPortMalloc.str1.4
                0x000000000000551c       0x49 ./FreeRTOS/portable/MemMang/heap_4.o
 *fill*         0x0000000000005565        0x3 
 .rodata.xPortStartScheduler.str1.4
                0x0000000000005568       0x27 ./FreeRTOS/portable/GCC/RISC-V/port.o
                                         0x49 (size before relaxing)
 *fill*         0x000000000000558f        0x1 
 .rodata.xQueueGenericReset.str1.4
                0x0000000000005590       0x14 ./FreeRTOS/queue.o
                                         0x35 (size before relaxing)
 .rodata.prvTaskIsTaskSuspended.str1.4
                0x00000000000055a4       0x14 ./FreeRTOS/tasks.o
                                         0x35 (size before relaxing)
 .rodata.vTaskStartScheduler.str1.4
                0x00000000000055b8        0x5 ./FreeRTOS/tasks.o
 *fill*         0x00000000000055bd        0x3 
 .rodata.prvTimerTask
                0x00000000000055c0       0x24 ./FreeRTOS/timers.o
 .rodata.prvCheckForValidListAndQueue.str1.4
                0x00000000000055e4        0x5 ./FreeRTOS/timers.o
 *fill*         0x00000000000055e9        0x3 
 .rodata.prvTimerTask.str1.4
                0x00000000000055ec       0x15 ./FreeRTOS/timers.o
                                         0x39 (size before relaxing)
 *fill*         0x0000000000005601        0x3 
 .rodata.xTimerCreateTimerTask.str1.4
                0x0000000000005604        0x8 ./FreeRTOS/timers.o
 .rodata.__sf_fake_stderr
                0x000000000000560c       0x20 /Applications/MounRiver Studio 2.app/Contents/Resources/app/resources/darwin/components/WCH/Toolchain/RISC-V Embedded GCC/bin/../lib/gcc/riscv-none-embed/8.2.0/../../../../riscv-none-embed/lib/rv32imacxw/ilp32/libg_nano.a(lib_a-findfp.o)
                0x000000000000560c                __sf_fake_stderr
 .rodata.__sf_fake_stdin
                0x000000000000562c       0x20 /Applications/MounRiver Studio 2.app/Contents/Resources/app/resources/darwin/components/WCH/Toolchain/RISC-V Embedded GCC/bin/../lib/gcc/riscv-none-embed/8.2.0/../../../../riscv-none-embed/lib/rv32imacxw/ilp32/libg_nano.a(lib_a-findfp.o)
                0x000000000000562c                __sf_fake_stdin
 .rodata.__sf_fake_stdout
                0x000000000000564c       0x20 /Applications/MounRiver Studio 2.app/Contents/Resources/app/resources/darwin/components/WCH/Toolchain/RISC-V Embedded GCC/bin/../lib/gcc/riscv-none-embed/8.2.0/../../../../riscv-none-embed/lib/rv32imacxw/ilp32/libg_nano.a(lib_a-findfp.o)
                0x000000000000564c                __sf_fake_stdout
 .rodata._vfprintf_r.str1.4
                0x000000000000566c       0x13 /Applications/MounRiver Studio 2.app/Contents/Resources/app/resources/darwin/components/WCH/Toolchain/RISC-V Embedded GCC/bin/../lib/gcc/riscv-none-embed/8.2.0/../../../../riscv-none-embed/lib/rv32imacxw/ilp32/libg_nano.a(lib_a-nano-vfprintf.o)
 *fill*         0x000000000000567f        0x1 
 .rodata._printf_i.str1.4
                0x0000000000005680       0x28 /Applications/MounRiver Studio 2.app/Contents/Resources/app/resources/darwin/components/WCH/Toolchain/RISC-V Embedded GCC/bin/../lib/gcc/riscv-none-embed/8.2.0/../../../../riscv-none-embed/lib/rv32imacxw/ilp32/libg_nano.a(lib_a-nano-vfprintf_i.o)
                                         0x25 (size before relaxing)
 *(.gnu.linkonce.t.*)
                0x00000000000056a8                . = ALIGN (0x4)

.rela.dyn       0x00000000000056a8        0x0
 .rela.init     0x00000000000056a8        0x0 ./User/ch32v30x_it.o
 .rela.vector   0x00000000000056a8        0x0 ./User/ch32v30x_it.o
 .rela.text.handle_reset
                0x00000000000056a8        0x0 ./User/ch32v30x_it.o
 .rela.text.xPortStartScheduler
                0x00000000000056a8        0x0 ./User/ch32v30x_it.o
 .rela.sdata2.xISRStackTop
                0x00000000000056a8        0x0 ./User/ch32v30x_it.o
 .rela.text._sbrk
                0x00000000000056a8        0x0 ./User/ch32v30x_it.o
 .rela.sdata.curbrk.5254
                0x00000000000056a8        0x0 ./User/ch32v30x_it.o
 .rela.text._vfprintf_r
                0x00000000000056a8        0x0 ./User/ch32v30x_it.o
 .rela.text._sbrk_r
                0x00000000000056a8        0x0 ./User/ch32v30x_it.o
 .rela.text._write_r
                0x00000000000056a8        0x0 ./User/ch32v30x_it.o
 .rela.text._close_r
                0x00000000000056a8        0x0 ./User/ch32v30x_it.o
 .rela.text._fstat_r
                0x00000000000056a8        0x0 ./User/ch32v30x_it.o
 .rela.text._isatty_r
                0x00000000000056a8        0x0 ./User/ch32v30x_it.o
 .rela.text._lseek_r
                0x00000000000056a8        0x0 ./User/ch32v30x_it.o
 .rela.text._read_r
                0x00000000000056a8        0x0 ./User/ch32v30x_it.o
 .rela.text._close
                0x00000000000056a8        0x0 ./User/ch32v30x_it.o
 .rela.text._fstat
                0x00000000000056a8        0x0 ./User/ch32v30x_it.o
 .rela.text._isatty
                0x00000000000056a8        0x0 ./User/ch32v30x_it.o
 .rela.text._lseek
                0x00000000000056a8        0x0 ./User/ch32v30x_it.o
 .rela.text._read
                0x00000000000056a8        0x0 ./User/ch32v30x_it.o

.fini           0x00000000000056a8        0x0
 *(SORT_NONE(.fini))
                0x00000000000056a8                . = ALIGN (0x4)
                [!provide]                        PROVIDE (_etext = .)
                [!provide]                        PROVIDE (_eitcm = .)

.preinit_array  0x00000000000056a8        0x0
                [!provide]                        PROVIDE (__preinit_array_start = .)
 *(.preinit_array)
                [!provide]                        PROVIDE (__preinit_array_end = .)

.init_array     0x00000000000056a8        0x0
                [!provide]                        PROVIDE (__init_array_start = .)
 *(SORT_BY_INIT_PRIORITY(.init_array.*) SORT_BY_INIT_PRIORITY(.ctors.*))
 *(.init_array EXCLUDE_FILE(*crtend?.o *crtend.o *crtbegin?.o *crtbegin.o) .ctors)
                [!provide]                        PROVIDE (__init_array_end = .)

.fini_array     0x00000000000056a8        0x0
                [!provide]                        PROVIDE (__fini_array_start = .)
 *(SORT_BY_INIT_PRIORITY(.fini_array.*) SORT_BY_INIT_PRIORITY(.dtors.*))
 *(.fini_array EXCLUDE_FILE(*crtend?.o *crtend.o *crtbegin?.o *crtbegin.o) .dtors)
                [!provide]                        PROVIDE (__fini_array_end = .)

.ctors
 *crtbegin.o(.ctors)
 *crtbegin?.o(.ctors)
 *(EXCLUDE_FILE(*crtend?.o *crtend.o) .ctors)
 *(SORT_BY_NAME(.ctors.*))
 *(.ctors)

.dtors
 *crtbegin.o(.dtors)
 *crtbegin?.o(.dtors)
 *(EXCLUDE_FILE(*crtend?.o *crtend.o) .dtors)
 *(SORT_BY_NAME(.dtors.*))
 *(.dtors)

.dalign         0x0000000020000000        0x0 load address 0x00000000000056a8
                0x0000000020000000                . = ALIGN (0x4)
                0x0000000020000000                PROVIDE (_data_vma = .)

.dlalign        0x00000000000056a8        0x0
                0x00000000000056a8                . = ALIGN (0x4)
                0x00000000000056a8                PROVIDE (_data_lma = .)

.data           0x0000000020000000       0xa0 load address 0x00000000000056a8
 *(.gnu.linkonce.r.*)
 *(.data .data.*)
 .data.AHBPrescTable
                0x0000000020000000       0x10 ./User/system_ch32v30x.o
                0x0000000020000000                AHBPrescTable
 .data.APBAHBPrescTable
                0x0000000020000010       0x10 ./Peripheral/src/ch32v30x_rcc.o
 .data.impure_data
                0x0000000020000020       0x60 /Applications/MounRiver Studio 2.app/Contents/Resources/app/resources/darwin/components/WCH/Toolchain/RISC-V Embedded GCC/bin/../lib/gcc/riscv-none-embed/8.2.0/../../../../riscv-none-embed/lib/rv32imacxw/ilp32/libg_nano.a(lib_a-impure.o)
 *(.gnu.linkonce.d.*)
                0x0000000020000080                . = ALIGN (0x8)
                0x0000000020000880                PROVIDE (__global_pointer$ = (. + 0x800))
 *(.sdata .sdata.*)
 .sdata.SystemCoreClock
                0x0000000020000080        0x4 ./User/system_ch32v30x.o
                0x0000000020000080                SystemCoreClock
 .sdata.ADCPrescTable
                0x0000000020000084        0x4 ./Peripheral/src/ch32v30x_rcc.o
 .sdata.uxCriticalNesting
                0x0000000020000088        0x4 ./FreeRTOS/portable/GCC/RISC-V/port.o
 .sdata.uxTopUsedPriority
                0x000000002000008c        0x4 ./FreeRTOS/tasks.o
                0x000000002000008c                uxTopUsedPriority
 .sdata.curbrk.5254
                0x0000000020000090        0x4 ./Debug/debug.o
 .sdata._impure_ptr
                0x0000000020000094        0x4 /Applications/MounRiver Studio 2.app/Contents/Resources/app/resources/darwin/components/WCH/Toolchain/RISC-V Embedded GCC/bin/../lib/gcc/riscv-none-embed/8.2.0/../../../../riscv-none-embed/lib/rv32imacxw/ilp32/libg_nano.a(lib_a-impure.o)
                0x0000000020000094                _impure_ptr
 *(.sdata2.*)
 .sdata2.xISRStackTop
                0x0000000020000098        0x4 ./FreeRTOS/portable/GCC/RISC-V/port.o
                0x0000000020000098                xISRStackTop
 .sdata2._global_impure_ptr
                0x000000002000009c        0x4 /Applications/MounRiver Studio 2.app/Contents/Resources/app/resources/darwin/components/WCH/Toolchain/RISC-V Embedded GCC/bin/../lib/gcc/riscv-none-embed/8.2.0/../../../../riscv-none-embed/lib/rv32imacxw/ilp32/libg_nano.a(lib_a-impure.o)
                0x000000002000009c                _global_impure_ptr
 *(.gnu.linkonce.s.*)
                0x00000000200000a0                . = ALIGN (0x8)
 *(.srodata.cst16)
 *(.srodata.cst8)
 *(.srodata.cst4)
 *(.srodata.cst2)
 *(.srodata .srodata.*)
                0x00000000200000a0                . = ALIGN (0x4)
                0x00000000200000a0                PROVIDE (_edata = .)

.bss            0x00000000200000a0     0xb848 load address 0x0000000000005748
                0x00000000200000a0                . = ALIGN (0x4)
                0x00000000200000a0                PROVIDE (_sbss = .)
 *(.sbss*)
 .sbss.NVIC_Priority_Group
                0x00000000200000a0        0x4 ./Peripheral/src/ch32v30x_misc.o
                0x00000000200000a0                NVIC_Priority_Group
 .sbss.CAN1_RxQueue
                0x00000000200000a4        0x4 ./OS/OS_objects.o
                0x00000000200000a4                CAN1_RxQueue
 .sbss.CAN1_Send_Task_Handler
                0x00000000200000a8        0x4 ./OS/OS_objects.o
                0x00000000200000a8                CAN1_Send_Task_Handler
 .sbss.CAN1_TxQueue
                0x00000000200000ac        0x4 ./OS/OS_objects.o
                0x00000000200000ac                CAN1_TxQueue
 .sbss.CAN2_Recv_Task_Handler
                0x00000000200000b0        0x4 ./OS/OS_objects.o
                0x00000000200000b0                CAN2_Recv_Task_Handler
 .sbss.CAN2_RxQueue
                0x00000000200000b4        0x4 ./OS/OS_objects.o
                0x00000000200000b4                CAN2_RxQueue
 .sbss.CAN2_Send_Task_Handler
                0x00000000200000b8        0x4 ./OS/OS_objects.o
                0x00000000200000b8                CAN2_Send_Task_Handler
 .sbss.CAN2_TxQueue
                0x00000000200000bc        0x4 ./OS/OS_objects.o
                0x00000000200000bc                CAN2_TxQueue
 .sbss.MotorCtrlQueue
                0x00000000200000c0        0x4 ./OS/OS_objects.o
                0x00000000200000c0                MotorCtrlQueue
 .sbss.Motor_CAN1_Send_Task_Handler
                0x00000000200000c4        0x4 ./OS/OS_objects.o
                0x00000000200000c4                Motor_CAN1_Send_Task_Handler
 .sbss.TEST_CAN2_Tx_Task_Handler
                0x00000000200000c8        0x4 ./OS/OS_objects.o
                0x00000000200000c8                TEST_CAN2_Tx_Task_Handler
 .sbss.uart1_rx_packet_queue
                0x00000000200000cc        0x4 ./OS/OS_objects.o
                0x00000000200000cc                uart1_rx_packet_queue
 .sbss.uart1_tx_done_semaphore
                0x00000000200000d0        0x4 ./OS/OS_objects.o
                0x00000000200000d0                uart1_tx_done_semaphore
 .sbss.uart1_tx_packet_queue
                0x00000000200000d4        0x4 ./OS/OS_objects.o
                0x00000000200000d4                uart1_tx_packet_queue
 .sbss.uart2_rx_packet_queue
                0x00000000200000d8        0x4 ./OS/OS_objects.o
                0x00000000200000d8                uart2_rx_packet_queue
 .sbss.uart2_tx_done_semaphore
                0x00000000200000dc        0x4 ./OS/OS_objects.o
                0x00000000200000dc                uart2_tx_done_semaphore
 .sbss.uart2_tx_packet_queue
                0x00000000200000e0        0x4 ./OS/OS_objects.o
                0x00000000200000e0                uart2_tx_packet_queue
 .sbss.uart3_rx_packet_queue
                0x00000000200000e4        0x4 ./OS/OS_objects.o
                0x00000000200000e4                uart3_rx_packet_queue
 .sbss.uart3_tx_done_semaphore
                0x00000000200000e8        0x4 ./OS/OS_objects.o
                0x00000000200000e8                uart3_tx_done_semaphore
 .sbss.uart3_tx_packet_queue
                0x00000000200000ec        0x4 ./OS/OS_objects.o
                0x00000000200000ec                uart3_tx_packet_queue
 .sbss.uart4_rx_packet_queue
                0x00000000200000f0        0x4 ./OS/OS_objects.o
                0x00000000200000f0                uart4_rx_packet_queue
 .sbss.uart4_tx_done_semaphore
                0x00000000200000f4        0x4 ./OS/OS_objects.o
                0x00000000200000f4                uart4_tx_done_semaphore
 .sbss.uart4_tx_packet_queue
                0x00000000200000f8        0x4 ./OS/OS_objects.o
                0x00000000200000f8                uart4_tx_packet_queue
 .sbss.uart6_rx_packet_queue
                0x00000000200000fc        0x4 ./OS/OS_objects.o
                0x00000000200000fc                uart6_rx_packet_queue
 .sbss.uart6_tx_done_semaphore
                0x0000000020000100        0x4 ./OS/OS_objects.o
                0x0000000020000100                uart6_tx_done_semaphore
 .sbss.uart6_tx_packet_queue
                0x0000000020000104        0x4 ./OS/OS_objects.o
                0x0000000020000104                uart6_tx_packet_queue
 .sbss.pxEnd    0x0000000020000108        0x4 ./FreeRTOS/portable/MemMang/heap_4.o
 .sbss.xBlockAllocatedBit
                0x000000002000010c        0x4 ./FreeRTOS/portable/MemMang/heap_4.o
 .sbss.xFreeBytesRemaining
                0x0000000020000110        0x4 ./FreeRTOS/portable/MemMang/heap_4.o
 .sbss.xMinimumEverFreeBytesRemaining
                0x0000000020000114        0x4 ./FreeRTOS/portable/MemMang/heap_4.o
 .sbss.xNumberOfSuccessfulAllocations
                0x0000000020000118        0x4 ./FreeRTOS/portable/MemMang/heap_4.o
 .sbss.xNumberOfSuccessfulFrees
                0x000000002000011c        0x4 ./FreeRTOS/portable/MemMang/heap_4.o
 .sbss.xStart   0x0000000020000120        0x8 ./FreeRTOS/portable/MemMang/heap_4.o
 .sbss.pxCurrentTCB
                0x0000000020000128        0x4 ./FreeRTOS/tasks.o
                0x0000000020000128                pxCurrentTCB
 .sbss.pxDelayedTaskList
                0x000000002000012c        0x4 ./FreeRTOS/tasks.o
 .sbss.pxOverflowDelayedTaskList
                0x0000000020000130        0x4 ./FreeRTOS/tasks.o
 .sbss.uxCurrentNumberOfTasks
                0x0000000020000134        0x4 ./FreeRTOS/tasks.o
 .sbss.uxDeletedTasksWaitingCleanUp
                0x0000000020000138        0x4 ./FreeRTOS/tasks.o
 .sbss.uxSchedulerSuspended
                0x000000002000013c        0x4 ./FreeRTOS/tasks.o
 .sbss.uxTaskNumber
                0x0000000020000140        0x4 ./FreeRTOS/tasks.o
 .sbss.uxTopReadyPriority
                0x0000000020000144        0x4 ./FreeRTOS/tasks.o
 .sbss.xIdleTaskHandle
                0x0000000020000148        0x4 ./FreeRTOS/tasks.o
 .sbss.xNextTaskUnblockTime
                0x000000002000014c        0x4 ./FreeRTOS/tasks.o
 .sbss.xNumOfOverflows
                0x0000000020000150        0x4 ./FreeRTOS/tasks.o
 .sbss.xPendedTicks
                0x0000000020000154        0x4 ./FreeRTOS/tasks.o
 .sbss.xSchedulerRunning
                0x0000000020000158        0x4 ./FreeRTOS/tasks.o
 .sbss.xTickCount
                0x000000002000015c        0x4 ./FreeRTOS/tasks.o
 .sbss.xYieldPending
                0x0000000020000160        0x4 ./FreeRTOS/tasks.o
 .sbss.pxCurrentTimerList
                0x0000000020000164        0x4 ./FreeRTOS/timers.o
 .sbss.pxOverflowTimerList
                0x0000000020000168        0x4 ./FreeRTOS/timers.o
 .sbss.xLastTime.6318
                0x000000002000016c        0x4 ./FreeRTOS/timers.o
 .sbss.xTimerQueue
                0x0000000020000170        0x4 ./FreeRTOS/timers.o
 .sbss.xTimerTaskHandle
                0x0000000020000174        0x4 ./FreeRTOS/timers.o
 .sbss.p_ms     0x0000000020000178        0x2 ./Debug/debug.o
 .sbss.p_us     0x000000002000017a        0x1 ./Debug/debug.o
 *fill*         0x000000002000017b        0x1 
 .sbss.__malloc_free_list
                0x000000002000017c        0x4 /Applications/MounRiver Studio 2.app/Contents/Resources/app/resources/darwin/components/WCH/Toolchain/RISC-V Embedded GCC/bin/../lib/gcc/riscv-none-embed/8.2.0/../../../../riscv-none-embed/lib/rv32imacxw/ilp32/libg_nano.a(lib_a-nano-mallocr.o)
                0x000000002000017c                __malloc_free_list
 .sbss.__malloc_sbrk_start
                0x0000000020000180        0x4 /Applications/MounRiver Studio 2.app/Contents/Resources/app/resources/darwin/components/WCH/Toolchain/RISC-V Embedded GCC/bin/../lib/gcc/riscv-none-embed/8.2.0/../../../../riscv-none-embed/lib/rv32imacxw/ilp32/libg_nano.a(lib_a-nano-mallocr.o)
                0x0000000020000180                __malloc_sbrk_start
 *(.gnu.linkonce.sb.*)
 *(.bss*)
 .bss.ucHeap    0x0000000020000184     0xa000 ./FreeRTOS/portable/MemMang/heap_4.o
 .bss.xQueueRegistry
                0x000000002000a184       0x40 ./FreeRTOS/queue.o
                0x000000002000a184                xQueueRegistry
 .bss.pxReadyTasksLists
                0x000000002000a1c4      0x12c ./FreeRTOS/tasks.o
 .bss.xDelayedTaskList1
                0x000000002000a2f0       0x14 ./FreeRTOS/tasks.o
 .bss.xDelayedTaskList2
                0x000000002000a304       0x14 ./FreeRTOS/tasks.o
 .bss.xPendingReadyList
                0x000000002000a318       0x14 ./FreeRTOS/tasks.o
 .bss.xSuspendedTaskList
                0x000000002000a32c       0x14 ./FreeRTOS/tasks.o
 .bss.xTasksWaitingTermination
                0x000000002000a340       0x14 ./FreeRTOS/tasks.o
 .bss.xActiveTimerList1
                0x000000002000a354       0x14 ./FreeRTOS/timers.o
 .bss.xActiveTimerList2
                0x000000002000a368       0x14 ./FreeRTOS/timers.o
 .bss.uart1_instance
                0x000000002000a37c      0x446 ./BSP/UART.o
                0x000000002000a37c                uart1_instance
 *fill*         0x000000002000a7c2        0x2 
 .bss.uart2_instance
                0x000000002000a7c4      0x446 ./BSP/UART.o
                0x000000002000a7c4                uart2_instance
 *fill*         0x000000002000ac0a        0x2 
 .bss.uart3_instance
                0x000000002000ac0c      0x446 ./BSP/UART.o
                0x000000002000ac0c                uart3_instance
 *fill*         0x000000002000b052        0x2 
 .bss.uart4_instance
                0x000000002000b054      0x446 ./BSP/UART.o
                0x000000002000b054                uart4_instance
 *fill*         0x000000002000b49a        0x2 
 .bss.uart6_instance
                0x000000002000b49c      0x446 ./BSP/UART.o
                0x000000002000b49c                uart6_instance
 *(.gnu.linkonce.b.*)
 *(COMMON*)
 *fill*         0x000000002000b8e2        0x2 
 COMMON         0x000000002000b8e4        0x4 /Applications/MounRiver Studio 2.app/Contents/Resources/app/resources/darwin/components/WCH/Toolchain/RISC-V Embedded GCC/bin/../lib/gcc/riscv-none-embed/8.2.0/../../../../riscv-none-embed/lib/rv32imacxw/ilp32/libg_nano.a(lib_a-reent.o)
                0x000000002000b8e4                errno
                0x000000002000b8e8                . = ALIGN (0x4)
                0x000000002000b8e8                PROVIDE (_ebss = .)
                0x000000002000b8e8                PROVIDE (_end = _ebss)
                [!provide]                        PROVIDE (end = .)

.stack          0x000000002000f800      0x800
                0x000000002000f800                PROVIDE (_heap_end = .)
                0x000000002000f800                . = ALIGN (0x4)
                [!provide]                        PROVIDE (_susrstack = .)
                0x0000000020010000                . = (. + __stack_size)
 *fill*         0x000000002000f800      0x800 
                0x0000000020010000                PROVIDE (_eusrstack = .)
                0x0000000020010000                __freertos_irq_stack_top = .
OUTPUT(MainCtrl_OS.elf elf32-littleriscv)

.debug_info     0x0000000000000000    0x1ee69
 .debug_info    0x0000000000000000      0xbb5 ./User/ch32v30x_it.o
 .debug_info    0x0000000000000bb5      0x963 ./User/main.o
 .debug_info    0x0000000000001518      0xbaa ./User/system_ch32v30x.o
 .debug_info    0x00000000000020c2       0x22 ./Startup/startup_ch32v30x_D8C.o
 .debug_info    0x00000000000020e4     0x17fc ./Peripheral/src/ch32v30x_can.o
 .debug_info    0x00000000000038e0      0xd0b ./Peripheral/src/ch32v30x_dma.o
 .debug_info    0x00000000000045eb     0x129f ./Peripheral/src/ch32v30x_gpio.o
 .debug_info    0x000000000000588a      0xf55 ./Peripheral/src/ch32v30x_misc.o
 .debug_info    0x00000000000067df     0x157f ./Peripheral/src/ch32v30x_rcc.o
 .debug_info    0x0000000000007d5e     0x13c2 ./Peripheral/src/ch32v30x_usart.o
 .debug_info    0x0000000000009120      0xea8 ./OS/OS_Entry.o
 .debug_info    0x0000000000009fc8     0x1144 ./OS/OS_objects.o
 .debug_info    0x000000000000b10c     0x112c ./OS/Task_BackCtrl.o
 .debug_info    0x000000000000c238     0x13dc ./OS/Task_LegCtrl.o
 .debug_info    0x000000000000d614      0xe51 ./FreeRTOS/portable/MemMang/heap_4.o
 .debug_info    0x000000000000e465     0x115e ./FreeRTOS/portable/GCC/RISC-V/port.o
 .debug_info    0x000000000000f5c3       0x26 ./FreeRTOS/portable/GCC/RISC-V/portASM.o
 .debug_info    0x000000000000f5e9      0xb75 ./FreeRTOS/list.o
 .debug_info    0x000000000001015e     0x3184 ./FreeRTOS/queue.o
 .debug_info    0x00000000000132e2     0x4270 ./FreeRTOS/tasks.o
 .debug_info    0x0000000000017552     0x21d8 ./FreeRTOS/timers.o
 .debug_info    0x000000000001972a      0xf64 ./Debug/debug.o
 .debug_info    0x000000000001a68e     0x1c0a ./BSP/CAN.o
 .debug_info    0x000000000001c298     0x2bd1 ./BSP/UART.o

.debug_abbrev   0x0000000000000000     0x4630
 .debug_abbrev  0x0000000000000000      0x22c ./User/ch32v30x_it.o
 .debug_abbrev  0x000000000000022c      0x1f1 ./User/main.o
 .debug_abbrev  0x000000000000041d      0x2c0 ./User/system_ch32v30x.o
 .debug_abbrev  0x00000000000006dd       0x12 ./Startup/startup_ch32v30x_D8C.o
 .debug_abbrev  0x00000000000006ef      0x3eb ./Peripheral/src/ch32v30x_can.o
 .debug_abbrev  0x0000000000000ada      0x2fd ./Peripheral/src/ch32v30x_dma.o
 .debug_abbrev  0x0000000000000dd7      0x31a ./Peripheral/src/ch32v30x_gpio.o
 .debug_abbrev  0x00000000000010f1      0x2e3 ./Peripheral/src/ch32v30x_misc.o
 .debug_abbrev  0x00000000000013d4      0x351 ./Peripheral/src/ch32v30x_rcc.o
 .debug_abbrev  0x0000000000001725      0x312 ./Peripheral/src/ch32v30x_usart.o
 .debug_abbrev  0x0000000000001a37      0x260 ./OS/OS_Entry.o
 .debug_abbrev  0x0000000000001c97      0x226 ./OS/OS_objects.o
 .debug_abbrev  0x0000000000001ebd      0x324 ./OS/Task_BackCtrl.o
 .debug_abbrev  0x00000000000021e1      0x32b ./OS/Task_LegCtrl.o
 .debug_abbrev  0x000000000000250c      0x36c ./FreeRTOS/portable/MemMang/heap_4.o
 .debug_abbrev  0x0000000000002878      0x3ad ./FreeRTOS/portable/GCC/RISC-V/port.o
 .debug_abbrev  0x0000000000002c25       0x14 ./FreeRTOS/portable/GCC/RISC-V/portASM.o
 .debug_abbrev  0x0000000000002c39      0x254 ./FreeRTOS/list.o
 .debug_abbrev  0x0000000000002e8d      0x472 ./FreeRTOS/queue.o
 .debug_abbrev  0x00000000000032ff      0x54e ./FreeRTOS/tasks.o
 .debug_abbrev  0x000000000000384d      0x44b ./FreeRTOS/timers.o
 .debug_abbrev  0x0000000000003c98      0x2f5 ./Debug/debug.o
 .debug_abbrev  0x0000000000003f8d      0x346 ./BSP/CAN.o
 .debug_abbrev  0x00000000000042d3      0x35d ./BSP/UART.o

.debug_aranges  0x0000000000000000      0xc08
 .debug_aranges
                0x0000000000000000       0x28 ./User/ch32v30x_it.o
 .debug_aranges
                0x0000000000000028       0x20 ./User/main.o
 .debug_aranges
                0x0000000000000048       0x28 ./User/system_ch32v30x.o
 .debug_aranges
                0x0000000000000070       0x30 ./Startup/startup_ch32v30x_D8C.o
 .debug_aranges
                0x00000000000000a0       0xd8 ./Peripheral/src/ch32v30x_can.o
 .debug_aranges
                0x0000000000000178       0x60 ./Peripheral/src/ch32v30x_dma.o
 .debug_aranges
                0x00000000000001d8       0xb0 ./Peripheral/src/ch32v30x_gpio.o
 .debug_aranges
                0x0000000000000288       0x28 ./Peripheral/src/ch32v30x_misc.o
 .debug_aranges
                0x00000000000002b0      0x1a8 ./Peripheral/src/ch32v30x_rcc.o
 .debug_aranges
                0x0000000000000458       0xf0 ./Peripheral/src/ch32v30x_usart.o
 .debug_aranges
                0x0000000000000548       0x28 ./OS/OS_Entry.o
 .debug_aranges
                0x0000000000000570       0x20 ./OS/OS_objects.o
 .debug_aranges
                0x0000000000000590       0x38 ./OS/Task_BackCtrl.o
 .debug_aranges
                0x00000000000005c8       0x48 ./OS/Task_LegCtrl.o
 .debug_aranges
                0x0000000000000610       0x50 ./FreeRTOS/portable/MemMang/heap_4.o
 .debug_aranges
                0x0000000000000660       0x58 ./FreeRTOS/portable/GCC/RISC-V/port.o
 .debug_aranges
                0x00000000000006b8       0x20 ./FreeRTOS/portable/GCC/RISC-V/portASM.o
 .debug_aranges
                0x00000000000006d8       0x40 ./FreeRTOS/list.o
 .debug_aranges
                0x0000000000000718      0x120 ./FreeRTOS/queue.o
 .debug_aranges
                0x0000000000000838      0x1e0 ./FreeRTOS/tasks.o
 .debug_aranges
                0x0000000000000a18       0xc8 ./FreeRTOS/timers.o
 .debug_aranges
                0x0000000000000ae0       0x50 ./Debug/debug.o
 .debug_aranges
                0x0000000000000b30       0x48 ./BSP/CAN.o
 .debug_aranges
                0x0000000000000b78       0x90 ./BSP/UART.o

.debug_ranges   0x0000000000000000     0x1180
 .debug_ranges  0x0000000000000000       0x18 ./User/ch32v30x_it.o
 .debug_ranges  0x0000000000000018       0x10 ./User/main.o
 .debug_ranges  0x0000000000000028       0x38 ./User/system_ch32v30x.o
 .debug_ranges  0x0000000000000060       0x28 ./Startup/startup_ch32v30x_D8C.o
 .debug_ranges  0x0000000000000088       0xf8 ./Peripheral/src/ch32v30x_can.o
 .debug_ranges  0x0000000000000180       0x50 ./Peripheral/src/ch32v30x_dma.o
 .debug_ranges  0x00000000000001d0       0xa0 ./Peripheral/src/ch32v30x_gpio.o
 .debug_ranges  0x0000000000000270       0x48 ./Peripheral/src/ch32v30x_misc.o
 .debug_ranges  0x00000000000002b8      0x198 ./Peripheral/src/ch32v30x_rcc.o
 .debug_ranges  0x0000000000000450       0xe0 ./Peripheral/src/ch32v30x_usart.o
 .debug_ranges  0x0000000000000530       0x18 ./OS/OS_Entry.o
 .debug_ranges  0x0000000000000548       0x10 ./OS/OS_objects.o
 .debug_ranges  0x0000000000000558       0x40 ./OS/Task_BackCtrl.o
 .debug_ranges  0x0000000000000598       0xd8 ./OS/Task_LegCtrl.o
 .debug_ranges  0x0000000000000670       0x40 ./FreeRTOS/portable/MemMang/heap_4.o
 .debug_ranges  0x00000000000006b0       0x60 ./FreeRTOS/portable/GCC/RISC-V/port.o
 .debug_ranges  0x0000000000000710       0x30 ./FreeRTOS/list.o
 .debug_ranges  0x0000000000000740      0x2e0 ./FreeRTOS/queue.o
 .debug_ranges  0x0000000000000a20      0x4a8 ./FreeRTOS/tasks.o
 .debug_ranges  0x0000000000000ec8      0x160 ./FreeRTOS/timers.o
 .debug_ranges  0x0000000000001028       0x40 ./Debug/debug.o
 .debug_ranges  0x0000000000001068       0x98 ./BSP/CAN.o
 .debug_ranges  0x0000000000001100       0x80 ./BSP/UART.o

.debug_line     0x0000000000000000    0x18d10
 .debug_line    0x0000000000000000      0x352 ./User/ch32v30x_it.o
 .debug_line    0x0000000000000352      0x2fc ./User/main.o
 .debug_line    0x000000000000064e      0x997 ./User/system_ch32v30x.o
 .debug_line    0x0000000000000fe5      0x122 ./Startup/startup_ch32v30x_D8C.o
 .debug_line    0x0000000000001107     0x1ad6 ./Peripheral/src/ch32v30x_can.o
 .debug_line    0x0000000000002bdd      0xa7a ./Peripheral/src/ch32v30x_dma.o
 .debug_line    0x0000000000003657     0x1300 ./Peripheral/src/ch32v30x_gpio.o
 .debug_line    0x0000000000004957      0x477 ./Peripheral/src/ch32v30x_misc.o
 .debug_line    0x0000000000004dce     0x1a32 ./Peripheral/src/ch32v30x_rcc.o
 .debug_line    0x0000000000006800      0xf9f ./Peripheral/src/ch32v30x_usart.o
 .debug_line    0x000000000000779f      0x5a6 ./OS/OS_Entry.o
 .debug_line    0x0000000000007d45      0x639 ./OS/OS_objects.o
 .debug_line    0x000000000000837e      0x67e ./OS/Task_BackCtrl.o
 .debug_line    0x00000000000089fc      0xa85 ./OS/Task_LegCtrl.o
 .debug_line    0x0000000000009481      0xd3f ./FreeRTOS/portable/MemMang/heap_4.o
 .debug_line    0x000000000000a1c0      0x864 ./FreeRTOS/portable/GCC/RISC-V/port.o
 .debug_line    0x000000000000aa24      0x374 ./FreeRTOS/portable/GCC/RISC-V/portASM.o
 .debug_line    0x000000000000ad98      0x75a ./FreeRTOS/list.o
 .debug_line    0x000000000000b4f2     0x3305 ./FreeRTOS/queue.o
 .debug_line    0x000000000000e7f7     0x5843 ./FreeRTOS/tasks.o
 .debug_line    0x000000000001403a     0x1728 ./FreeRTOS/timers.o
 .debug_line    0x0000000000015762      0x7e4 ./Debug/debug.o
 .debug_line    0x0000000000015f46      0xce5 ./BSP/CAN.o
 .debug_line    0x0000000000016c2b     0x20e5 ./BSP/UART.o

.debug_str      0x0000000000000000     0x4a7f
 .debug_str     0x0000000000000000      0x627 ./User/ch32v30x_it.o
                                        0x68f (size before relaxing)
 .debug_str     0x0000000000000627       0x1d ./User/main.o
                                        0x5a9 (size before relaxing)
 .debug_str     0x0000000000000644      0x12b ./User/system_ch32v30x.o
                                        0x6f5 (size before relaxing)
 .debug_str     0x000000000000076f       0x2e ./Startup/startup_ch32v30x_D8C.o
                                         0x61 (size before relaxing)
 .debug_str     0x000000000000079d      0x585 ./Peripheral/src/ch32v30x_can.o
                                        0xbc5 (size before relaxing)
 .debug_str     0x0000000000000d22      0x20c ./Peripheral/src/ch32v30x_dma.o
                                        0x7fd (size before relaxing)
 .debug_str     0x0000000000000f2e      0x3c5 ./Peripheral/src/ch32v30x_gpio.o
                                        0x9ba (size before relaxing)
 .debug_str     0x00000000000012f3      0x655 ./Peripheral/src/ch32v30x_misc.o
                                        0xcc3 (size before relaxing)
 .debug_str     0x0000000000001948      0x5ab ./Peripheral/src/ch32v30x_rcc.o
                                        0xce9 (size before relaxing)
 .debug_str     0x0000000000001ef3      0x3fb ./Peripheral/src/ch32v30x_usart.o
                                        0xb04 (size before relaxing)
 .debug_str     0x00000000000022ee      0x4a4 ./OS/OS_Entry.o
                                        0xaba (size before relaxing)
 .debug_str     0x0000000000002792       0x4e ./OS/OS_objects.o
                                        0xa11 (size before relaxing)
 .debug_str     0x00000000000027e0       0xc7 ./OS/Task_BackCtrl.o
                                        0xb2e (size before relaxing)
 .debug_str     0x00000000000028a7      0x146 ./OS/Task_LegCtrl.o
                                        0xc36 (size before relaxing)
 .debug_str     0x00000000000029ed      0x31c ./FreeRTOS/portable/MemMang/heap_4.o
                                        0x8de (size before relaxing)
 .debug_str     0x0000000000002d09      0x147 ./FreeRTOS/portable/GCC/RISC-V/port.o
                                        0xd5c (size before relaxing)
 .debug_str     0x0000000000002e50       0x2a ./FreeRTOS/portable/GCC/RISC-V/portASM.o
                                         0x69 (size before relaxing)
 .debug_str     0x0000000000002e7a      0x125 ./FreeRTOS/list.o
                                        0x6e8 (size before relaxing)
 .debug_str     0x0000000000002f9f      0x788 ./FreeRTOS/queue.o
                                       0x157a (size before relaxing)
 .debug_str     0x0000000000003727      0xbf3 ./FreeRTOS/tasks.o
                                       0x1c5b (size before relaxing)
 .debug_str     0x000000000000431a      0x50e ./FreeRTOS/timers.o
                                       0x13a5 (size before relaxing)
 .debug_str     0x0000000000004828       0x82 ./Debug/debug.o
                                        0x942 (size before relaxing)
 .debug_str     0x00000000000048aa       0xca ./BSP/CAN.o
                                       0x14c6 (size before relaxing)
 .debug_str     0x0000000000004974      0x10b ./BSP/UART.o
                                       0x15fa (size before relaxing)

.comment        0x0000000000000000       0x32
 .comment       0x0000000000000000       0x32 ./User/ch32v30x_it.o
                                         0x33 (size before relaxing)
 .comment       0x0000000000000032       0x33 ./User/main.o
 .comment       0x0000000000000032       0x33 ./User/system_ch32v30x.o
 .comment       0x0000000000000032       0x33 ./Peripheral/src/ch32v30x_can.o
 .comment       0x0000000000000032       0x33 ./Peripheral/src/ch32v30x_dma.o
 .comment       0x0000000000000032       0x33 ./Peripheral/src/ch32v30x_gpio.o
 .comment       0x0000000000000032       0x33 ./Peripheral/src/ch32v30x_misc.o
 .comment       0x0000000000000032       0x33 ./Peripheral/src/ch32v30x_rcc.o
 .comment       0x0000000000000032       0x33 ./Peripheral/src/ch32v30x_usart.o
 .comment       0x0000000000000032       0x33 ./OS/OS_Entry.o
 .comment       0x0000000000000032       0x33 ./OS/OS_objects.o
 .comment       0x0000000000000032       0x33 ./OS/Task_BackCtrl.o
 .comment       0x0000000000000032       0x33 ./OS/Task_LegCtrl.o
 .comment       0x0000000000000032       0x33 ./FreeRTOS/portable/MemMang/heap_4.o
 .comment       0x0000000000000032       0x33 ./FreeRTOS/portable/GCC/RISC-V/port.o
 .comment       0x0000000000000032       0x33 ./FreeRTOS/list.o
 .comment       0x0000000000000032       0x33 ./FreeRTOS/queue.o
 .comment       0x0000000000000032       0x33 ./FreeRTOS/tasks.o
 .comment       0x0000000000000032       0x33 ./FreeRTOS/timers.o
 .comment       0x0000000000000032       0x33 ./Debug/debug.o
 .comment       0x0000000000000032       0x33 ./BSP/CAN.o
 .comment       0x0000000000000032       0x33 ./BSP/UART.o

.debug_frame    0x0000000000000000     0x28d4
 .debug_frame   0x0000000000000000       0x30 ./User/ch32v30x_it.o
 .debug_frame   0x0000000000000030       0x2c ./User/main.o
 .debug_frame   0x000000000000005c       0x3c ./User/system_ch32v30x.o
 .debug_frame   0x0000000000000098      0x19c ./Peripheral/src/ch32v30x_can.o
 .debug_frame   0x0000000000000234       0xd8 ./Peripheral/src/ch32v30x_dma.o
 .debug_frame   0x000000000000030c      0x174 ./Peripheral/src/ch32v30x_gpio.o
 .debug_frame   0x0000000000000480       0x30 ./Peripheral/src/ch32v30x_misc.o
 .debug_frame   0x00000000000004b0      0x344 ./Peripheral/src/ch32v30x_rcc.o
 .debug_frame   0x00000000000007f4      0x1e4 ./Peripheral/src/ch32v30x_usart.o
 .debug_frame   0x00000000000009d8       0x44 ./OS/OS_Entry.o
 .debug_frame   0x0000000000000a1c       0x2c ./OS/OS_objects.o
 .debug_frame   0x0000000000000a48       0x8c ./OS/Task_BackCtrl.o
 .debug_frame   0x0000000000000ad4       0xd4 ./OS/Task_LegCtrl.o
 .debug_frame   0x0000000000000ba8       0xc8 ./FreeRTOS/portable/MemMang/heap_4.o
 .debug_frame   0x0000000000000c70       0xac ./FreeRTOS/portable/GCC/RISC-V/port.o
 .debug_frame   0x0000000000000d1c       0x60 ./FreeRTOS/list.o
 .debug_frame   0x0000000000000d7c      0x4c0 ./FreeRTOS/queue.o
 .debug_frame   0x000000000000123c      0x740 ./FreeRTOS/tasks.o
 .debug_frame   0x000000000000197c      0x2c8 ./FreeRTOS/timers.o
 .debug_frame   0x0000000000001c44       0xb8 ./Debug/debug.o
 .debug_frame   0x0000000000001cfc       0xf0 ./BSP/CAN.o
 .debug_frame   0x0000000000001dec      0x208 ./BSP/UART.o
 .debug_frame   0x0000000000001ff4       0x20 /Applications/MounRiver Studio 2.app/Contents/Resources/app/resources/darwin/components/WCH/Toolchain/RISC-V Embedded GCC/bin/../lib/gcc/riscv-none-embed/8.2.0/../../../../riscv-none-embed/lib/rv32imacxw/ilp32/libg_nano.a(lib_a-memcpy.o)
 .debug_frame   0x0000000000002014       0x54 /Applications/MounRiver Studio 2.app/Contents/Resources/app/resources/darwin/components/WCH/Toolchain/RISC-V Embedded GCC/bin/../lib/gcc/riscv-none-embed/8.2.0/../../../../riscv-none-embed/lib/rv32imacxw/ilp32/libg_nano.a(lib_a-printf.o)
 .debug_frame   0x0000000000002068       0x50 /Applications/MounRiver Studio 2.app/Contents/Resources/app/resources/darwin/components/WCH/Toolchain/RISC-V Embedded GCC/bin/../lib/gcc/riscv-none-embed/8.2.0/../../../../riscv-none-embed/lib/rv32imacxw/ilp32/libg_nano.a(lib_a-wbuf.o)
 .debug_frame   0x00000000000020b8       0x3c /Applications/MounRiver Studio 2.app/Contents/Resources/app/resources/darwin/components/WCH/Toolchain/RISC-V Embedded GCC/bin/../lib/gcc/riscv-none-embed/8.2.0/../../../../riscv-none-embed/lib/rv32imacxw/ilp32/libg_nano.a(lib_a-wsetup.o)
 .debug_frame   0x00000000000020f4       0x7c /Applications/MounRiver Studio 2.app/Contents/Resources/app/resources/darwin/components/WCH/Toolchain/RISC-V Embedded GCC/bin/../lib/gcc/riscv-none-embed/8.2.0/../../../../riscv-none-embed/lib/rv32imacxw/ilp32/libg_nano.a(lib_a-fflush.o)
 .debug_frame   0x0000000000002170      0x148 /Applications/MounRiver Studio 2.app/Contents/Resources/app/resources/darwin/components/WCH/Toolchain/RISC-V Embedded GCC/bin/../lib/gcc/riscv-none-embed/8.2.0/../../../../riscv-none-embed/lib/rv32imacxw/ilp32/libg_nano.a(lib_a-findfp.o)
 .debug_frame   0x00000000000022b8       0x88 /Applications/MounRiver Studio 2.app/Contents/Resources/app/resources/darwin/components/WCH/Toolchain/RISC-V Embedded GCC/bin/../lib/gcc/riscv-none-embed/8.2.0/../../../../riscv-none-embed/lib/rv32imacxw/ilp32/libg_nano.a(lib_a-fwalk.o)
 .debug_frame   0x0000000000002340       0x64 /Applications/MounRiver Studio 2.app/Contents/Resources/app/resources/darwin/components/WCH/Toolchain/RISC-V Embedded GCC/bin/../lib/gcc/riscv-none-embed/8.2.0/../../../../riscv-none-embed/lib/rv32imacxw/ilp32/libg_nano.a(lib_a-makebuf.o)
 .debug_frame   0x00000000000023a4       0x40 /Applications/MounRiver Studio 2.app/Contents/Resources/app/resources/darwin/components/WCH/Toolchain/RISC-V Embedded GCC/bin/../lib/gcc/riscv-none-embed/8.2.0/../../../../riscv-none-embed/lib/rv32imacxw/ilp32/libg_nano.a(lib_a-nano-freer.o)
 .debug_frame   0x00000000000023e4       0x40 /Applications/MounRiver Studio 2.app/Contents/Resources/app/resources/darwin/components/WCH/Toolchain/RISC-V Embedded GCC/bin/../lib/gcc/riscv-none-embed/8.2.0/../../../../riscv-none-embed/lib/rv32imacxw/ilp32/libg_nano.a(lib_a-nano-mallocr.o)
 .debug_frame   0x0000000000002424       0xd0 /Applications/MounRiver Studio 2.app/Contents/Resources/app/resources/darwin/components/WCH/Toolchain/RISC-V Embedded GCC/bin/../lib/gcc/riscv-none-embed/8.2.0/../../../../riscv-none-embed/lib/rv32imacxw/ilp32/libg_nano.a(lib_a-nano-vfprintf.o)
 .debug_frame   0x00000000000024f4       0x8c /Applications/MounRiver Studio 2.app/Contents/Resources/app/resources/darwin/components/WCH/Toolchain/RISC-V Embedded GCC/bin/../lib/gcc/riscv-none-embed/8.2.0/../../../../riscv-none-embed/lib/rv32imacxw/ilp32/libg_nano.a(lib_a-nano-vfprintf_i.o)
 .debug_frame   0x0000000000002580       0x30 /Applications/MounRiver Studio 2.app/Contents/Resources/app/resources/darwin/components/WCH/Toolchain/RISC-V Embedded GCC/bin/../lib/gcc/riscv-none-embed/8.2.0/../../../../riscv-none-embed/lib/rv32imacxw/ilp32/libg_nano.a(lib_a-sbrkr.o)
 .debug_frame   0x00000000000025b0       0xa4 /Applications/MounRiver Studio 2.app/Contents/Resources/app/resources/darwin/components/WCH/Toolchain/RISC-V Embedded GCC/bin/../lib/gcc/riscv-none-embed/8.2.0/../../../../riscv-none-embed/lib/rv32imacxw/ilp32/libg_nano.a(lib_a-stdio.o)
 .debug_frame   0x0000000000002654       0x30 /Applications/MounRiver Studio 2.app/Contents/Resources/app/resources/darwin/components/WCH/Toolchain/RISC-V Embedded GCC/bin/../lib/gcc/riscv-none-embed/8.2.0/../../../../riscv-none-embed/lib/rv32imacxw/ilp32/libg_nano.a(lib_a-writer.o)
 .debug_frame   0x0000000000002684       0x30 /Applications/MounRiver Studio 2.app/Contents/Resources/app/resources/darwin/components/WCH/Toolchain/RISC-V Embedded GCC/bin/../lib/gcc/riscv-none-embed/8.2.0/../../../../riscv-none-embed/lib/rv32imacxw/ilp32/libg_nano.a(lib_a-closer.o)
 .debug_frame   0x00000000000026b4       0x30 /Applications/MounRiver Studio 2.app/Contents/Resources/app/resources/darwin/components/WCH/Toolchain/RISC-V Embedded GCC/bin/../lib/gcc/riscv-none-embed/8.2.0/../../../../riscv-none-embed/lib/rv32imacxw/ilp32/libg_nano.a(lib_a-fstatr.o)
 .debug_frame   0x00000000000026e4       0x30 /Applications/MounRiver Studio 2.app/Contents/Resources/app/resources/darwin/components/WCH/Toolchain/RISC-V Embedded GCC/bin/../lib/gcc/riscv-none-embed/8.2.0/../../../../riscv-none-embed/lib/rv32imacxw/ilp32/libg_nano.a(lib_a-isattyr.o)
 .debug_frame   0x0000000000002714       0x30 /Applications/MounRiver Studio 2.app/Contents/Resources/app/resources/darwin/components/WCH/Toolchain/RISC-V Embedded GCC/bin/../lib/gcc/riscv-none-embed/8.2.0/../../../../riscv-none-embed/lib/rv32imacxw/ilp32/libg_nano.a(lib_a-lseekr.o)
 .debug_frame   0x0000000000002744       0x20 /Applications/MounRiver Studio 2.app/Contents/Resources/app/resources/darwin/components/WCH/Toolchain/RISC-V Embedded GCC/bin/../lib/gcc/riscv-none-embed/8.2.0/../../../../riscv-none-embed/lib/rv32imacxw/ilp32/libg_nano.a(lib_a-memchr.o)
 .debug_frame   0x0000000000002764       0x30 /Applications/MounRiver Studio 2.app/Contents/Resources/app/resources/darwin/components/WCH/Toolchain/RISC-V Embedded GCC/bin/../lib/gcc/riscv-none-embed/8.2.0/../../../../riscv-none-embed/lib/rv32imacxw/ilp32/libg_nano.a(lib_a-mlock.o)
 .debug_frame   0x0000000000002794       0x30 /Applications/MounRiver Studio 2.app/Contents/Resources/app/resources/darwin/components/WCH/Toolchain/RISC-V Embedded GCC/bin/../lib/gcc/riscv-none-embed/8.2.0/../../../../riscv-none-embed/lib/rv32imacxw/ilp32/libg_nano.a(lib_a-readr.o)
 .debug_frame   0x00000000000027c4       0x70 /Applications/MounRiver Studio 2.app/Contents/Resources/app/resources/darwin/components/WCH/Toolchain/RISC-V Embedded GCC/bin/../lib/gcc/riscv-none-embed/8.2.0/../../../../riscv-none-embed/lib/rv32imacxw/ilp32/libg_nano.a(lib_a-reent.o)
 .debug_frame   0x0000000000002834       0x20 /Applications/MounRiver Studio 2.app/Contents/Resources/app/resources/darwin/components/WCH/Toolchain/RISC-V Embedded GCC/bin/../lib/gcc/riscv-none-embed/8.2.0/../../../../riscv-none-embed/lib/rv32imacxw/ilp32/libnosys.a(close.o)
 .debug_frame   0x0000000000002854       0x20 /Applications/MounRiver Studio 2.app/Contents/Resources/app/resources/darwin/components/WCH/Toolchain/RISC-V Embedded GCC/bin/../lib/gcc/riscv-none-embed/8.2.0/../../../../riscv-none-embed/lib/rv32imacxw/ilp32/libnosys.a(fstat.o)
 .debug_frame   0x0000000000002874       0x20 /Applications/MounRiver Studio 2.app/Contents/Resources/app/resources/darwin/components/WCH/Toolchain/RISC-V Embedded GCC/bin/../lib/gcc/riscv-none-embed/8.2.0/../../../../riscv-none-embed/lib/rv32imacxw/ilp32/libnosys.a(isatty.o)
 .debug_frame   0x0000000000002894       0x20 /Applications/MounRiver Studio 2.app/Contents/Resources/app/resources/darwin/components/WCH/Toolchain/RISC-V Embedded GCC/bin/../lib/gcc/riscv-none-embed/8.2.0/../../../../riscv-none-embed/lib/rv32imacxw/ilp32/libnosys.a(lseek.o)
 .debug_frame   0x00000000000028b4       0x20 /Applications/MounRiver Studio 2.app/Contents/Resources/app/resources/darwin/components/WCH/Toolchain/RISC-V Embedded GCC/bin/../lib/gcc/riscv-none-embed/8.2.0/../../../../riscv-none-embed/lib/rv32imacxw/ilp32/libnosys.a(read.o)

.debug_loc      0x0000000000000000     0x84cb
 .debug_loc     0x0000000000000000      0x163 ./User/system_ch32v30x.o
 .debug_loc     0x0000000000000163      0x999 ./Peripheral/src/ch32v30x_can.o
 .debug_loc     0x0000000000000afc      0x19a ./Peripheral/src/ch32v30x_dma.o
 .debug_loc     0x0000000000000c96      0x72b ./Peripheral/src/ch32v30x_gpio.o
 .debug_loc     0x00000000000013c1       0x47 ./Peripheral/src/ch32v30x_misc.o
 .debug_loc     0x0000000000001408      0xadb ./Peripheral/src/ch32v30x_rcc.o
 .debug_loc     0x0000000000001ee3      0x779 ./Peripheral/src/ch32v30x_usart.o
 .debug_loc     0x000000000000265c       0x42 ./OS/OS_Entry.o
 .debug_loc     0x000000000000269e      0x12c ./OS/Task_BackCtrl.o
 .debug_loc     0x00000000000027ca      0x3a7 ./OS/Task_LegCtrl.o
 .debug_loc     0x0000000000002b71      0x330 ./FreeRTOS/portable/MemMang/heap_4.o
 .debug_loc     0x0000000000002ea1       0xad ./FreeRTOS/portable/GCC/RISC-V/port.o
 .debug_loc     0x0000000000002f4e       0x94 ./FreeRTOS/list.o
 .debug_loc     0x0000000000002fe2     0x1b49 ./FreeRTOS/queue.o
 .debug_loc     0x0000000000004b2b     0x283e ./FreeRTOS/tasks.o
 .debug_loc     0x0000000000007369      0xe7e ./FreeRTOS/timers.o
 .debug_loc     0x00000000000081e7      0x177 ./Debug/debug.o
 .debug_loc     0x000000000000835e       0x28 ./BSP/CAN.o
 .debug_loc     0x0000000000008386      0x145 ./BSP/UART.o

.stab           0x0000000000000000       0x84
 .stab          0x0000000000000000       0x24 /Applications/MounRiver Studio 2.app/Contents/Resources/app/resources/darwin/components/WCH/Toolchain/RISC-V Embedded GCC/bin/../lib/gcc/riscv-none-embed/8.2.0/../../../../riscv-none-embed/lib/rv32imacxw/ilp32/libnosys.a(close.o)
 .stab          0x0000000000000024       0x18 /Applications/MounRiver Studio 2.app/Contents/Resources/app/resources/darwin/components/WCH/Toolchain/RISC-V Embedded GCC/bin/../lib/gcc/riscv-none-embed/8.2.0/../../../../riscv-none-embed/lib/rv32imacxw/ilp32/libnosys.a(fstat.o)
                                         0x24 (size before relaxing)
 .stab          0x000000000000003c       0x18 /Applications/MounRiver Studio 2.app/Contents/Resources/app/resources/darwin/components/WCH/Toolchain/RISC-V Embedded GCC/bin/../lib/gcc/riscv-none-embed/8.2.0/../../../../riscv-none-embed/lib/rv32imacxw/ilp32/libnosys.a(isatty.o)
                                         0x24 (size before relaxing)
 .stab          0x0000000000000054       0x18 /Applications/MounRiver Studio 2.app/Contents/Resources/app/resources/darwin/components/WCH/Toolchain/RISC-V Embedded GCC/bin/../lib/gcc/riscv-none-embed/8.2.0/../../../../riscv-none-embed/lib/rv32imacxw/ilp32/libnosys.a(lseek.o)
                                         0x24 (size before relaxing)