Archive member included to satisfy reference by file (symbol)

d:/mounriver_studio2/resources/app/resources/win32/components/wch/toolchain/risc-v embedded gcc/bin/../lib/gcc/riscv-none-embed/8.2.0/rv32imacxw/ilp32\libgcc.a(save-restore.o)
                              ./Comm/Comm_L610.o (__riscv_save_11)
d:/mounriver_studio2/resources/app/resources/win32/components/wch/toolchain/risc-v embedded gcc/bin/../lib/gcc/riscv-none-embed/8.2.0/../../../../riscv-none-embed/lib/rv32imacxw/ilp32\libg_nano.a(lib_a-memcpy.o)
                              ./OS/Task_BackCtrl.o (memcpy)
d:/mounriver_studio2/resources/app/resources/win32/components/wch/toolchain/risc-v embedded gcc/bin/../lib/gcc/riscv-none-embed/8.2.0/../../../../riscv-none-embed/lib/rv32imacxw/ilp32\libg_nano.a(lib_a-memset.o)
                              ./FreeRTOS/stream_buffer.o (memset)
d:/mounriver_studio2/resources/app/resources/win32/components/wch/toolchain/risc-v embedded gcc/bin/../lib/gcc/riscv-none-embed/8.2.0/../../../../riscv-none-embed/lib/rv32imacxw/ilp32\libg_nano.a(lib_a-printf.o)
                              ./OS/OS_Entry.o (printf)
d:/mounriver_studio2/resources/app/resources/win32/components/wch/toolchain/risc-v embedded gcc/bin/../lib/gcc/riscv-none-embed/8.2.0/../../../../riscv-none-embed/lib/rv32imacxw/ilp32\libg_nano.a(lib_a-puts.o)
                              ./OS/Task_CoMCUComm.o (puts)
d:/mounriver_studio2/resources/app/resources/win32/components/wch/toolchain/risc-v embedded gcc/bin/../lib/gcc/riscv-none-embed/8.2.0/../../../../riscv-none-embed/lib/rv32imacxw/ilp32\libg_nano.a(lib_a-strlen.o)
                              ./FreeRTOS/tasks.o (strlen)
d:/mounriver_studio2/resources/app/resources/win32/components/wch/toolchain/risc-v embedded gcc/bin/../lib/gcc/riscv-none-embed/8.2.0/../../../../riscv-none-embed/lib/rv32imacxw/ilp32\libg_nano.a(lib_a-strstr.o)
                              ./Comm/Comm_L610.o (strstr)
d:/mounriver_studio2/resources/app/resources/win32/components/wch/toolchain/risc-v embedded gcc/bin/../lib/gcc/riscv-none-embed/8.2.0/../../../../riscv-none-embed/lib/rv32imacxw/ilp32\libg_nano.a(lib_a-strtod.o)
                              ./Comm/Comm_L610.o (strtof)
d:/mounriver_studio2/resources/app/resources/win32/components/wch/toolchain/risc-v embedded gcc/bin/../lib/gcc/riscv-none-embed/8.2.0/../../../../riscv-none-embed/lib/rv32imacxw/ilp32\libg_nano.a(lib_a-wbuf.o)
                              d:/mounriver_studio2/resources/app/resources/win32/components/wch/toolchain/risc-v embedded gcc/bin/../lib/gcc/riscv-none-embed/8.2.0/../../../../riscv-none-embed/lib/rv32imacxw/ilp32\libg_nano.a(lib_a-puts.o) (__swbuf_r)
d:/mounriver_studio2/resources/app/resources/win32/components/wch/toolchain/risc-v embedded gcc/bin/../lib/gcc/riscv-none-embed/8.2.0/../../../../riscv-none-embed/lib/rv32imacxw/ilp32\libg_nano.a(lib_a-wsetup.o)
                              d:/mounriver_studio2/resources/app/resources/win32/components/wch/toolchain/risc-v embedded gcc/bin/../lib/gcc/riscv-none-embed/8.2.0/../../../../riscv-none-embed/lib/rv32imacxw/ilp32\libg_nano.a(lib_a-puts.o) (__swsetup_r)
d:/mounriver_studio2/resources/app/resources/win32/components/wch/toolchain/risc-v embedded gcc/bin/../lib/gcc/riscv-none-embed/8.2.0/../../../../riscv-none-embed/lib/rv32imacxw/ilp32\libg_nano.a(lib_a-fflush.o)
                              d:/mounriver_studio2/resources/app/resources/win32/components/wch/toolchain/risc-v embedded gcc/bin/../lib/gcc/riscv-none-embed/8.2.0/../../../../riscv-none-embed/lib/rv32imacxw/ilp32\libg_nano.a(lib_a-wbuf.o) (_fflush_r)
d:/mounriver_studio2/resources/app/resources/win32/components/wch/toolchain/risc-v embedded gcc/bin/../lib/gcc/riscv-none-embed/8.2.0/../../../../riscv-none-embed/lib/rv32imacxw/ilp32\libg_nano.a(lib_a-findfp.o)
                              d:/mounriver_studio2/resources/app/resources/win32/components/wch/toolchain/risc-v embedded gcc/bin/../lib/gcc/riscv-none-embed/8.2.0/../../../../riscv-none-embed/lib/rv32imacxw/ilp32\libg_nano.a(lib_a-printf.o) (__sinit)
d:/mounriver_studio2/resources/app/resources/win32/components/wch/toolchain/risc-v embedded gcc/bin/../lib/gcc/riscv-none-embed/8.2.0/../../../../riscv-none-embed/lib/rv32imacxw/ilp32\libg_nano.a(lib_a-fwalk.o)
                              d:/mounriver_studio2/resources/app/resources/win32/components/wch/toolchain/risc-v embedded gcc/bin/../lib/gcc/riscv-none-embed/8.2.0/../../../../riscv-none-embed/lib/rv32imacxw/ilp32\libg_nano.a(lib_a-findfp.o) (_fwalk)
d:/mounriver_studio2/resources/app/resources/win32/components/wch/toolchain/risc-v embedded gcc/bin/../lib/gcc/riscv-none-embed/8.2.0/../../../../riscv-none-embed/lib/rv32imacxw/ilp32\libg_nano.a(lib_a-gdtoa-gethex.o)
                              d:/mounriver_studio2/resources/app/resources/win32/components/wch/toolchain/risc-v embedded gcc/bin/../lib/gcc/riscv-none-embed/8.2.0/../../../../riscv-none-embed/lib/rv32imacxw/ilp32\libg_nano.a(lib_a-strtod.o) (__gethex)
[...]
Memory Configuration

Name             Origin             Length             Attributes
FLASH            0x0000000000000000 0x0000000000040000 xr
RAM              0x0000000020000000 0x0000000000010000 xrw
*default*        0x0000000000000000 0xffffffffffffffff

Linker script and memory map

LOAD ./Utils/CRC.o
LOAD ./Utils/WDG.o
LOAD ./User/ch32v30x_it.o
LOAD ./User/main.o
LOAD ./User/system_ch32v30x.o
LOAD ./Startup/startup_ch32v30x_D8C.o
LOAD ./Peripheral/src/ch32v30x_adc.o
LOAD ./Peripheral/src/ch32v30x_bkp.o
LOAD ./Peripheral/src/ch32v30x_can.o
LOAD ./Peripheral/src/ch32v30x_crc.o
LOAD ./Peripheral/src/ch32v30x_dac.o
LOAD ./Peripheral/src/ch32v30x_dbgmcu.o
LOAD ./Peripheral/src/ch32v30x_dma.o
LOAD ./Peripheral/src/ch32v30x_dvp.o
LOAD ./Peripheral/src/ch32v30x_eth.o
LOAD ./Peripheral/src/ch32v30x_exti.o
LOAD ./Peripheral/src/ch32v30x_flash.o
LOAD ./Peripheral/src/ch32v30x_fsmc.o
LOAD ./Peripheral/src/ch32v30x_gpio.o
LOAD ./Peripheral/src/ch32v30x_i2c.o
LOAD ./Peripheral/src/ch32v30x_iwdg.o
LOAD ./Peripheral/src/ch32v30x_misc.o
LOAD ./Peripheral/src/ch32v30x_opa.o
LOAD ./Peripheral/src/ch32v30x_pwr.o
LOAD ./Peripheral/src/ch32v30x_rcc.o
LOAD ./Peripheral/src/ch32v30x_rng.o
LOAD ./Peripheral/src/ch32v30x_rtc.o
LOAD ./Peripheral/src/ch32v30x_sdio.o
LOAD ./Peripheral/src/ch32v30x_spi.o
LOAD ./Peripheral/src/ch32v30x_tim.o
LOAD ./Peripheral/src/ch32v30x_usart.o
LOAD ./Peripheral/src/ch32v30x_wwdg.o
LOAD ./OS/OS_Entry.o
LOAD ./OS/OS_objects.o
LOAD ./OS/Task_BackCtrl.o
LOAD ./OS/Task_CoMCUComm.o
LOAD ./OS/Task_FanCtrl.o
LOAD ./OS/Task_IMUComm.o
LOAD ./OS/Task_L610Comm.o
LOAD ./OS/Task_LegCtrl.o
LOAD ./OS/Task_TempCtrl.o
LOAD ./FreeRTOS/portable/MemMang/heap_4.o
LOAD ./FreeRTOS/portable/GCC/RISC-V/port.o
LOAD ./FreeRTOS/portable/GCC/RISC-V/portASM.o
LOAD ./FreeRTOS/croutine.o
LOAD ./FreeRTOS/event_groups.o
LOAD ./FreeRTOS/list.o
LOAD ./FreeRTOS/queue.o
LOAD ./FreeRTOS/stream_buffer.o
LOAD ./FreeRTOS/tasks.o
LOAD ./FreeRTOS/timers.o
LOAD ./Debug/debug.o
LOAD ./Core/core_riscv.o
LOAD ./Comm/Comm_CoMCU.o
LOAD ./Comm/Comm_IMU.o
LOAD ./Comm/Comm_L610.o
LOAD ./BSP/CAN.o
LOAD ./BSP/RS485.o
LOAD ./BSP/SPI.o
LOAD ./BSP/UART.o
LOAD ./Algorithm/PID.o
LOAD ./Adjustor/BackMotorAdjustor.o
LOAD ./Adjustor/FanAdjustor.o
LOAD ./Adjustor/LegMotorAdjustor.o
LOAD ./Adjustor/TempAdjustor.o
LOAD d:/mounriver_studio2/resources/app/resources/win32/components/wch/toolchain/risc-v embedded gcc/bin/../lib/gcc/riscv-none-embed/8.2.0/../../../../riscv-none-embed/lib/rv32imacxw/ilp32\libm.a
LOAD d:/mounriver_studio2/resources/app/resources/win32/components/wch/toolchain/risc-v embedded gcc/bin/../lib/gcc/riscv-none-embed/8.2.0/rv32imacxw/ilp32\libgcc.a
LOAD d:/mounriver_studio2/resources/app/resources/win32/components/wch/toolchain/risc-v embedded gcc/bin/../lib/gcc/riscv-none-embed/8.2.0/../../../../riscv-none-embed/lib/rv32imacxw/ilp32\libg_nano.a
LOAD d:/mounriver_studio2/resources/app/resources/win32/components/wch/toolchain/risc-v embedded gcc/bin/../lib/gcc/riscv-none-embed/8.2.0/../../../../riscv-none-embed/lib/rv32imacxw/ilp32\libc_nano.a
LOAD d:/mounriver_studio2/resources/app/resources/win32/components/wch/toolchain/risc-v embedded gcc/bin/../lib/gcc/riscv-none-embed/8.2.0/rv32imacxw/ilp32\libgcc.a
START GROUP
LOAD d:/mounriver_studio2/resources/app/resources/win32/components/wch/toolchain/risc-v embedded gcc/bin/../lib/gcc/riscv-none-embed/8.2.0/rv32imacxw/ilp32\libgcc.a
LOAD d:/mounriver_studio2/resources/app/resources/win32/components/wch/toolchain/risc-v embedded gcc/bin/../lib/gcc/riscv-none-embed/8.2.0/../../../../riscv-none-embed/lib/rv32imacxw/ilp32\libc_nano.a
LOAD d:/mounriver_studio2/resources/app/resources/win32/components/wch/toolchain/risc-v embedded gcc/bin/../lib/gcc/riscv-none-embed/8.2.0/../../../../riscv-none-embed/lib/rv32imacxw/ilp32\libnosys.a
END GROUP
START GROUP
LOAD d:/mounriver_studio2/resources/app/resources/win32/components/wch/toolchain/risc-v embedded gcc/bin/../lib/gcc/riscv-none-embed/8.2.0/rv32imacxw/ilp32\libgcc.a
LOAD d:/mounriver_studio2/resources/app/resources/win32/components/wch/toolchain/risc-v embedded gcc/bin/../lib/gcc/riscv-none-embed/8.2.0/../../../../riscv-none-embed/lib/rv32imacxw/ilp32\libc_nano.a
LOAD d:/mounriver_studio2/resources/app/resources/win32/components/wch/toolchain/risc-v embedded gcc/bin/../lib/gcc/riscv-none-embed/8.2.0/../../../../riscv-none-embed/lib/rv32imacxw/ilp32\libnosys.a
END GROUP
                0x0000000000000800                __stack_size = 0x800
                [!provide]                        PROVIDE (_stack_size = __stack_size)

.init           0x0000000000000000        0x4
                0x0000000000000000                _sinit = .
                0x0000000000000000                . = ALIGN (0x4)
 *(SORT_NONE(.init))
 .init          0x0000000000000000        0x4 ./Startup/startup_ch32v30x_D8C.o
                0x0000000000000000                _start
                0x0000000000000004                . = ALIGN (0x4)
                0x0000000000000004                _einit = .

.vector         0x0000000000000004      0x1bc
 *(.vector)
 .vector        0x0000000000000004      0x1a0 ./Startup/startup_ch32v30x_D8C.o
                0x00000000000001c0                . = ALIGN (0x40)
 *fill*         0x00000000000001a4       0x1c 

.text           0x0000000000000200     0x5498
                0x0000000000000200                . = ALIGN (0x4)
 *(.text)
 .text          0x0000000000000200      0x2e6 ./FreeRTOS/portable/GCC/RISC-V/portASM.o
                0x0000000000000200                SW_Handler
                0x0000000000000300                xPortStartFirstTask
                0x0000000000000400                pxPortInitialiseStack
 .text          0x00000000000004e6       0x60 d:/mounriver_studio2/resources/app/resources/win32/components/wch/toolchain/risc-v embedded gcc/bin/../lib/gcc/riscv-none-embed/8.2.0/rv32imacxw/ilp32\libgcc.a(save-restore.o)
                0x00000000000004e6                __riscv_save_12
                0x00000000000004ee                __riscv_save_9
                0x00000000000004ee                __riscv_save_11
                0x00000000000004ee                __riscv_save_10
                0x00000000000004ee                __riscv_save_8
                0x00000000000004fc                __riscv_save_4
                0x00000000000004fc                __riscv_save_6
                0x00000000000004fc                __riscv_save_5
                0x00000000000004fc                __riscv_save_7
                0x0000000000000516                __riscv_save_3
                0x0000000000000516                __riscv_save_2
                0x0000000000000516                __riscv_save_1
                0x0000000000000516                __riscv_save_0
                0x0000000000000522                __riscv_restore_12
                0x0000000000000526                __riscv_restore_11
                0x0000000000000526                __riscv_restore_9
                0x0000000000000526                __riscv_restore_10
                0x0000000000000526                __riscv_restore_8
                0x0000000000000530                __riscv_restore_5
                0x0000000000000530                __riscv_restore_7
                0x0000000000000530                __riscv_restore_6
                0x0000000000000530                __riscv_restore_4
                0x000000000000053a                __riscv_restore_3
                0x000000000000053a                __riscv_restore_0
                0x000000000000053a                __riscv_restore_2
                0x000000000000053a                __riscv_restore_1
 .text          0x0000000000000546       0xa8 d:/mounriver_studio2/resources/app/resources/win32/components/wch/toolchain/risc-v embedded gcc/bin/../lib/gcc/riscv-none-embed/8.2.0/../../../../riscv-none-embed/lib/rv32imacxw/ilp32\libg_nano.a(lib_a-memset.o)
                0x0000000000000546                memset
 *(.text.*)
 .text.NMI_Handler
                0x00000000000005ee        0x2 ./User/ch32v30x_it.o
                0x00000000000005ee                NMI_Handler
 .text.HardFault_Handler
                0x00000000000005f0       0x10 ./User/ch32v30x_it.o
                0x00000000000005f0                HardFault_Handler
 .text.startup.main
                0x0000000000000600        0xc ./User/main.o
                0x0000000000000600                main
 .text.SystemInit
                0x000000000000060c       0xf8 ./User/system_ch32v30x.o
                0x000000000000060c                SystemInit
 .text.SystemCoreClockUpdate
                0x0000000000000704      0x12e ./User/system_ch32v30x.o
                0x0000000000000704                SystemCoreClockUpdate
 .text.vector_handler
                0x0000000000000832        0x2 ./Startup/startup_ch32v30x_D8C.o
                0x0000000000000832                EXTI2_IRQHandler
                0x0000000000000832                TIM8_TRG_COM_IRQHandler
                0x0000000000000832                TIM8_CC_IRQHandler
                0x0000000000000832                UART8_IRQHandler
                0x0000000000000832                TIM1_CC_IRQHandler
                0x0000000000000832                TIM6_IRQHandler
                0x0000000000000832                PVD_IRQHandler
                0x0000000000000832                SDIO_IRQHandler
                0x0000000000000832                TIM9_BRK_IRQHandler
                0x0000000000000832                DMA2_Channel8_IRQHandler
                0x0000000000000832                CAN2_RX1_IRQHandler
                0x0000000000000832                EXTI3_IRQHandler
                0x0000000000000832                USBHS_IRQHandler
                0x0000000000000832                DMA2_Channel9_IRQHandler
                0x0000000000000832                TIM10_CC_IRQHandler
                0x0000000000000832                USBFS_IRQHandler
                0x0000000000000832                EXTI0_IRQHandler
                0x0000000000000832                I2C2_EV_IRQHandler
                0x0000000000000832                TIM10_TRG_COM_IRQHandler
                0x0000000000000832                CAN2_SCE_IRQHandler
                0x0000000000000832                ADC1_2_IRQHandler
                0x0000000000000832                Break_Point_Handler
                0x0000000000000832                SPI1_IRQHandler
                0x0000000000000832                TAMPER_IRQHandler
                0x0000000000000832                TIM8_UP_IRQHandler
                0x0000000000000832                Ecall_M_Mode_Handler
                0x0000000000000832                DMA2_Channel2_IRQHandler
                0x0000000000000832                TIM9_UP_IRQHandler
                0x0000000000000832                RTC_IRQHandler
                0x0000000000000832                CAN1_RX1_IRQHandler
                0x0000000000000832                DVP_IRQHandler
                0x0000000000000832                UART5_IRQHandler
                0x0000000000000832                TIM4_IRQHandler
                0x0000000000000832                DMA2_Channel1_IRQHandler
                0x0000000000000832                I2C1_EV_IRQHandler
                0x0000000000000832                DMA1_Channel6_IRQHandler
                0x0000000000000832                DMA2_Channel4_IRQHandler
                0x0000000000000832                TIM3_IRQHandler
                0x0000000000000832                RCC_IRQHandler
                0x0000000000000832                TIM1_TRG_COM_IRQHandler
                0x0000000000000832                DMA1_Channel1_IRQHandler
                0x0000000000000832                DMA2_Channel7_IRQHandler
                0x0000000000000832                EXTI15_10_IRQHandler
                0x0000000000000832                TIM7_IRQHandler
                0x0000000000000832                TIM5_IRQHandler
                0x0000000000000832                EXTI9_5_IRQHandler
                0x0000000000000832                ETH_WKUP_IRQHandler
                0x0000000000000832                SPI2_IRQHandler
                0x0000000000000832                TIM10_BRK_IRQHandler
                0x0000000000000832                TIM9_CC_IRQHandler
                0x0000000000000832                DMA1_Channel5_IRQHandler
                0x0000000000000832                EXTI4_IRQHandler
                0x0000000000000832                RNG_IRQHandler
                0x0000000000000832                DMA1_Channel3_IRQHandler
                0x0000000000000832                ETH_IRQHandler
                0x0000000000000832                TIM1_UP_IRQHandler
                0x0000000000000832                WWDG_IRQHandler
                0x0000000000000832                USBHSWakeup_IRQHandler
                0x0000000000000832                DMA2_Channel11_IRQHandler
                0x0000000000000832                Ecall_U_Mode_Handler
                0x0000000000000832                TIM2_IRQHandler
                0x0000000000000832                TIM1_BRK_IRQHandler
                0x0000000000000832                DMA2_Channel10_IRQHandler
                0x0000000000000832                EXTI1_IRQHandler
                0x0000000000000832                RTCAlarm_IRQHandler
                0x0000000000000832                TIM10_UP_IRQHandler
                0x0000000000000832                TIM9_TRG_COM_IRQHandler
                0x0000000000000832                UART7_IRQHandler
                0x0000000000000832                I2C2_ER_IRQHandler
                0x0000000000000832                TIM8_BRK_IRQHandler
                0x0000000000000832                CAN1_SCE_IRQHandler
                0x0000000000000832                FLASH_IRQHandler
                0x0000000000000832                SPI3_IRQHandler
                0x0000000000000832                I2C1_ER_IRQHandler
                0x0000000000000832                USBWakeUp_IRQHandler
                0x0000000000000832                DMA2_Channel3_IRQHandler
 .text.handle_reset
                0x0000000000000834       0x92 ./Startup/startup_ch32v30x_D8C.o
                0x0000000000000834                handle_reset
 .text.CAN_Init
                0x00000000000008c6       0xe8 ./Peripheral/src/ch32v30x_can.o
                0x00000000000008c6                CAN_Init
 .text.CAN_FilterInit
                0x00000000000009ae       0xee ./Peripheral/src/ch32v30x_can.o
                0x00000000000009ae                CAN_FilterInit
 .text.CAN_Transmit
                0x0000000000000a9c       0xbc ./Peripheral/src/ch32v30x_can.o
                0x0000000000000a9c                CAN_Transmit
 .text.CAN_Receive
                0x0000000000000b58       0x8c ./Peripheral/src/ch32v30x_can.o
                0x0000000000000b58                CAN_Receive
 .text.CAN_ITConfig
                0x0000000000000be4       0x12 ./Peripheral/src/ch32v30x_can.o
                0x0000000000000be4                CAN_ITConfig
 .text.CAN_GetITStatus
                0x0000000000000bf6       0xd0 ./Peripheral/src/ch32v30x_can.o
                0x0000000000000bf6                CAN_GetITStatus
 .text.CAN_ClearITPendingBit
                0x0000000000000cc6       0x94 ./Peripheral/src/ch32v30x_can.o
                0x0000000000000cc6                CAN_ClearITPendingBit
 .text.DMA_DeInit
                0x0000000000000d5a      0x16c ./Peripheral/src/ch32v30x_dma.o
                0x0000000000000d5a                DMA_DeInit
 .text.DMA_Init
                0x0000000000000ec6       0x38 ./Peripheral/src/ch32v30x_dma.o
                0x0000000000000ec6                DMA_Init
 .text.DMA_Cmd  0x0000000000000efe       0x14 ./Peripheral/src/ch32v30x_dma.o
                0x0000000000000efe                DMA_Cmd
 .text.DMA_ITConfig
                0x0000000000000f12       0x12 ./Peripheral/src/ch32v30x_dma.o
                0x0000000000000f12                DMA_ITConfig
 .text.DMA_SetCurrDataCounter
                0x0000000000000f24        0x4 ./Peripheral/src/ch32v30x_dma.o
                0x0000000000000f24                DMA_SetCurrDataCounter
 .text.DMA_GetCurrDataCounter
                0x0000000000000f28        0x8 ./Peripheral/src/ch32v30x_dma.o
                0x0000000000000f28                DMA_GetCurrDataCounter
 .text.DMA_GetFlagStatus
                0x0000000000000f30       0x32 ./Peripheral/src/ch32v30x_dma.o
                0x0000000000000f30                DMA_GetFlagStatus
 .text.DMA_ClearFlag
                0x0000000000000f62       0x2c ./Peripheral/src/ch32v30x_dma.o
                0x0000000000000f62                DMA_ClearFlag
 .text.DMA_GetITStatus
                0x0000000000000f8e        0xa ./Peripheral/src/ch32v30x_dma.o
                0x0000000000000f8e                DMA_GetITStatus
 .text.DMA_ClearITPendingBit
                0x0000000000000f98        0xa ./Peripheral/src/ch32v30x_dma.o
                0x0000000000000f98                DMA_ClearITPendingBit
 .text.GPIO_Init
                0x0000000000000fa2       0xc0 ./Peripheral/src/ch32v30x_gpio.o
                0x0000000000000fa2                GPIO_Init
 .text.GPIO_ResetBits
                0x0000000000001062        0x4 ./Peripheral/src/ch32v30x_gpio.o
                0x0000000000001062                GPIO_ResetBits
 .text.NVIC_PriorityGroupConfig
                0x0000000000001066        0xa ./Peripheral/src/ch32v30x_misc.o
                0x0000000000001066                NVIC_PriorityGroupConfig
 .text.NVIC_Init
                0x0000000000001070       0x52 ./Peripheral/src/ch32v30x_misc.o
                0x0000000000001070                NVIC_Init
 .text.RCC_GetClocksFreq
                0x00000000000010c2      0x176 ./Peripheral/src/ch32v30x_rcc.o
                0x00000000000010c2                RCC_GetClocksFreq
 .text.RCC_AHBPeriphClockCmd
                0x0000000000001238       0x1e ./Peripheral/src/ch32v30x_rcc.o
                0x0000000000001238                RCC_AHBPeriphClockCmd
 .text.RCC_APB2PeriphClockCmd
                0x0000000000001256       0x1e ./Peripheral/src/ch32v30x_rcc.o
                0x0000000000001256                RCC_APB2PeriphClockCmd
 .text.RCC_APB1PeriphClockCmd
                0x0000000000001274       0x1e ./Peripheral/src/ch32v30x_rcc.o
                0x0000000000001274                RCC_APB1PeriphClockCmd
 .text.USART_Init
                0x0000000000001292       0x8e ./Peripheral/src/ch32v30x_usart.o
                0x0000000000001292                USART_Init
 .text.USART_Cmd
                0x0000000000001320       0x16 ./Peripheral/src/ch32v30x_usart.o
                0x0000000000001320                USART_Cmd
 .text.USART_ITConfig
                0x0000000000001336       0x36 ./Peripheral/src/ch32v30x_usart.o
                0x0000000000001336                USART_ITConfig
 .text.USART_DMACmd
                0x000000000000136c       0x12 ./Peripheral/src/ch32v30x_usart.o
                0x000000000000136c                USART_DMACmd
 .text.USART_SendData
                0x000000000000137e        0x8 ./Peripheral/src/ch32v30x_usart.o
                0x000000000000137e                USART_SendData
 .text.USART_GetFlagStatus
                0x0000000000001386        0xa ./Peripheral/src/ch32v30x_usart.o
                0x0000000000001386                USART_GetFlagStatus
 .text.USART_GetITStatus
                0x0000000000001390       0x3c ./Peripheral/src/ch32v30x_usart.o
                0x0000000000001390                USART_GetITStatus
 .text.OS_Entry
                0x00000000000013cc       0xec ./OS/OS_Entry.o
                0x00000000000013cc                OS_Entry
 .text.vApplicationStackOverflowHook
                0x00000000000014b8       0x1c ./OS/OS_Entry.o
                0x00000000000014b8                vApplicationStackOverflowHook
 .text.OSObjects_Init
                0x00000000000014d4      0x1a4 ./OS/OS_objects.o
                0x00000000000014d4                OSObjects_Init
 .text.CAN2RecvTask
                0x0000000000001678       0x34 ./OS/Task_BackCtrl.o
                0x0000000000001678                CAN2RecvTask
 .text.CAN2SendTask
                0x00000000000016ac       0x3e ./OS/Task_BackCtrl.o
                0x00000000000016ac                CAN2SendTask
 .text.CAN2_SendMessage
                0x00000000000016ea       0x20 ./OS/Task_BackCtrl.o
                0x00000000000016ea                CAN2_SendMessage
 .text.TEST_CAN2_Tx_Task
                0x000000000000170a       0x38 ./OS/Task_BackCtrl.o
                0x000000000000170a                TEST_CAN2_Tx_Task
 .text.CAN1SendTask
                0x0000000000001742       0x3e ./OS/Task_LegCtrl.o
                0x0000000000001742                CAN1SendTask
 .text.CAN1_SendMessage
                0x0000000000001780       0x20 ./OS/Task_LegCtrl.o
                0x0000000000001780                CAN1_SendMessage
 .text.TEST_CAN1_Tx_Task
                0x00000000000017a0       0x78 ./OS/Task_LegCtrl.o
                0x00000000000017a0                TEST_CAN1_Tx_Task
 .text.prvInsertBlockIntoFreeList
                0x0000000000001818       0x4c ./FreeRTOS/portable/MemMang/heap_4.o
 .text.pvPortMalloc
                0x0000000000001864      0x18a ./FreeRTOS/portable/MemMang/heap_4.o
                0x0000000000001864                pvPortMalloc
 .text.vPortFree
                0x00000000000019ee       0xa6 ./FreeRTOS/portable/MemMang/heap_4.o
                0x00000000000019ee                vPortFree
 .text.vPortSetupTimerInterrupt
                0x0000000000001a94       0x3e ./FreeRTOS/portable/GCC/RISC-V/port.o
                0x0000000000001a94                vPortSetupTimerInterrupt
 .text.xPortStartScheduler
                0x0000000000001ad2       0x8e ./FreeRTOS/portable/GCC/RISC-V/port.o
                0x0000000000001ad2                xPortStartScheduler
 .text.SysTick_Handler
                0x0000000000001b60       0x38 ./FreeRTOS/portable/GCC/RISC-V/port.o
                0x0000000000001b60                SysTick_Handler
 .text.vPortEnterCritical
                0x0000000000001b98       0x16 ./FreeRTOS/portable/GCC/RISC-V/port.o
                0x0000000000001b98                vPortEnterCritical
 .text.vPortExitCritical
                0x0000000000001bae       0x42 ./FreeRTOS/portable/GCC/RISC-V/port.o
                0x0000000000001bae                vPortExitCritical
 .text.xPortSetInterruptMask
                0x0000000000001bf0        0xc ./FreeRTOS/portable/GCC/RISC-V/port.o
                0x0000000000001bf0                xPortSetInterruptMask
 .text.vPortClearInterruptMask
                0x0000000000001bfc        0x6 ./FreeRTOS/portable/GCC/RISC-V/port.o
                0x0000000000001bfc                vPortClearInterruptMask
 .text.vListInitialise
                0x0000000000001c02       0x14 ./FreeRTOS/list.o
                0x0000000000001c02                vListInitialise
 .text.vListInitialiseItem
                0x0000000000001c16        0x6 ./FreeRTOS/list.o
                0x0000000000001c16                vListInitialiseItem
 .text.vListInsert
                0x0000000000001c1c       0x2e ./FreeRTOS/list.o
                0x0000000000001c1c                vListInsert
 .text.uxListRemove
                0x0000000000001c4a       0x20 ./FreeRTOS/list.o
                0x0000000000001c4a                uxListRemove
 .text.prvIsQueueEmpty
                0x0000000000001c6a       0x1a ./FreeRTOS/queue.o
 .text.prvCopyDataToQueue
                0x0000000000001c84       0x72 ./FreeRTOS/queue.o
 .text.prvCopyDataFromQueue
                0x0000000000001cf6       0x28 ./FreeRTOS/queue.o
 .text.prvUnlockQueue
                0x0000000000001d1e       0x6e ./FreeRTOS/queue.o
 .text.xQueueGenericReset
                0x0000000000001d8c       0xbc ./FreeRTOS/queue.o
                0x0000000000001d8c                xQueueGenericReset
 .text.xQueueGenericCreate
                0x0000000000001e48       0x72 ./FreeRTOS/queue.o
                0x0000000000001e48                xQueueGenericCreate
 .text.xQueueGenericSend
                0x0000000000001eba      0x18e ./FreeRTOS/queue.o
                0x0000000000001eba                xQueueGenericSend
 .text.xQueueGenericSendFromISR
                0x0000000000002048      0x124 ./FreeRTOS/queue.o
                0x0000000000002048                xQueueGenericSendFromISR
 .text.xQueueGiveFromISR
                0x000000000000216c      0x104 ./FreeRTOS/queue.o
                0x000000000000216c                xQueueGiveFromISR
 .text.xQueueReceive
                0x0000000000002270      0x15e ./FreeRTOS/queue.o
                0x0000000000002270                xQueueReceive
 .text.vQueueAddToRegistry
                0x00000000000023ce       0x6c ./FreeRTOS/queue.o
                0x00000000000023ce                vQueueAddToRegistry
 .text.vQueueWaitForMessageRestricted
                0x000000000000243a       0x5c ./FreeRTOS/queue.o
                0x000000000000243a                vQueueWaitForMessageRestricted
 .text.prvResetNextTaskUnblockTime
                0x0000000000002496       0x24 ./FreeRTOS/tasks.o
 .text.prvAddCurrentTaskToDelayedList
                0x00000000000024ba       0xa6 ./FreeRTOS/tasks.o
 .text.prvIdleTask
                0x0000000000002560       0x52 ./FreeRTOS/tasks.o
 .text.xTaskCreate
                0x00000000000025b2      0x21a ./FreeRTOS/tasks.o
                0x00000000000025b2                xTaskCreate
 .text.vTaskStartScheduler
                0x00000000000027cc       0x90 ./FreeRTOS/tasks.o
                0x00000000000027cc                vTaskStartScheduler
 .text.vTaskSuspendAll
                0x000000000000285c       0x10 ./FreeRTOS/tasks.o
                0x000000000000285c                vTaskSuspendAll
 .text.xTaskGetTickCount
                0x000000000000286c        0xa ./FreeRTOS/tasks.o
                0x000000000000286c                xTaskGetTickCount
 .text.xTaskIncrementTick
                0x0000000000002876      0x1ac ./FreeRTOS/tasks.o
                0x0000000000002876                xTaskIncrementTick
 .text.xTaskResumeAll
                0x0000000000002a22      0x166 ./FreeRTOS/tasks.o
                0x0000000000002a22                xTaskResumeAll
 .text.vTaskDelay
                0x0000000000002b88       0x64 ./FreeRTOS/tasks.o
                0x0000000000002b88                vTaskDelay
 .text.vTaskSwitchContext
                0x0000000000002bec       0xd2 ./FreeRTOS/tasks.o
                0x0000000000002bec                vTaskSwitchContext
 .text.vTaskPlaceOnEventList
                0x0000000000002cbe       0x48 ./FreeRTOS/tasks.o
                0x0000000000002cbe                vTaskPlaceOnEventList
 .text.vTaskPlaceOnEventListRestricted
                0x0000000000002d06       0x76 ./FreeRTOS/tasks.o
                0x0000000000002d06                vTaskPlaceOnEventListRestricted
 .text.xTaskRemoveFromEventList
                0x0000000000002d7c       0xec ./FreeRTOS/tasks.o
                0x0000000000002d7c                xTaskRemoveFromEventList
 .text.vTaskInternalSetTimeOutState
                0x0000000000002e68       0x16 ./FreeRTOS/tasks.o
                0x0000000000002e68                vTaskInternalSetTimeOutState
 .text.xTaskCheckForTimeOut
                0x0000000000002e7e       0xc8 ./FreeRTOS/tasks.o
                0x0000000000002e7e                xTaskCheckForTimeOut
 .text.vTaskMissedYield
                0x0000000000002f46        0xc ./FreeRTOS/tasks.o
                0x0000000000002f46                vTaskMissedYield
 .text.xTaskGetSchedulerState
                0x0000000000002f52       0x1c ./FreeRTOS/tasks.o
                0x0000000000002f52                xTaskGetSchedulerState
 .text.xTaskPriorityDisinherit
                0x0000000000002f6e       0xca ./FreeRTOS/tasks.o
                0x0000000000002f6e                xTaskPriorityDisinherit
 .text.ulTaskGenericNotifyTake
                0x0000000000003038       0x98 ./FreeRTOS/tasks.o
                0x0000000000003038                ulTaskGenericNotifyTake
 .text.vTaskGenericNotifyGiveFromISR
                0x00000000000030d0      0x158 ./FreeRTOS/tasks.o
                0x00000000000030d0                vTaskGenericNotifyGiveFromISR
 .text.prvCheckForValidListAndQueue
                0x0000000000003228       0x66 ./FreeRTOS/timers.o
 .text.prvInsertTimerInActiveList
                0x000000000000328e       0x46 ./FreeRTOS/timers.o
 .text.prvReloadTimer
                0x00000000000032d4       0x28 ./FreeRTOS/timers.o
 .text.prvProcessExpiredTimer
                0x00000000000032fc       0x44 ./FreeRTOS/timers.o
 .text.prvSwitchTimerLists
                0x0000000000003340       0x2e ./FreeRTOS/timers.o
 .text.prvTimerTask
                0x000000000000336e      0x18e ./FreeRTOS/timers.o
 .text.xTimerCreateTimerTask
                0x00000000000034fc       0x60 ./FreeRTOS/timers.o
                0x00000000000034fc                xTimerCreateTimerTask
 .text.Delay_Init
                0x000000000000355c       0x32 ./Debug/debug.o
                0x000000000000355c                Delay_Init
 .text.USART_Printf_Init
                0x000000000000358e       0x60 ./Debug/debug.o
                0x000000000000358e                USART_Printf_Init
 .text._write   0x00000000000035ee       0x3e ./Debug/debug.o
                0x00000000000035ee                _write
 .text._sbrk    0x000000000000362c       0x2a ./Debug/debug.o
                0x000000000000362c                _sbrk
 .text.CAN1_Mode_Init
                0x0000000000003656       0xde ./BSP/CAN.o
                0x0000000000003656                CAN1_Mode_Init
 .text.CAN2_Mode_Init
                0x0000000000003734       0xe0 ./BSP/CAN.o
                0x0000000000003734                CAN2_Mode_Init
 .text.USB_HP_CAN1_TX_IRQHandler
                0x0000000000003814       0x46 ./BSP/CAN.o
                0x0000000000003814                USB_HP_CAN1_TX_IRQHandler
 .text.USB_LP_CAN1_RX0_IRQHandler
                0x000000000000385a       0x60 ./BSP/CAN.o
                0x000000000000385a                USB_LP_CAN1_RX0_IRQHandler
 .text.CAN2_TX_IRQHandler
                0x00000000000038ba       0x46 ./BSP/CAN.o
                0x00000000000038ba                CAN2_TX_IRQHandler
 .text.CAN2_RX0_IRQHandler
                0x0000000000003900       0x60 ./BSP/CAN.o
                0x0000000000003900                CAN2_RX0_IRQHandler
 .text.UART1_Init
                0x0000000000003960      0x158 ./BSP/UART.o
                0x0000000000003960                UART1_Init
 .text.UART2_Init
                0x0000000000003ab8      0x15c ./BSP/UART.o
                0x0000000000003ab8                UART2_Init
 .text.UART4_Init
                0x0000000000003c14      0x178 ./BSP/UART.o
                0x0000000000003c14                UART4_Init
 .text.USART1_IRQHandler
                0x0000000000003d8c       0xae ./BSP/UART.o
                0x0000000000003d8c                USART1_IRQHandler
 .text.DMA1_Channel4_IRQHandler
                0x0000000000003e3a       0x42 ./BSP/UART.o
                0x0000000000003e3a                DMA1_Channel4_IRQHandler
 .text.USART2_IRQHandler
                0x0000000000003e7c       0xae ./BSP/UART.o
                0x0000000000003e7c                USART2_IRQHandler
 .text.DMA1_Channel7_IRQHandler
                0x0000000000003f2a       0x46 ./BSP/UART.o
                0x0000000000003f2a                DMA1_Channel7_IRQHandler
 .text.USART3_IRQHandler
                0x0000000000003f70       0xae ./BSP/UART.o
                0x0000000000003f70                USART3_IRQHandler
 .text.DMA1_Channel2_IRQHandler
                0x000000000000401e       0x44 ./BSP/UART.o
                0x000000000000401e                DMA1_Channel2_IRQHandler
 .text.UART4_IRQHandler
                0x0000000000004062       0xae ./BSP/UART.o
                0x0000000000004062                UART4_IRQHandler
 .text.DMA2_Channel5_IRQHandler
                0x0000000000004110       0x50 ./BSP/UART.o
                0x0000000000004110                DMA2_Channel5_IRQHandler
 .text.UART6_IRQHandler
                0x0000000000004160       0xae ./BSP/UART.o
                0x0000000000004160                UART6_IRQHandler
 .text.DMA2_Channel6_IRQHandler
                0x000000000000420e       0x46 ./BSP/UART.o
                0x000000000000420e                DMA2_Channel6_IRQHandler
 .text.memcpy   0x0000000000004254       0xb2 d:/mounriver_studio2/resources/app/resources/win32/components/wch/toolchain/risc-v embedded gcc/bin/../lib/gcc/riscv-none-embed/8.2.0/../../../../riscv-none-embed/lib/rv32imacxw/ilp32\libg_nano.a(lib_a-memcpy.o)
                0x0000000000004254                memcpy
 .text.printf   0x0000000000004306       0x40 d:/mounriver_studio2/resources/app/resources/win32/components/wch/toolchain/risc-v embedded gcc/bin/../lib/gcc/riscv-none-embed/8.2.0/../../../../riscv-none-embed/lib/rv32imacxw/ilp32\libg_nano.a(lib_a-printf.o)
                0x0000000000004306                iprintf
                0x0000000000004306                printf
 .text.__swbuf_r
                0x0000000000004346       0xbc d:/mounriver_studio2/resources/app/resources/win32/components/wch/toolchain/risc-v embedded gcc/bin/../lib/gcc/riscv-none-embed/8.2.0/../../../../riscv-none-embed/lib/rv32imacxw/ilp32\libg_nano.a(lib_a-wbuf.o)
                0x0000000000004346                __swbuf_r
 .text.__swsetup_r
                0x0000000000004402       0xfc d:/mounriver_studio2/resources/app/resources/win32/components/wch/toolchain/risc-v embedded gcc/bin/../lib/gcc/riscv-none-embed/8.2.0/../../../../riscv-none-embed/lib/rv32imacxw/ilp32\libg_nano.a(lib_a-wsetup.o)
                0x0000000000004402                __swsetup_r
 .text.__sflush_r
                0x00000000000044fe      0x130 d:/mounriver_studio2/resources/app/resources/win32/components/wch/toolchain/risc-v embedded gcc/bin/../lib/gcc/riscv-none-embed/8.2.0/../../../../riscv-none-embed/lib/rv32imacxw/ilp32\libg_nano.a(lib_a-fflush.o)
                0x00000000000044fe                __sflush_r
 .text._fflush_r
                0x000000000000462e       0x66 d:/mounriver_studio2/resources/app/resources/win32/components/wch/toolchain/risc-v embedded gcc/bin/../lib/gcc/riscv-none-embed/8.2.0/../../../../riscv-none-embed/lib/rv32imacxw/ilp32\libg_nano.a(lib_a-fflush.o)
                0x000000000000462e                _fflush_r
 .text.std      0x0000000000004694       0x66 d:/mounriver_studio2/resources/app/resources/win32/components/wch/toolchain/risc-v embedded gcc/bin/../lib/gcc/riscv-none-embed/8.2.0/../../../../riscv-none-embed/lib/rv32imacxw/ilp32\libg_nano.a(lib_a-findfp.o)
 .text._cleanup_r
                0x00000000000046fa        0xa d:/mounriver_studio2/resources/app/resources/win32/components/wch/toolchain/risc-v embedded gcc/bin/../lib/gcc/riscv-none-embed/8.2.0/../../../../riscv-none-embed/lib/rv32imacxw/ilp32\libg_nano.a(lib_a-findfp.o)
                0x00000000000046fa                _cleanup_r
 .text.__sfmoreglue
                0x0000000000004704       0x46 d:/mounriver_studio2/resources/app/resources/win32/components/wch/toolchain/risc-v embedded gcc/bin/../lib/gcc/riscv-none-embed/8.2.0/../../../../riscv-none-embed/lib/rv32imacxw/ilp32\libg_nano.a(lib_a-findfp.o)
                0x0000000000004704                __sfmoreglue
 .text.__sinit  0x000000000000474a       0x6c d:/mounriver_studio2/resources/app/resources/win32/components/wch/toolchain/risc-v embedded gcc/bin/../lib/gcc/riscv-none-embed/8.2.0/../../../../riscv-none-embed/lib/rv32imacxw/ilp32\libg_nano.a(lib_a-findfp.o)
                0x000000000000474a                __sinit
 .text.__sfp    0x00000000000047b6       0xa0 d:/mounriver_studio2/resources/app/resources/win32/components/wch/toolchain/risc-v embedded gcc/bin/../lib/gcc/riscv-none-embed/8.2.0/../../../../riscv-none-embed/lib/rv32imacxw/ilp32\libg_nano.a(lib_a-findfp.o)
                0x00000000000047b6                __sfp
 .text._fwalk_reent
                0x0000000000004856       0x6a d:/mounriver_studio2/resources/app/resources/win32/components/wch/toolchain/risc-v embedded gcc/bin/../lib/gcc/riscv-none-embed/8.2.0/../../../../riscv-none-embed/lib/rv32imacxw/ilp32\libg_nano.a(lib_a-fwalk.o)
                0x0000000000004856                _fwalk_reent
 .text.__swhatbuf_r
                0x00000000000048c0       0x58 d:/mounriver_studio2/resources/app/resources/win32/components/wch/toolchain/risc-v embedded gcc/bin/../lib/gcc/riscv-none-embed/8.2.0/../../../../riscv-none-embed/lib/rv32imacxw/ilp32\libg_nano.a(lib_a-makebuf.o)
                0x00000000000048c0                __swhatbuf_r
 .text.__smakebuf_r
                0x0000000000004918       0x92 d:/mounriver_studio2/resources/app/resources/win32/components/wch/toolchain/risc-v embedded gcc/bin/../lib/gcc/riscv-none-embed/8.2.0/../../../../riscv-none-embed/lib/rv32imacxw/ilp32\libg_nano.a(lib_a-makebuf.o)
                0x0000000000004918                __smakebuf_r
 .text._free_r  0x00000000000049aa       0xb0 d:/mounriver_studio2/resources/app/resources/win32/components/wch/toolchain/risc-v embedded gcc/bin/../lib/gcc/riscv-none-embed/8.2.0/../../../../riscv-none-embed/lib/rv32imacxw/ilp32\libg_nano.a(lib_a-nano-freer.o)
                0x00000000000049aa                _free_r
 .text._malloc_r
                0x0000000000004a5a       0xe4 d:/mounriver_studio2/resources/app/resources/win32/components/wch/toolchain/risc-v embedded gcc/bin/../lib/gcc/riscv-none-embed/8.2.0/../../../../riscv-none-embed/lib/rv32imacxw/ilp32\libg_nano.a(lib_a-nano-mallocr.o)
                0x0000000000004a5a                _malloc_r
 .text.__sfputc_r
                0x0000000000004b3e       0x28 d:/mounriver_studio2/resources/app/resources/win32/components/wch/toolchain/risc-v embedded gcc/bin/../lib/gcc/riscv-none-embed/8.2.0/../../../../riscv-none-embed/lib/rv32imacxw/ilp32\libg_nano.a(lib_a-nano-vfprintf.o)
 .text.__sfputs_r
                0x0000000000004b66       0x42 d:/mounriver_studio2/resources/app/resources/win32/components/wch/toolchain/risc-v embedded gcc/bin/../lib/gcc/riscv-none-embed/8.2.0/../../../../riscv-none-embed/lib/rv32imacxw/ilp32\libg_nano.a(lib_a-nano-vfprintf.o)
                0x0000000000004b66                __sfputs_r
 .text._vfprintf_r
                0x0000000000004ba8      0x288 d:/mounriver_studio2/resources/app/resources/win32/components/wch/toolchain/risc-v embedded gcc/bin/../lib/gcc/riscv-none-embed/8.2.0/../../../../riscv-none-embed/lib/rv32imacxw/ilp32\libg_nano.a(lib_a-nano-vfprintf.o)
                0x0000000000004ba8                _vfprintf_r
                0x0000000000004ba8                _vfiprintf_r
 .text._printf_common
                0x0000000000004e30      0x10c d:/mounriver_studio2/resources/app/resources/win32/components/wch/toolchain/risc-v embedded gcc/bin/../lib/gcc/riscv-none-embed/8.2.0/../../../../riscv-none-embed/lib/rv32imacxw/ilp32\libg_nano.a(lib_a-nano-vfprintf_i.o)
                0x0000000000004e30                _printf_common
 .text._printf_i
                0x0000000000004f3c      0x2a2 d:/mounriver_studio2/resources/app/resources/win32/components/wch/toolchain/risc-v embedded gcc/bin/../lib/gcc/riscv-none-embed/8.2.0/../../../../riscv-none-embed/lib/rv32imacxw/ilp32\libg_nano.a(lib_a-nano-vfprintf_i.o)
                0x0000000000004f3c                _printf_i
 .text._sbrk_r  0x00000000000051de       0x32 d:/mounriver_studio2/resources/app/resources/win32/components/wch/toolchain/risc-v embedded gcc/bin/../lib/gcc/riscv-none-embed/8.2.0/../../../../riscv-none-embed/lib/rv32imacxw/ilp32\libg_nano.a(lib_a-sbrkr.o)
                0x00000000000051de                _sbrk_r
 .text.__sread  0x0000000000005210       0x2c d:/mounriver_studio2/resources/app/resources/win32/components/wch/toolchain/risc-v embedded gcc/bin/../lib/gcc/riscv-none-embed/8.2.0/../../../../riscv-none-embed/lib/rv32imacxw/ilp32\libg_nano.a(lib_a-stdio.o)
                0x0000000000005210                __sread
 .text.__swrite
                0x000000000000523c       0x48 d:/mounriver_studio2/resources/app/resources/win32/components/wch/toolchain/risc-v embedded gcc/bin/../lib/gcc/riscv-none-embed/8.2.0/../../../../riscv-none-embed/lib/rv32imacxw/ilp32\libg_nano.a(lib_a-stdio.o)
                0x000000000000523c                __swrite
 .text.__sseek  0x0000000000005284       0x30 d:/mounriver_studio2/resources/app/resources/win32/components/wch/toolchain/risc-v embedded gcc/bin/../lib/gcc/riscv-none-embed/8.2.0/../../../../riscv-none-embed/lib/rv32imacxw/ilp32\libg_nano.a(lib_a-stdio.o)
                0x0000000000005284                __sseek
 .text.__sclose
                0x00000000000052b4        0x6 d:/mounriver_studio2/resources/app/resources/win32/components/wch/toolchain/risc-v embedded gcc/bin/../lib/gcc/riscv-none-embed/8.2.0/../../../../riscv-none-embed/lib/rv32imacxw/ilp32\libg_nano.a(lib_a-stdio.o)
                0x00000000000052b4                __sclose
 .text._write_r
                0x00000000000052ba       0x36 d:/mounriver_studio2/resources/app/resources/win32/components/wch/toolchain/risc-v embedded gcc/bin/../lib/gcc/riscv-none-embed/8.2.0/../../../../riscv-none-embed/lib/rv32imacxw/ilp32\libg_nano.a(lib_a-writer.o)
                0x00000000000052ba                _write_r
 .text._close_r
                0x00000000000052f0       0x30 d:/mounriver_studio2/resources/app/resources/win32/components/wch/toolchain/risc-v embedded gcc/bin/../lib/gcc/riscv-none-embed/8.2.0/../../../../riscv-none-embed/lib/rv32imacxw/ilp32\libg_nano.a(lib_a-closer.o)
                0x00000000000052f0                _close_r
 .text._fstat_r
                0x0000000000005320       0x32 d:/mounriver_studio2/resources/app/resources/win32/components/wch/toolchain/risc-v embedded gcc/bin/../lib/gcc/riscv-none-embed/8.2.0/../../../../riscv-none-embed/lib/rv32imacxw/ilp32\libg_nano.a(lib_a-fstatr.o)
                0x0000000000005320                _fstat_r
 .text._isatty_r
                0x0000000000005352       0x30 d:/mounriver_studio2/resources/app/resources/win32/components/wch/toolchain/risc-v embedded gcc/bin/../lib/gcc/riscv-none-embed/8.2.0/../../../../riscv-none-embed/lib/rv32imacxw/ilp32\libg_nano.a(lib_a-isattyr.o)
                0x0000000000005352                _isatty_r
 .text._lseek_r
                0x0000000000005382       0x34 d:/mounriver_studio2/resources/app/resources/win32/components/wch/toolchain/risc-v embedded gcc/bin/../lib/gcc/riscv-none-embed/8.2.0/../../../../riscv-none-embed/lib/rv32imacxw/ilp32\libg_nano.a(lib_a-lseekr.o)
                0x0000000000005382                _lseek_r
 .text.memchr   0x00000000000053b6       0x18 d:/mounriver_studio2/resources/app/resources/win32/components/wch/toolchain/risc-v embedded gcc/bin/../lib/gcc/riscv-none-embed/8.2.0/../../../../riscv-none-embed/lib/rv32imacxw/ilp32\libg_nano.a(lib_a-memchr.o)
                0x00000000000053b6                memchr
 .text.__malloc_lock
                0x00000000000053ce        0x2 d:/mounriver_studio2/resources/app/resources/win32/components/wch/toolchain/risc-v embedded gcc/bin/../lib/gcc/riscv-none-embed/8.2.0/../../../../riscv-none-embed/lib/rv32imacxw/ilp32\libg_nano.a(lib_a-mlock.o)
                0x00000000000053ce                __malloc_lock
 .text.__malloc_unlock
                0x00000000000053d0        0x2 d:/mounriver_studio2/resources/app/resources/win32/components/wch/toolchain/risc-v embedded gcc/bin/../lib/gcc/riscv-none-embed/8.2.0/../../../../riscv-none-embed/lib/rv32imacxw/ilp32\libg_nano.a(lib_a-mlock.o)
                0x00000000000053d0                __malloc_unlock
 .text._read_r  0x00000000000053d2       0x34 d:/mounriver_studio2/resources/app/resources/win32/components/wch/toolchain/risc-v embedded gcc/bin/../lib/gcc/riscv-none-embed/8.2.0/../../../../riscv-none-embed/lib/rv32imacxw/ilp32\libg_nano.a(lib_a-readr.o)
                0x00000000000053d2                _read_r
 .text._close   0x0000000000005406       0x10 d:/mounriver_studio2/resources/app/resources/win32/components/wch/toolchain/risc-v embedded gcc/bin/../lib/gcc/riscv-none-embed/8.2.0/../../../../riscv-none-embed/lib/rv32imacxw/ilp32\libnosys.a(close.o)
                0x0000000000005406                _close
 .text._fstat   0x0000000000005416       0x10 d:/mounriver_studio2/resources/app/resources/win32/components/wch/toolchain/risc-v embedded gcc/bin/../lib/gcc/riscv-none-embed/8.2.0/../../../../riscv-none-embed/lib/rv32imacxw/ilp32\libnosys.a(fstat.o)
                0x0000000000005416                _fstat
 .text._isatty  0x0000000000005426       0x10 d:/mounriver_studio2/resources/app/resources/win32/components/wch/toolchain/risc-v embedded gcc/bin/../lib/gcc/riscv-none-embed/8.2.0/../../../../riscv-none-embed/lib/rv32imacxw/ilp32\libnosys.a(isatty.o)
                0x0000000000005426                _isatty
 .text._lseek   0x0000000000005436       0x10 d:/mounriver_studio2/resources/app/resources/win32/components/wch/toolchain/risc-v embedded gcc/bin/../lib/gcc/riscv-none-embed/8.2.0/../../../../riscv-none-embed/lib/rv32imacxw/ilp32\libnosys.a(lseek.o)
                0x0000000000005436                _lseek
 .text._read    0x0000000000005446       0x10 d:/mounriver_studio2/resources/app/resources/win32/components/wch/toolchain/risc-v embedded gcc/bin/../lib/gcc/riscv-none-embed/8.2.0/../../../../riscv-none-embed/lib/rv32imacxw/ilp32\libnosys.a(read.o)
                0x0000000000005446                _read
 *(.rodata)
 *fill*         0x0000000000005456        0x2 
 .rodata        0x0000000000005458        0xd ./OS/Task_LegCtrl.o
 *(.rodata*)
 *fill*         0x0000000000005465        0x3 
 .rodata.OS_Entry.str1.4
                0x0000000000005468       0x56 ./OS/OS_Entry.o
 *fill*         0x00000000000054be        0x2 
 .rodata.vApplicationStackOverflowHook.str1.4
                0x00000000000054c0       0x1c ./OS/OS_Entry.o
 .rodata.CAN2RecvTask.str1.4
                0x00000000000054dc       0x26 ./OS/Task_BackCtrl.o
 *fill*         0x0000000000005502        0x2 
 .rodata.TEST_CAN2_Tx_Task.str1.4
                0x0000000000005504        0x8 ./OS/Task_BackCtrl.o
 .rodata.pvPortMalloc.str1.4
                0x000000000000550c       0x49 ./FreeRTOS/portable/MemMang/heap_4.o
 *fill*         0x0000000000005555        0x3 
 .rodata.xPortStartScheduler.str1.4
                0x0000000000005558       0x27 ./FreeRTOS/portable/GCC/RISC-V/port.o
                                         0x49 (size before relaxing)
 *fill*         0x000000000000557f        0x1 
 .rodata.xQueueGenericReset.str1.4
                0x0000000000005580       0x14 ./FreeRTOS/queue.o
                                         0x35 (size before relaxing)
 .rodata.prvTaskIsTaskSuspended.str1.4
                0x0000000000005594       0x14 ./FreeRTOS/tasks.o
                                         0x35 (size before relaxing)
 .rodata.vTaskStartScheduler.str1.4
                0x00000000000055a8        0x5 ./FreeRTOS/tasks.o
 *fill*         0x00000000000055ad        0x3 
 .rodata.prvTimerTask
                0x00000000000055b0       0x24 ./FreeRTOS/timers.o
 .rodata.prvCheckForValidListAndQueue.str1.4
                0x00000000000055d4        0x5 ./FreeRTOS/timers.o
 *fill*         0x00000000000055d9        0x3 
 .rodata.prvTimerTask.str1.4
                0x00000000000055dc       0x15 ./FreeRTOS/timers.o
                                         0x39 (size before relaxing)
 *fill*         0x00000000000055f1        0x3 
 .rodata.xTimerCreateTimerTask.str1.4
                0x00000000000055f4        0x8 ./FreeRTOS/timers.o
 .rodata.__sf_fake_stderr
                0x00000000000055fc       0x20 d:/mounriver_studio2/resources/app/resources/win32/components/wch/toolchain/risc-v embedded gcc/bin/../lib/gcc/riscv-none-embed/8.2.0/../../../../riscv-none-embed/lib/rv32imacxw/ilp32\libg_nano.a(lib_a-findfp.o)
                0x00000000000055fc                __sf_fake_stderr
 .rodata.__sf_fake_stdin
                0x000000000000561c       0x20 d:/mounriver_studio2/resources/app/resources/win32/components/wch/toolchain/risc-v embedded gcc/bin/../lib/gcc/riscv-none-embed/8.2.0/../../../../riscv-none-embed/lib/rv32imacxw/ilp32\libg_nano.a(lib_a-findfp.o)
                0x000000000000561c                __sf_fake_stdin
 .rodata.__sf_fake_stdout
                0x000000000000563c       0x20 d:/mounriver_studio2/resources/app/resources/win32/components/wch/toolchain/risc-v embedded gcc/bin/../lib/gcc/riscv-none-embed/8.2.0/../../../../riscv-none-embed/lib/rv32imacxw/ilp32\libg_nano.a(lib_a-findfp.o)
                0x000000000000563c                __sf_fake_stdout
 .rodata._vfprintf_r.str1.4
                0x000000000000565c       0x13 d:/mounriver_studio2/resources/app/resources/win32/components/wch/toolchain/risc-v embedded gcc/bin/../lib/gcc/riscv-none-embed/8.2.0/../../../../riscv-none-embed/lib/rv32imacxw/ilp32\libg_nano.a(lib_a-nano-vfprintf.o)
 *fill*         0x000000000000566f        0x1 
 .rodata._printf_i.str1.4
                0x0000000000005670       0x28 d:/mounriver_studio2/resources/app/resources/win32/components/wch/toolchain/risc-v embedded gcc/bin/../lib/gcc/riscv-none-embed/8.2.0/../../../../riscv-none-embed/lib/rv32imacxw/ilp32\libg_nano.a(lib_a-nano-vfprintf_i.o)
                                         0x25 (size before relaxing)
 *(.gnu.linkonce.t.*)
                0x0000000000005698                . = ALIGN (0x4)

.rela.dyn       0x0000000000005698        0x0
 .rela.init     0x0000000000005698        0x0 ./User/ch32v30x_it.o
 .rela.vector   0x0000000000005698        0x0 ./User/ch32v30x_it.o
 .rela.text.handle_reset
                0x0000000000005698        0x0 ./User/ch32v30x_it.o
 .rela.text.xPortStartScheduler
                0x0000000000005698        0x0 ./User/ch32v30x_it.o
 .rela.sdata2.xISRStackTop
                0x0000000000005698        0x0 ./User/ch32v30x_it.o
 .rela.text._sbrk
                0x0000000000005698        0x0 ./User/ch32v30x_it.o
 .rela.sdata.curbrk.5274
                0x0000000000005698        0x0 ./User/ch32v30x_it.o
 .rela.text._vfprintf_r
                0x0000000000005698        0x0 ./User/ch32v30x_it.o
 .rela.text._sbrk_r
                0x0000000000005698        0x0 ./User/ch32v30x_it.o
 .rela.text._write_r
                0x0000000000005698        0x0 ./User/ch32v30x_it.o
 .rela.text._close_r
                0x0000000000005698        0x0 ./User/ch32v30x_it.o
 .rela.text._fstat_r
                0x0000000000005698        0x0 ./User/ch32v30x_it.o
 .rela.text._isatty_r
                0x0000000000005698        0x0 ./User/ch32v30x_it.o
 .rela.text._lseek_r
                0x0000000000005698        0x0 ./User/ch32v30x_it.o
 .rela.text._read_r
                0x0000000000005698        0x0 ./User/ch32v30x_it.o
 .rela.text._close
                0x0000000000005698        0x0 ./User/ch32v30x_it.o
 .rela.text._fstat
                0x0000000000005698        0x0 ./User/ch32v30x_it.o
 .rela.text._isatty
                0x0000000000005698        0x0 ./User/ch32v30x_it.o
 .rela.text._lseek
                0x0000000000005698        0x0 ./User/ch32v30x_it.o
 .rela.text._read
                0x0000000000005698        0x0 ./User/ch32v30x_it.o

.fini           0x0000000000005698        0x0
 *(SORT_NONE(.fini))
                0x0000000000005698                . = ALIGN (0x4)
                [!provide]                        PROVIDE (_etext = .)
                [!provide]                        PROVIDE (_eitcm = .)

.preinit_array  0x0000000000005698        0x0
                [!provide]                        PROVIDE (__preinit_array_start = .)
 *(.preinit_array)
                [!provide]                        PROVIDE (__preinit_array_end = .)

.init_array     0x0000000000005698        0x0
                [!provide]                        PROVIDE (__init_array_start = .)
 *(SORT_BY_INIT_PRIORITY(.init_array.*) SORT_BY_INIT_PRIORITY(.ctors.*))
 *(.init_array EXCLUDE_FILE(*crtend?.o *crtend.o *crtbegin?.o *crtbegin.o) .ctors)
                [!provide]                        PROVIDE (__init_array_end = .)

.fini_array     0x0000000000005698        0x0
                [!provide]                        PROVIDE (__fini_array_start = .)
 *(SORT_BY_INIT_PRIORITY(.fini_array.*) SORT_BY_INIT_PRIORITY(.dtors.*))
 *(.fini_array EXCLUDE_FILE(*crtend?.o *crtend.o *crtbegin?.o *crtbegin.o) .dtors)
                [!provide]                        PROVIDE (__fini_array_end = .)

.ctors
 *crtbegin.o(.ctors)
 *crtbegin?.o(.ctors)
 *(EXCLUDE_FILE(*crtend?.o *crtend.o) .ctors)
 *(SORT_BY_NAME(.ctors.*))
 *(.ctors)

.dtors
 *crtbegin.o(.dtors)
 *crtbegin?.o(.dtors)
 *(EXCLUDE_FILE(*crtend?.o *crtend.o) .dtors)
 *(SORT_BY_NAME(.dtors.*))
 *(.dtors)

.dalign         0x0000000020000000        0x0 load address 0x0000000000005698
                0x0000000020000000                . = ALIGN (0x4)
                0x0000000020000000                PROVIDE (_data_vma = .)

.dlalign        0x0000000000005698        0x0
                0x0000000000005698                . = ALIGN (0x4)
                0x0000000000005698                PROVIDE (_data_lma = .)

.data           0x0000000020000000       0xa0 load address 0x0000000000005698
 *(.gnu.linkonce.r.*)
 *(.data .data.*)
 .data.AHBPrescTable
                0x0000000020000000       0x10 ./User/system_ch32v30x.o
                0x0000000020000000                AHBPrescTable
 .data.APBAHBPrescTable
                0x0000000020000010       0x10 ./Peripheral/src/ch32v30x_rcc.o
 .data.impure_data
                0x0000000020000020       0x60 d:/mounriver_studio2/resources/app/resources/win32/components/wch/toolchain/risc-v embedded gcc/bin/../lib/gcc/riscv-none-embed/8.2.0/../../../../riscv-none-embed/lib/rv32imacxw/ilp32\libg_nano.a(lib_a-impure.o)
 *(.gnu.linkonce.d.*)
                0x0000000020000080                . = ALIGN (0x8)
                0x0000000020000880                PROVIDE (__global_pointer$ = (. + 0x800))
 *(.sdata .sdata.*)
 .sdata.SystemCoreClock
                0x0000000020000080        0x4 ./User/system_ch32v30x.o
                0x0000000020000080                SystemCoreClock
 .sdata.ADCPrescTable
                0x0000000020000084        0x4 ./Peripheral/src/ch32v30x_rcc.o
 .sdata.uxCriticalNesting
                0x0000000020000088        0x4 ./FreeRTOS/portable/GCC/RISC-V/port.o
 .sdata.uxTopUsedPriority
                0x000000002000008c        0x4 ./FreeRTOS/tasks.o
                0x000000002000008c                uxTopUsedPriority
 .sdata.curbrk.5274
                0x0000000020000090        0x4 ./Debug/debug.o
 .sdata._impure_ptr
                0x0000000020000094        0x4 d:/mounriver_studio2/resources/app/resources/win32/components/wch/toolchain/risc-v embedded gcc/bin/../lib/gcc/riscv-none-embed/8.2.0/../../../../riscv-none-embed/lib/rv32imacxw/ilp32\libg_nano.a(lib_a-impure.o)
                0x0000000020000094                _impure_ptr
 *(.sdata2.*)
 .sdata2.xISRStackTop
                0x0000000020000098        0x4 ./FreeRTOS/portable/GCC/RISC-V/port.o
                0x0000000020000098                xISRStackTop
 .sdata2._global_impure_ptr
                0x000000002000009c        0x4 d:/mounriver_studio2/resources/app/resources/win32/components/wch/toolchain/risc-v embedded gcc/bin/../lib/gcc/riscv-none-embed/8.2.0/../../../../riscv-none-embed/lib/rv32imacxw/ilp32\libg_nano.a(lib_a-impure.o)
                0x000000002000009c                _global_impure_ptr
 *(.gnu.linkonce.s.*)
                0x00000000200000a0                . = ALIGN (0x8)
 *(.srodata.cst16)
 *(.srodata.cst8)
 *(.srodata.cst4)
 *(.srodata.cst2)
 *(.srodata .srodata.*)
                0x00000000200000a0                . = ALIGN (0x4)
                0x00000000200000a0                PROVIDE (_edata = .)

.bss            0x00000000200000a0     0xb844 load address 0x0000000000005738
                0x00000000200000a0                . = ALIGN (0x4)
                0x00000000200000a0                PROVIDE (_sbss = .)
 *(.sbss*)
 .sbss.NVIC_Priority_Group
                0x00000000200000a0        0x4 ./Peripheral/src/ch32v30x_misc.o
                0x00000000200000a0                NVIC_Priority_Group
 .sbss.CAN1_RxQueue
                0x00000000200000a4        0x4 ./OS/OS_objects.o
                0x00000000200000a4                CAN1_RxQueue
 .sbss.CAN1_Send_Task_Handler
                0x00000000200000a8        0x4 ./OS/OS_objects.o
                0x00000000200000a8                CAN1_Send_Task_Handler
 .sbss.CAN1_TxQueue
                0x00000000200000ac        0x4 ./OS/OS_objects.o
                0x00000000200000ac                CAN1_TxQueue
 .sbss.CAN2_Recv_Task_Handler
                0x00000000200000b0        0x4 ./OS/OS_objects.o
                0x00000000200000b0                CAN2_Recv_Task_Handler
 .sbss.CAN2_RxQueue
                0x00000000200000b4        0x4 ./OS/OS_objects.o
                0x00000000200000b4                CAN2_RxQueue
 .sbss.CAN2_Send_Task_Handler
                0x00000000200000b8        0x4 ./OS/OS_objects.o
                0x00000000200000b8                CAN2_Send_Task_Handler
 .sbss.CAN2_TxQueue
                0x00000000200000bc        0x4 ./OS/OS_objects.o
                0x00000000200000bc                CAN2_TxQueue
 .sbss.TEST_CAN1_Tx_Task_Handler
                0x00000000200000c0        0x4 ./OS/OS_objects.o
                0x00000000200000c0                TEST_CAN1_Tx_Task_Handler
 .sbss.TEST_CAN2_Tx_Task_Handler
                0x00000000200000c4        0x4 ./OS/OS_objects.o
                0x00000000200000c4                TEST_CAN2_Tx_Task_Handler
 .sbss.uart1_rx_packet_queue
                0x00000000200000c8        0x4 ./OS/OS_objects.o
                0x00000000200000c8                uart1_rx_packet_queue
 .sbss.uart1_tx_done_semaphore
                0x00000000200000cc        0x4 ./OS/OS_objects.o
                0x00000000200000cc                uart1_tx_done_semaphore
 .sbss.uart1_tx_packet_queue
                0x00000000200000d0        0x4 ./OS/OS_objects.o
                0x00000000200000d0                uart1_tx_packet_queue
 .sbss.uart2_rx_packet_queue
                0x00000000200000d4        0x4 ./OS/OS_objects.o
                0x00000000200000d4                uart2_rx_packet_queue
 .sbss.uart2_tx_done_semaphore
                0x00000000200000d8        0x4 ./OS/OS_objects.o
                0x00000000200000d8                uart2_tx_done_semaphore
 .sbss.uart2_tx_packet_queue
                0x00000000200000dc        0x4 ./OS/OS_objects.o
                0x00000000200000dc                uart2_tx_packet_queue
 .sbss.uart3_rx_packet_queue
                0x00000000200000e0        0x4 ./OS/OS_objects.o
                0x00000000200000e0                uart3_rx_packet_queue
 .sbss.uart3_tx_done_semaphore
                0x00000000200000e4        0x4 ./OS/OS_objects.o
                0x00000000200000e4                uart3_tx_done_semaphore
 .sbss.uart3_tx_packet_queue
                0x00000000200000e8        0x4 ./OS/OS_objects.o
                0x00000000200000e8                uart3_tx_packet_queue
 .sbss.uart4_rx_packet_queue
                0x00000000200000ec        0x4 ./OS/OS_objects.o
                0x00000000200000ec                uart4_rx_packet_queue
 .sbss.uart4_tx_done_semaphore
                0x00000000200000f0        0x4 ./OS/OS_objects.o
                0x00000000200000f0                uart4_tx_done_semaphore
 .sbss.uart4_tx_packet_queue
                0x00000000200000f4        0x4 ./OS/OS_objects.o
                0x00000000200000f4                uart4_tx_packet_queue
 .sbss.uart6_rx_packet_queue
                0x00000000200000f8        0x4 ./OS/OS_objects.o
                0x00000000200000f8                uart6_rx_packet_queue
 .sbss.uart6_tx_done_semaphore
                0x00000000200000fc        0x4 ./OS/OS_objects.o
                0x00000000200000fc                uart6_tx_done_semaphore
 .sbss.uart6_tx_packet_queue
                0x0000000020000100        0x4 ./OS/OS_objects.o
                0x0000000020000100                uart6_tx_packet_queue
 .sbss.pxEnd    0x0000000020000104        0x4 ./FreeRTOS/portable/MemMang/heap_4.o
 .sbss.xBlockAllocatedBit
                0x0000000020000108        0x4 ./FreeRTOS/portable/MemMang/heap_4.o
 .sbss.xFreeBytesRemaining
                0x000000002000010c        0x4 ./FreeRTOS/portable/MemMang/heap_4.o
 .sbss.xMinimumEverFreeBytesRemaining
                0x0000000020000110        0x4 ./FreeRTOS/portable/MemMang/heap_4.o
 .sbss.xNumberOfSuccessfulAllocations
                0x0000000020000114        0x4 ./FreeRTOS/portable/MemMang/heap_4.o
 .sbss.xNumberOfSuccessfulFrees
                0x0000000020000118        0x4 ./FreeRTOS/portable/MemMang/heap_4.o
 .sbss.xStart   0x000000002000011c        0x8 ./FreeRTOS/portable/MemMang/heap_4.o
 .sbss.pxCurrentTCB
                0x0000000020000124        0x4 ./FreeRTOS/tasks.o
                0x0000000020000124                pxCurrentTCB
 .sbss.pxDelayedTaskList
                0x0000000020000128        0x4 ./FreeRTOS/tasks.o
 .sbss.pxOverflowDelayedTaskList
                0x000000002000012c        0x4 ./FreeRTOS/tasks.o
 .sbss.uxCurrentNumberOfTasks
                0x0000000020000130        0x4 ./FreeRTOS/tasks.o
 .sbss.uxDeletedTasksWaitingCleanUp
                0x0000000020000134        0x4 ./FreeRTOS/tasks.o
 .sbss.uxSchedulerSuspended
                0x0000000020000138        0x4 ./FreeRTOS/tasks.o
 .sbss.uxTaskNumber
                0x000000002000013c        0x4 ./FreeRTOS/tasks.o
 .sbss.uxTopReadyPriority
                0x0000000020000140        0x4 ./FreeRTOS/tasks.o
 .sbss.xIdleTaskHandle
                0x0000000020000144        0x4 ./FreeRTOS/tasks.o
 .sbss.xNextTaskUnblockTime
                0x0000000020000148        0x4 ./FreeRTOS/tasks.o
 .sbss.xNumOfOverflows
                0x000000002000014c        0x4 ./FreeRTOS/tasks.o
 .sbss.xPendedTicks
                0x0000000020000150        0x4 ./FreeRTOS/tasks.o
 .sbss.xSchedulerRunning
                0x0000000020000154        0x4 ./FreeRTOS/tasks.o
 .sbss.xTickCount
                0x0000000020000158        0x4 ./FreeRTOS/tasks.o
 .sbss.xYieldPending
                0x000000002000015c        0x4 ./FreeRTOS/tasks.o
 .sbss.pxCurrentTimerList
                0x0000000020000160        0x4 ./FreeRTOS/timers.o
 .sbss.pxOverflowTimerList
                0x0000000020000164        0x4 ./FreeRTOS/timers.o
 .sbss.xLastTime.6338
                0x0000000020000168        0x4 ./FreeRTOS/timers.o
 .sbss.xTimerQueue
                0x000000002000016c        0x4 ./FreeRTOS/timers.o
 .sbss.xTimerTaskHandle
                0x0000000020000170        0x4 ./FreeRTOS/timers.o
 .sbss.p_ms     0x0000000020000174        0x2 ./Debug/debug.o
 .sbss.p_us     0x0000000020000176        0x1 ./Debug/debug.o
 *fill*         0x0000000020000177        0x1 
 .sbss.__malloc_free_list
                0x0000000020000178        0x4 d:/mounriver_studio2/resources/app/resources/win32/components/wch/toolchain/risc-v embedded gcc/bin/../lib/gcc/riscv-none-embed/8.2.0/../../../../riscv-none-embed/lib/rv32imacxw/ilp32\libg_nano.a(lib_a-nano-mallocr.o)
                0x0000000020000178                __malloc_free_list
 .sbss.__malloc_sbrk_start
                0x000000002000017c        0x4 d:/mounriver_studio2/resources/app/resources/win32/components/wch/toolchain/risc-v embedded gcc/bin/../lib/gcc/riscv-none-embed/8.2.0/../../../../riscv-none-embed/lib/rv32imacxw/ilp32\libg_nano.a(lib_a-nano-mallocr.o)
                0x000000002000017c                __malloc_sbrk_start
 *(.gnu.linkonce.sb.*)
 *(.bss*)
 .bss.ucHeap    0x0000000020000180     0xa000 ./FreeRTOS/portable/MemMang/heap_4.o
 .bss.xQueueRegistry
                0x000000002000a180       0x40 ./FreeRTOS/queue.o
                0x000000002000a180                xQueueRegistry
 .bss.pxReadyTasksLists
                0x000000002000a1c0      0x12c ./FreeRTOS/tasks.o
 .bss.xDelayedTaskList1
                0x000000002000a2ec       0x14 ./FreeRTOS/tasks.o
 .bss.xDelayedTaskList2
                0x000000002000a300       0x14 ./FreeRTOS/tasks.o
 .bss.xPendingReadyList
                0x000000002000a314       0x14 ./FreeRTOS/tasks.o
 .bss.xSuspendedTaskList
                0x000000002000a328       0x14 ./FreeRTOS/tasks.o
 .bss.xTasksWaitingTermination
                0x000000002000a33c       0x14 ./FreeRTOS/tasks.o
 .bss.xActiveTimerList1
                0x000000002000a350       0x14 ./FreeRTOS/timers.o
 .bss.xActiveTimerList2
                0x000000002000a364       0x14 ./FreeRTOS/timers.o
 .bss.uart1_instance
                0x000000002000a378      0x446 ./BSP/UART.o
                0x000000002000a378                uart1_instance
 *fill*         0x000000002000a7be        0x2 
 .bss.uart2_instance
                0x000000002000a7c0      0x446 ./BSP/UART.o
                0x000000002000a7c0                uart2_instance
 *fill*         0x000000002000ac06        0x2 
 .bss.uart3_instance
                0x000000002000ac08      0x446 ./BSP/UART.o
                0x000000002000ac08                uart3_instance
 *fill*         0x000000002000b04e        0x2 
 .bss.uart4_instance
                0x000000002000b050      0x446 ./BSP/UART.o
                0x000000002000b050                uart4_instance
 *fill*         0x000000002000b496        0x2 
 .bss.uart6_instance
                0x000000002000b498      0x446 ./BSP/UART.o
                0x000000002000b498                uart6_instance
 *(.gnu.linkonce.b.*)
 *(COMMON*)
 *fill*         0x000000002000b8de        0x2 
 COMMON         0x000000002000b8e0        0x4 d:/mounriver_studio2/resources/app/resources/win32/components/wch/toolchain/risc-v embedded gcc/bin/../lib/gcc/riscv-none-embed/8.2.0/../../../../riscv-none-embed/lib/rv32imacxw/ilp32\libg_nano.a(lib_a-reent.o)
                0x000000002000b8e0                errno
                0x000000002000b8e4                . = ALIGN (0x4)
                0x000000002000b8e4                PROVIDE (_ebss = .)
                0x000000002000b8e4                PROVIDE (_end = _ebss)
                [!provide]                        PROVIDE (end = .)

.stack          0x000000002000f800      0x800
                0x000000002000f800                PROVIDE (_heap_end = .)
                0x000000002000f800                . = ALIGN (0x4)
                [!provide]                        PROVIDE (_susrstack = .)
                0x0000000020010000                . = (. + __stack_size)
 *fill*         0x000000002000f800      0x800 
                0x0000000020010000                PROVIDE (_eusrstack = .)
                0x0000000020010000                __freertos_irq_stack_top = .
OUTPUT(MainCtrl_OS.elf elf32-littleriscv)

.debug_info     0x0000000000000000    0x1ec86
 .debug_info    0x0000000000000000      0xbc0 ./User/ch32v30x_it.o
 .debug_info    0x0000000000000bc0      0x96e ./User/main.o
 .debug_info    0x000000000000152e      0xbb5 ./User/system_ch32v30x.o
 .debug_info    0x00000000000020e3       0x22 ./Startup/startup_ch32v30x_D8C.o
 .debug_info    0x0000000000002105     0x1807 ./Peripheral/src/ch32v30x_can.o
 .debug_info    0x000000000000390c      0xd16 ./Peripheral/src/ch32v30x_dma.o
 .debug_info    0x0000000000004622     0x12aa ./Peripheral/src/ch32v30x_gpio.o
 .debug_info    0x00000000000058cc      0xf60 ./Peripheral/src/ch32v30x_misc.o
 .debug_info    0x000000000000682c     0x158a ./Peripheral/src/ch32v30x_rcc.o
 .debug_info    0x0000000000007db6     0x13cd ./Peripheral/src/ch32v30x_usart.o
 .debug_info    0x0000000000009183      0xea7 ./OS/OS_Entry.o
 .debug_info    0x000000000000a02a     0x1118 ./OS/OS_objects.o
 .debug_info    0x000000000000b142     0x112b ./OS/Task_BackCtrl.o
 .debug_info    0x000000000000c26d     0x1197 ./OS/Task_LegCtrl.o
 .debug_info    0x000000000000d404      0xe5c ./FreeRTOS/portable/MemMang/heap_4.o
 .debug_info    0x000000000000e260     0x1169 ./FreeRTOS/portable/GCC/RISC-V/port.o
 .debug_info    0x000000000000f3c9       0x26 ./FreeRTOS/portable/GCC/RISC-V/portASM.o
 .debug_info    0x000000000000f3ef      0xb80 ./FreeRTOS/list.o
 .debug_info    0x000000000000ff6f     0x318f ./FreeRTOS/queue.o
 .debug_info    0x00000000000130fe     0x427b ./FreeRTOS/tasks.o
 .debug_info    0x0000000000017379     0x21e3 ./FreeRTOS/timers.o
 .debug_info    0x000000000001955c      0xf6f ./Debug/debug.o
 .debug_info    0x000000000001a4cb     0x1c09 ./BSP/CAN.o
 .debug_info    0x000000000001c0d4     0x2bb2 ./BSP/UART.o

.debug_abbrev   0x0000000000000000     0x4616
 .debug_abbrev  0x0000000000000000      0x22c ./User/ch32v30x_it.o
 .debug_abbrev  0x000000000000022c      0x1f1 ./User/main.o
 .debug_abbrev  0x000000000000041d      0x2c0 ./User/system_ch32v30x.o
 .debug_abbrev  0x00000000000006dd       0x12 ./Startup/startup_ch32v30x_D8C.o
 .debug_abbrev  0x00000000000006ef      0x3eb ./Peripheral/src/ch32v30x_can.o
 .debug_abbrev  0x0000000000000ada      0x2fd ./Peripheral/src/ch32v30x_dma.o
 .debug_abbrev  0x0000000000000dd7      0x31a ./Peripheral/src/ch32v30x_gpio.o
 .debug_abbrev  0x00000000000010f1      0x2e3 ./Peripheral/src/ch32v30x_misc.o
 .debug_abbrev  0x00000000000013d4      0x351 ./Peripheral/src/ch32v30x_rcc.o
 .debug_abbrev  0x0000000000001725      0x312 ./Peripheral/src/ch32v30x_usart.o
 .debug_abbrev  0x0000000000001a37      0x260 ./OS/OS_Entry.o
 .debug_abbrev  0x0000000000001c97      0x226 ./OS/OS_objects.o
 .debug_abbrev  0x0000000000001ebd      0x324 ./OS/Task_BackCtrl.o
 .debug_abbrev  0x00000000000021e1      0x311 ./OS/Task_LegCtrl.o
 .debug_abbrev  0x00000000000024f2      0x36c ./FreeRTOS/portable/MemMang/heap_4.o
 .debug_abbrev  0x000000000000285e      0x3ad ./FreeRTOS/portable/GCC/RISC-V/port.o
 .debug_abbrev  0x0000000000002c0b       0x14 ./FreeRTOS/portable/GCC/RISC-V/portASM.o
 .debug_abbrev  0x0000000000002c1f      0x254 ./FreeRTOS/list.o
 .debug_abbrev  0x0000000000002e73      0x472 ./FreeRTOS/queue.o
 .debug_abbrev  0x00000000000032e5      0x54e ./FreeRTOS/tasks.o
 .debug_abbrev  0x0000000000003833      0x44b ./FreeRTOS/timers.o
 .debug_abbrev  0x0000000000003c7e      0x2f5 ./Debug/debug.o
 .debug_abbrev  0x0000000000003f73      0x346 ./BSP/CAN.o
 .debug_abbrev  0x00000000000042b9      0x35d ./BSP/UART.o

.debug_aranges  0x0000000000000000      0xbf8
 .debug_aranges
                0x0000000000000000       0x28 ./User/ch32v30x_it.o
 .debug_aranges
                0x0000000000000028       0x20 ./User/main.o
 .debug_aranges
                0x0000000000000048       0x28 ./User/system_ch32v30x.o
 .debug_aranges
                0x0000000000000070       0x30 ./Startup/startup_ch32v30x_D8C.o
 .debug_aranges
                0x00000000000000a0       0xd8 ./Peripheral/src/ch32v30x_can.o
 .debug_aranges
                0x0000000000000178       0x60 ./Peripheral/src/ch32v30x_dma.o
 .debug_aranges
                0x00000000000001d8       0xb0 ./Peripheral/src/ch32v30x_gpio.o
 .debug_aranges
                0x0000000000000288       0x28 ./Peripheral/src/ch32v30x_misc.o
 .debug_aranges
                0x00000000000002b0      0x1a8 ./Peripheral/src/ch32v30x_rcc.o
 .debug_aranges
                0x0000000000000458       0xf0 ./Peripheral/src/ch32v30x_usart.o
 .debug_aranges
                0x0000000000000548       0x28 ./OS/OS_Entry.o
 .debug_aranges
                0x0000000000000570       0x20 ./OS/OS_objects.o
 .debug_aranges
                0x0000000000000590       0x38 ./OS/Task_BackCtrl.o
 .debug_aranges
                0x00000000000005c8       0x38 ./OS/Task_LegCtrl.o
 .debug_aranges
                0x0000000000000600       0x50 ./FreeRTOS/portable/MemMang/heap_4.o
 .debug_aranges
                0x0000000000000650       0x58 ./FreeRTOS/portable/GCC/RISC-V/port.o
 .debug_aranges
                0x00000000000006a8       0x20 ./FreeRTOS/portable/GCC/RISC-V/portASM.o
 .debug_aranges
                0x00000000000006c8       0x40 ./FreeRTOS/list.o
 .debug_aranges
                0x0000000000000708      0x120 ./FreeRTOS/queue.o
 .debug_aranges
                0x0000000000000828      0x1e0 ./FreeRTOS/tasks.o
 .debug_aranges
                0x0000000000000a08       0xc8 ./FreeRTOS/timers.o
 .debug_aranges
                0x0000000000000ad0       0x50 ./Debug/debug.o
 .debug_aranges
                0x0000000000000b20       0x48 ./BSP/CAN.o
 .debug_aranges
                0x0000000000000b68       0x90 ./BSP/UART.o

.debug_ranges   0x0000000000000000     0x10e8
 .debug_ranges  0x0000000000000000       0x18 ./User/ch32v30x_it.o
 .debug_ranges  0x0000000000000018       0x10 ./User/main.o
 .debug_ranges  0x0000000000000028       0x38 ./User/system_ch32v30x.o
 .debug_ranges  0x0000000000000060       0x28 ./Startup/startup_ch32v30x_D8C.o
 .debug_ranges  0x0000000000000088       0xf8 ./Peripheral/src/ch32v30x_can.o
 .debug_ranges  0x0000000000000180       0x50 ./Peripheral/src/ch32v30x_dma.o
 .debug_ranges  0x00000000000001d0       0xa0 ./Peripheral/src/ch32v30x_gpio.o
 .debug_ranges  0x0000000000000270       0x48 ./Peripheral/src/ch32v30x_misc.o
 .debug_ranges  0x00000000000002b8      0x198 ./Peripheral/src/ch32v30x_rcc.o
 .debug_ranges  0x0000000000000450       0xe0 ./Peripheral/src/ch32v30x_usart.o
 .debug_ranges  0x0000000000000530       0x18 ./OS/OS_Entry.o
 .debug_ranges  0x0000000000000548       0x10 ./OS/OS_objects.o
 .debug_ranges  0x0000000000000558       0x40 ./OS/Task_BackCtrl.o
 .debug_ranges  0x0000000000000598       0x40 ./OS/Task_LegCtrl.o
 .debug_ranges  0x00000000000005d8       0x40 ./FreeRTOS/portable/MemMang/heap_4.o
 .debug_ranges  0x0000000000000618       0x60 ./FreeRTOS/portable/GCC/RISC-V/port.o
 .debug_ranges  0x0000000000000678       0x30 ./FreeRTOS/list.o
 .debug_ranges  0x00000000000006a8      0x2e0 ./FreeRTOS/queue.o
 .debug_ranges  0x0000000000000988      0x4a8 ./FreeRTOS/tasks.o
 .debug_ranges  0x0000000000000e30      0x160 ./FreeRTOS/timers.o
 .debug_ranges  0x0000000000000f90       0x40 ./Debug/debug.o
 .debug_ranges  0x0000000000000fd0       0x98 ./BSP/CAN.o
 .debug_ranges  0x0000000000001068       0x80 ./BSP/UART.o

.debug_line     0x0000000000000000    0x18176
 .debug_line    0x0000000000000000      0x302 ./User/ch32v30x_it.o
 .debug_line    0x0000000000000302      0x2ac ./User/main.o
 .debug_line    0x00000000000005ae      0x946 ./User/system_ch32v30x.o
 .debug_line    0x0000000000000ef4      0x122 ./Startup/startup_ch32v30x_D8C.o
 .debug_line    0x0000000000001016     0x1a85 ./Peripheral/src/ch32v30x_can.o
 .debug_line    0x0000000000002a9b      0xa29 ./Peripheral/src/ch32v30x_dma.o
 .debug_line    0x00000000000034c4     0x12af ./Peripheral/src/ch32v30x_gpio.o
 .debug_line    0x0000000000004773      0x426 ./Peripheral/src/ch32v30x_misc.o
 .debug_line    0x0000000000004b99     0x19e1 ./Peripheral/src/ch32v30x_rcc.o
 .debug_line    0x000000000000657a      0xf4e ./Peripheral/src/ch32v30x_usart.o
 .debug_line    0x00000000000074c8      0x538 ./OS/OS_Entry.o
 .debug_line    0x0000000000007a00      0x5cd ./OS/OS_objects.o
 .debug_line    0x0000000000007fcd      0x612 ./OS/Task_BackCtrl.o
 .debug_line    0x00000000000085df      0x691 ./OS/Task_LegCtrl.o
 .debug_line    0x0000000000008c70      0xcd4 ./FreeRTOS/portable/MemMang/heap_4.o
 .debug_line    0x0000000000009944      0x7f7 ./FreeRTOS/portable/GCC/RISC-V/port.o
 .debug_line    0x000000000000a13b      0x374 ./FreeRTOS/portable/GCC/RISC-V/portASM.o
 .debug_line    0x000000000000a4af      0x6ef ./FreeRTOS/list.o
 .debug_line    0x000000000000ab9e     0x3298 ./FreeRTOS/queue.o
 .debug_line    0x000000000000de36     0x57d6 ./FreeRTOS/tasks.o
 .debug_line    0x000000000001360c     0x16bb ./FreeRTOS/timers.o
 .debug_line    0x0000000000014cc7      0x793 ./Debug/debug.o
 .debug_line    0x000000000001545a      0xc91 ./BSP/CAN.o
 .debug_line    0x00000000000160eb     0x208b ./BSP/UART.o

.debug_str      0x0000000000000000     0x49a1
 .debug_str     0x0000000000000000      0x61d ./User/ch32v30x_it.o
                                        0x68b (size before relaxing)
 .debug_str     0x000000000000061d       0x1d ./User/main.o
                                        0x5a5 (size before relaxing)
 .debug_str     0x000000000000063a      0x12b ./User/system_ch32v30x.o
                                        0x6f1 (size before relaxing)
 .debug_str     0x0000000000000765       0x2e ./Startup/startup_ch32v30x_D8C.o
                                         0x60 (size before relaxing)
 .debug_str     0x0000000000000793      0x585 ./Peripheral/src/ch32v30x_can.o
                                        0xbc1 (size before relaxing)
 .debug_str     0x0000000000000d18      0x20c ./Peripheral/src/ch32v30x_dma.o
                                        0x7f9 (size before relaxing)
 .debug_str     0x0000000000000f24      0x3c5 ./Peripheral/src/ch32v30x_gpio.o
                                        0x9b6 (size before relaxing)
 .debug_str     0x00000000000012e9      0x655 ./Peripheral/src/ch32v30x_misc.o
                                        0xcbf (size before relaxing)
 .debug_str     0x000000000000193e      0x5ab ./Peripheral/src/ch32v30x_rcc.o
                                        0xce5 (size before relaxing)
 .debug_str     0x0000000000001ee9      0x3fb ./Peripheral/src/ch32v30x_usart.o
                                        0xb00 (size before relaxing)
 .debug_str     0x00000000000022e4      0x4a9 ./OS/OS_Entry.o
                                        0xaa4 (size before relaxing)
 .debug_str     0x000000000000278d       0x4e ./OS/OS_objects.o
                                        0x9fb (size before relaxing)
 .debug_str     0x00000000000027db       0xc7 ./OS/Task_BackCtrl.o
                                        0xb18 (size before relaxing)
 .debug_str     0x00000000000028a2       0x6d ./OS/Task_LegCtrl.o
                                        0xb23 (size before relaxing)
 .debug_str     0x000000000000290f      0x31c ./FreeRTOS/portable/MemMang/heap_4.o
                                        0x8da (size before relaxing)
 .debug_str     0x0000000000002c2b      0x147 ./FreeRTOS/portable/GCC/RISC-V/port.o
                                        0xd58 (size before relaxing)
 .debug_str     0x0000000000002d72       0x2a ./FreeRTOS/portable/GCC/RISC-V/portASM.o
                                         0x68 (size before relaxing)
 .debug_str     0x0000000000002d9c      0x125 ./FreeRTOS/list.o
                                        0x6e4 (size before relaxing)
 .debug_str     0x0000000000002ec1      0x788 ./FreeRTOS/queue.o
                                       0x1576 (size before relaxing)
 .debug_str     0x0000000000003649      0xbf3 ./FreeRTOS/tasks.o
                                       0x1c57 (size before relaxing)
 .debug_str     0x000000000000423c      0x50e ./FreeRTOS/timers.o
                                       0x13a1 (size before relaxing)
 .debug_str     0x000000000000474a       0x82 ./Debug/debug.o
                                        0x93e (size before relaxing)
 .debug_str     0x00000000000047cc       0xca ./BSP/CAN.o
                                       0x14b0 (size before relaxing)
 .debug_str     0x0000000000004896      0x10b ./BSP/UART.o
                                       0x15e4 (size before relaxing)

.comment        0x0000000000000000       0x33
 .comment       0x0000000000000000       0x33 ./User/ch32v30x_it.o
                                         0x34 (size before relaxing)
 .comment       0x0000000000000033       0x34 ./User/main.o
 .comment       0x0000000000000033       0x34 ./User/system_ch32v30x.o
 .comment       0x0000000000000033       0x34 ./Peripheral/src/ch32v30x_can.o
 .comment       0x0000000000000033       0x34 ./Peripheral/src/ch32v30x_dma.o
 .comment       0x0000000000000033       0x34 ./Peripheral/src/ch32v30x_gpio.o
 .comment       0x0000000000000033       0x34 ./Peripheral/src/ch32v30x_misc.o
 .comment       0x0000000000000033       0x34 ./Peripheral/src/ch32v30x_rcc.o
 .comment       0x0000000000000033       0x34 ./Peripheral/src/ch32v30x_usart.o
 .comment       0x0000000000000033       0x34 ./OS/OS_Entry.o
 .comment       0x0000000000000033       0x34 ./OS/OS_objects.o
 .comment       0x0000000000000033       0x34 ./OS/Task_BackCtrl.o
 .comment       0x0000000000000033       0x34 ./OS/Task_LegCtrl.o
 .comment       0x0000000000000033       0x34 ./FreeRTOS/portable/MemMang/heap_4.o
 .comment       0x0000000000000033       0x34 ./FreeRTOS/portable/GCC/RISC-V/port.o
 .comment       0x0000000000000033       0x34 ./FreeRTOS/list.o
 .comment       0x0000000000000033       0x34 ./FreeRTOS/queue.o
 .comment       0x0000000000000033       0x34 ./FreeRTOS/tasks.o
 .comment       0x0000000000000033       0x34 ./FreeRTOS/timers.o
 .comment       0x0000000000000033       0x34 ./Debug/debug.o
 .comment       0x0000000000000033       0x34 ./BSP/CAN.o
 .comment       0x0000000000000033       0x34 ./BSP/UART.o

.debug_frame    0x0000000000000000     0x2888
 .debug_frame   0x0000000000000000       0x30 ./User/ch32v30x_it.o
 .debug_frame   0x0000000000000030       0x2c ./User/main.o
 .debug_frame   0x000000000000005c       0x3c ./User/system_ch32v30x.o
 .debug_frame   0x0000000000000098      0x19c ./Peripheral/src/ch32v30x_can.o
 .debug_frame   0x0000000000000234       0xd8 ./Peripheral/src/ch32v30x_dma.o
 .debug_frame   0x000000000000030c      0x174 ./Peripheral/src/ch32v30x_gpio.o
 .debug_frame   0x0000000000000480       0x30 ./Peripheral/src/ch32v30x_misc.o
 .debug_frame   0x00000000000004b0      0x344 ./Peripheral/src/ch32v30x_rcc.o
 .debug_frame   0x00000000000007f4      0x1e4 ./Peripheral/src/ch32v30x_usart.o
 .debug_frame   0x00000000000009d8       0x44 ./OS/OS_Entry.o
 .debug_frame   0x0000000000000a1c       0x2c ./OS/OS_objects.o
 .debug_frame   0x0000000000000a48       0x8c ./OS/Task_BackCtrl.o
 .debug_frame   0x0000000000000ad4       0x88 ./OS/Task_LegCtrl.o
 .debug_frame   0x0000000000000b5c       0xc8 ./FreeRTOS/portable/MemMang/heap_4.o
 .debug_frame   0x0000000000000c24       0xac ./FreeRTOS/portable/GCC/RISC-V/port.o
 .debug_frame   0x0000000000000cd0       0x60 ./FreeRTOS/list.o
 .debug_frame   0x0000000000000d30      0x4c0 ./FreeRTOS/queue.o
 .debug_frame   0x00000000000011f0      0x740 ./FreeRTOS/tasks.o
 .debug_frame   0x0000000000001930      0x2c8 ./FreeRTOS/timers.o
 .debug_frame   0x0000000000001bf8       0xb8 ./Debug/debug.o
 .debug_frame   0x0000000000001cb0       0xf0 ./BSP/CAN.o
 .debug_frame   0x0000000000001da0      0x208 ./BSP/UART.o
 .debug_frame   0x0000000000001fa8       0x20 d:/mounriver_studio2/resources/app/resources/win32/components/wch/toolchain/risc-v embedded gcc/bin/../lib/gcc/riscv-none-embed/8.2.0/../../../../riscv-none-embed/lib/rv32imacxw/ilp32\libg_nano.a(lib_a-memcpy.o)
 .debug_frame   0x0000000000001fc8       0x54 d:/mounriver_studio2/resources/app/resources/win32/components/wch/toolchain/risc-v embedded gcc/bin/../lib/gcc/riscv-none-embed/8.2.0/../../../../riscv-none-embed/lib/rv32imacxw/ilp32\libg_nano.a(lib_a-printf.o)
 .debug_frame   0x000000000000201c       0x50 d:/mounriver_studio2/resources/app/resources/win32/components/wch/toolchain/risc-v embedded gcc/bin/../lib/gcc/riscv-none-embed/8.2.0/../../../../riscv-none-embed/lib/rv32imacxw/ilp32\libg_nano.a(lib_a-wbuf.o)
 .debug_frame   0x000000000000206c       0x3c d:/mounriver_studio2/resources/app/resources/win32/components/wch/toolchain/risc-v embedded gcc/bin/../lib/gcc/riscv-none-embed/8.2.0/../../../../riscv-none-embed/lib/rv32imacxw/ilp32\libg_nano.a(lib_a-wsetup.o)
 .debug_frame   0x00000000000020a8       0x7c d:/mounriver_studio2/resources/app/resources/win32/components/wch/toolchain/risc-v embedded gcc/bin/../lib/gcc/riscv-none-embed/8.2.0/../../../../riscv-none-embed/lib/rv32imacxw/ilp32\libg_nano.a(lib_a-fflush.o)
 .debug_frame   0x0000000000002124      0x148 d:/mounriver_studio2/resources/app/resources/win32/components/wch/toolchain/risc-v embedded gcc/bin/../lib/gcc/riscv-none-embed/8.2.0/../../../../riscv-none-embed/lib/rv32imacxw/ilp32\libg_nano.a(lib_a-findfp.o)
 .debug_frame   0x000000000000226c       0x88 d:/mounriver_studio2/resources/app/resources/win32/components/wch/toolchain/risc-v embedded gcc/bin/../lib/gcc/riscv-none-embed/8.2.0/../../../../riscv-none-embed/lib/rv32imacxw/ilp32\libg_nano.a(lib_a-fwalk.o)
 .debug_frame   0x00000000000022f4       0x64 d:/mounriver_studio2/resources/app/resources/win32/components/wch/toolchain/risc-v embedded gcc/bin/../lib/gcc/riscv-none-embed/8.2.0/../../../../riscv-none-embed/lib/rv32imacxw/ilp32\libg_nano.a(lib_a-makebuf.o)
 .debug_frame   0x0000000000002358       0x40 d:/mounriver_studio2/resources/app/resources/win32/components/wch/toolchain/risc-v embedded gcc/bin/../lib/gcc/riscv-none-embed/8.2.0/../../../../riscv-none-embed/lib/rv32imacxw/ilp32\libg_nano.a(lib_a-nano-freer.o)
 .debug_frame   0x0000000000002398       0x40 d:/mounriver_studio2/resources/app/resources/win32/components/wch/toolchain/risc-v embedded gcc/bin/../lib/gcc/riscv-none-embed/8.2.0/../../../../riscv-none-embed/lib/rv32imacxw/ilp32\libg_nano.a(lib_a-nano-mallocr.o)
 .debug_frame   0x00000000000023d8       0xd0 d:/mounriver_studio2/resources/app/resources/win32/components/wch/toolchain/risc-v embedded gcc/bin/../lib/gcc/riscv-none-embed/8.2.0/../../../../riscv-none-embed/lib/rv32imacxw/ilp32\libg_nano.a(lib_a-nano-vfprintf.o)
 .debug_frame   0x00000000000024a8       0x8c d:/mounriver_studio2/resources/app/resources/win32/components/wch/toolchain/risc-v embedded gcc/bin/../lib/gcc/riscv-none-embed/8.2.0/../../../../riscv-none-embed/lib/rv32imacxw/ilp32\libg_nano.a(lib_a-nano-vfprintf_i.o)
 .debug_frame   0x0000000000002534       0x30 d:/mounriver_studio2/resources/app/resources/win32/components/wch/toolchain/risc-v embedded gcc/bin/../lib/gcc/riscv-none-embed/8.2.0/../../../../riscv-none-embed/lib/rv32imacxw/ilp32\libg_nano.a(lib_a-sbrkr.o)
 .debug_frame   0x0000000000002564       0xa4 d:/mounriver_studio2/resources/app/resources/win32/components/wch/toolchain/risc-v embedded gcc/bin/../lib/gcc/riscv-none-embed/8.2.0/../../../../riscv-none-embed/lib/rv32imacxw/ilp32\libg_nano.a(lib_a-stdio.o)
 .debug_frame   0x0000000000002608       0x30 d:/mounriver_studio2/resources/app/resources/win32/components/wch/toolchain/risc-v embedded gcc/bin/../lib/gcc/riscv-none-embed/8.2.0/../../../../riscv-none-embed/lib/rv32imacxw/ilp32\libg_nano.a(lib_a-writer.o)
 .debug_frame   0x0000000000002638       0x30 d:/mounriver_studio2/resources/app/resources/win32/components/wch/toolchain/risc-v embedded gcc/bin/../lib/gcc/riscv-none-embed/8.2.0/../../../../riscv-none-embed/lib/rv32imacxw/ilp32\libg_nano.a(lib_a-closer.o)
 .debug_frame   0x0000000000002668       0x30 d:/mounriver_studio2/resources/app/resources/win32/components/wch/toolchain/risc-v embedded gcc/bin/../lib/gcc/riscv-none-embed/8.2.0/../../../../riscv-none-embed/lib/rv32imacxw/ilp32\libg_nano.a(lib_a-fstatr.o)
 .debug_frame   0x0000000000002698       0x30 d:/mounriver_studio2/resources/app/resources/win32/components/wch/toolchain/risc-v embedded gcc/bin/../lib/gcc/riscv-none-embed/8.2.0/../../../../riscv-none-embed/lib/rv32imacxw/ilp32\libg_nano.a(lib_a-isattyr.o)
 .debug_frame   0x00000000000026c8       0x30 d:/mounriver_studio2/resources/app/resources/win32/components/wch/toolchain/risc-v embedded gcc/bin/../lib/gcc/riscv-none-embed/8.2.0/../../../../riscv-none-embed/lib/rv32imacxw/ilp32\libg_nano.a(lib_a-lseekr.o)
 .debug_frame   0x00000000000026f8       0x20 d:/mounriver_studio2/resources/app/resources/win32/components/wch/toolchain/risc-v embedded gcc/bin/../lib/gcc/riscv-none-embed/8.2.0/../../../../riscv-none-embed/lib/rv32imacxw/ilp32\libg_nano.a(lib_a-memchr.o)
 .debug_frame   0x0000000000002718       0x30 d:/mounriver_studio2/resources/app/resources/win32/components/wch/toolchain/risc-v embedded gcc/bin/../lib/gcc/riscv-none-embed/8.2.0/../../../../riscv-none-embed/lib/rv32imacxw/ilp32\libg_nano.a(lib_a-mlock.o)
 .debug_frame   0x0000000000002748       0x30 d:/mounriver_studio2/resources/app/resources/win32/components/wch/toolchain/risc-v embedded gcc/bin/../lib/gcc/riscv-none-embed/8.2.0/../../../../riscv-none-embed/lib/rv32imacxw/ilp32\libg_nano.a(lib_a-readr.o)
 .debug_frame   0x0000000000002778       0x70 d:/mounriver_studio2/resources/app/resources/win32/components/wch/toolchain/risc-v embedded gcc/bin/../lib/gcc/riscv-none-embed/8.2.0/../../../../riscv-none-embed/lib/rv32imacxw/ilp32\libg_nano.a(lib_a-reent.o)
 .debug_frame   0x00000000000027e8       0x20 d:/mounriver_studio2/resources/app/resources/win32/components/wch/toolchain/risc-v embedded gcc/bin/../lib/gcc/riscv-none-embed/8.2.0/../../../../riscv-none-embed/lib/rv32imacxw/ilp32\libnosys.a(close.o)
 .debug_frame   0x0000000000002808       0x20 d:/mounriver_studio2/resources/app/resources/win32/components/wch/toolchain/risc-v embedded gcc/bin/../lib/gcc/riscv-none-embed/8.2.0/../../../../riscv-none-embed/lib/rv32imacxw/ilp32\libnosys.a(fstat.o)
 .debug_frame   0x0000000000002828       0x20 d:/mounriver_studio2/resources/app/resources/win32/components/wch/toolchain/risc-v embedded gcc/bin/../lib/gcc/riscv-none-embed/8.2.0/../../../../riscv-none-embed/lib/rv32imacxw/ilp32\libnosys.a(isatty.o)
 .debug_frame   0x0000000000002848       0x20 d:/mounriver_studio2/resources/app/resources/win32/components/wch/toolchain/risc-v embedded gcc/bin/../lib/gcc/riscv-none-embed/8.2.0/../../../../riscv-none-embed/lib/rv32imacxw/ilp32\libnosys.a(lseek.o)
 .debug_frame   0x0000000000002868       0x20 d:/mounriver_studio2/resources/app/resources/win32/components/wch/toolchain/risc-v embedded gcc/bin/../lib/gcc/riscv-none-embed/8.2.0/../../../../riscv-none-embed/lib/rv32imacxw/ilp32\libnosys.a(read.o)

.debug_loc      0x0000000000000000     0x8250
 .debug_loc     0x0000000000000000      0x163 ./User/system_ch32v30x.o
 .debug_loc     0x0000000000000163      0x999 ./Peripheral/src/ch32v30x_can.o
 .debug_loc     0x0000000000000afc      0x19a ./Peripheral/src/ch32v30x_dma.o
 .debug_loc     0x0000000000000c96      0x72b ./Peripheral/src/ch32v30x_gpio.o
 .debug_loc     0x00000000000013c1       0x47 ./Peripheral/src/ch32v30x_misc.o
 .debug_loc     0x0000000000001408      0xadb ./Peripheral/src/ch32v30x_rcc.o
 .debug_loc     0x0000000000001ee3      0x779 ./Peripheral/src/ch32v30x_usart.o
 .debug_loc     0x000000000000265c       0x42 ./OS/OS_Entry.o
 .debug_loc     0x000000000000269e      0x12c ./OS/Task_BackCtrl.o
 .debug_loc     0x00000000000027ca      0x12c ./OS/Task_LegCtrl.o
 .debug_loc     0x00000000000028f6      0x330 ./FreeRTOS/portable/MemMang/heap_4.o
 .debug_loc     0x0000000000002c26       0xad ./FreeRTOS/portable/GCC/RISC-V/port.o
 .debug_loc     0x0000000000002cd3       0x94 ./FreeRTOS/list.o
 .debug_loc     0x0000000000002d67     0x1b49 ./FreeRTOS/queue.o
 .debug_loc     0x00000000000048b0     0x283e ./FreeRTOS/tasks.o
 .debug_loc     0x00000000000070ee      0xe7e ./FreeRTOS/timers.o
 .debug_loc     0x0000000000007f6c      0x177 ./Debug/debug.o
 .debug_loc     0x00000000000080e3       0x28 ./BSP/CAN.o
 .debug_loc     0x000000000000810b      0x145 ./BSP/UART.o

.stab           0x0000000000000000       0x84
 .stab          0x0000000000000000       0x24 d:/mounriver_studio2/resources/app/resources/win32/components/wch/toolchain/risc-v embedded gcc/bin/../lib/gcc/riscv-none-embed/8.2.0/../../../../riscv-none-embed/lib/rv32imacxw/ilp32\libnosys.a(close.o)
 .stab          0x0000000000000024       0x18 d:/mounriver_studio2/resources/app/resources/win32/components/wch/toolchain/risc-v embedded gcc/bin/../lib/gcc/riscv-none-embed/8.2.0/../../../../riscv-none-embed/lib/rv32imacxw/ilp32\libnosys.a(fstat.o)
                                         0x24 (size before relaxing)
 .stab          0x000000000000003c       0x18 d:/mounriver_studio2/resources/app/resources/win32/components/wch/toolchain/risc-v embedded gcc/bin/../lib/gcc/riscv-none-embed/8.2.0/../../../../riscv-none-embed/lib/rv32imacxw/ilp32\libnosys.a(isatty.o)
                                         0x24 (size before relaxing)
 .stab          0x0000000000000054       0x18 d:/mounriver_studio2/resources/app/resources/win32/components/wch/toolchain/risc-v embedded gcc/bin/../lib/gcc/riscv-none-embed/8.2.0/../../../../riscv-none-embed/lib/rv32imacxw/ilp32\libnosys.a(lseek.o)
                                         0x24 (size before relaxing)
 .stab          0x000000000000006c       0x18 d:/mounriver_studio2/resources/app/resources/win32/components/wch/toolchain/risc-v embedded gcc/bin/../lib/gcc/riscv-none-embed/8.2.0/../../../../riscv-none-embed/lib/rv32imacxw/ilp32\libnosys.a(read.o)
                                         0x24 (size before relaxing)

.stabstr        0x0000000000000000      0x117
 .stabstr       0x0000000000000000      0x117 d:/mounriver_studio2/resources/app/resources/win32/components/wch/toolchain/risc-v embedded gcc/bin/../lib/gcc/riscv-none-embed/8.2.0/../../../../riscv-none-embed/lib/rv32imacxw/ilp32\libnosys.a(close.o)